<?xml version="1.0" encoding="UTF-8"?>
<map:map xmlns:map="http://www.indy.com/v2/map" id="_PeTuYJt_Ee-DKYFre3OFCQ" internalVersion="8" tech="resource.tech#_waYSMH8VEd2__Mzb_dB76A?fileId=_waYSMH8VEd2__Mzb_dB76A$type=tech$name=flow?">
  <datastore id="_TrAYUJt_Ee-DKYFre3OFCQ" alias="gd_t_ti_tiers" dataset="_TreSYJt_Ee-DKYFre3OFCQ" ref="resource.md#_K7tTtprAEe-7z7pmqdWxtw?fileId=_RxpisJq-Ee-7z7pmqdWxtw$type=md$name=gd_t_ti_tiers?">
    <field id="_TrSFIJt_Ee-DKYFre3OFCQ" name="duns" ref="resource.md#_K7tUdprAEe-7z7pmqdWxtw?fileId=_RxpisJq-Ee-7z7pmqdWxtw$type=md$name=duns?"/>
    <field id="_TrTTRJt_Ee-DKYFre3OFCQ" name="id_fiscal" ref="resource.md#_K7tVGJrAEe-7z7pmqdWxtw?fileId=_RxpisJq-Ee-7z7pmqdWxtw$type=md$name=id_fiscal?"/>
    <field id="_TrWWlZt_Ee-DKYFre3OFCQ" name="flg_doublondetecte" ref="resource.md#_K7t685rAEe-7z7pmqdWxtw?fileId=_RxpisJq-Ee-7z7pmqdWxtw$type=md$name=flg_doublondetecte?"/>
    <field id="_TrQ3Bpt_Ee-DKYFre3OFCQ" name="raison_sociale_abregee" ref="resource.md#_K7tUJZrAEe-7z7pmqdWxtw?fileId=_RxpisJq-Ee-7z7pmqdWxtw$type=md$name=raison_sociale_abregee?"/>
    <field id="_TrReEJt_Ee-DKYFre3OFCQ" name="date_creation_societe" ref="resource.md#_K7tUN5rAEe-7z7pmqdWxtw?fileId=_RxpisJq-Ee-7z7pmqdWxtw$type=md$name=date_creation_societe?"/>
    <field id="_TrQ3BJt_Ee-DKYFre3OFCQ" name="raison_sociale" ref="resource.md#_K7tUE5rAEe-7z7pmqdWxtw?fileId=_RxpisJq-Ee-7z7pmqdWxtw$type=md$name=raison_sociale?"/>
    <field id="_TrXks5t_Ee-DKYFre3OFCQ" name="nic" ref="resource.md#_K7t7O5rAEe-7z7pmqdWxtw?fileId=_RxpisJq-Ee-7z7pmqdWxtw$type=md$name=nic?"/>
    <field id="_TrSFJJt_Ee-DKYFre3OFCQ" name="code_tahiti" ref="resource.md#_K7tUmprAEe-7z7pmqdWxtw?fileId=_RxpisJq-Ee-7z7pmqdWxtw$type=md$name=code_tahiti?"/>
    <field id="_TrSsNZt_Ee-DKYFre3OFCQ" name="nom_usuel" ref="resource.md#_K7tU4prAEe-7z7pmqdWxtw?fileId=_RxpisJq-Ee-7z7pmqdWxtw$type=md$name=nom_usuel?"/>
    <field id="_TrQ3B5t_Ee-DKYFre3OFCQ" name="sigle_societe" ref="resource.md#_K7tULprAEe-7z7pmqdWxtw?fileId=_RxpisJq-Ee-7z7pmqdWxtw$type=md$name=sigle_societe?"/>
    <field id="_TrReEZt_Ee-DKYFre3OFCQ" name="nom_commercial" ref="resource.md#_K7tUQJrAEe-7z7pmqdWxtw?fileId=_RxpisJq-Ee-7z7pmqdWxtw$type=md$name=nom_commercial?"/>
    <field id="_TrSFIpt_Ee-DKYFre3OFCQ" name="registre_commerciale" ref="resource.md#_K7tUiJrAEe-7z7pmqdWxtw?fileId=_RxpisJq-Ee-7z7pmqdWxtw$type=md$name=registre_commerciale?"/>
    <field id="_TrVvgJt_Ee-DKYFre3OFCQ" name="f_motif_rejet_doublon" ref="resource.md#_K7tV3prAEe-7z7pmqdWxtw?fileId=_RxpisJq-Ee-7z7pmqdWxtw$type=md$name=f_motif_rejet_doublon?"/>
    <field id="_TrReEpt_Ee-DKYFre3OFCQ" name="objet_social" ref="resource.md#_K7tUSZrAEe-7z7pmqdWxtw?fileId=_RxpisJq-Ee-7z7pmqdWxtw$type=md$name=objet_social?"/>
    <field id="_TrVIdpt_Ee-DKYFre3OFCQ" name="f_canal_acheminement" ref="resource.md#_K7tV1ZrAEe-7z7pmqdWxtw?fileId=_RxpisJq-Ee-7z7pmqdWxtw$type=md$name=f_canal_acheminement?"/>
    <field id="_TrReFpt_Ee-DKYFre3OFCQ" name="entreprise_cotee" ref="resource.md#_K7tUbZrAEe-7z7pmqdWxtw?fileId=_RxpisJq-Ee-7z7pmqdWxtw$type=md$name=entreprise_cotee?"/>
    <field id="_TrSFI5t_Ee-DKYFre3OFCQ" name="code_ridet" ref="resource.md#_K7tUkZrAEe-7z7pmqdWxtw?fileId=_RxpisJq-Ee-7z7pmqdWxtw$type=md$name=code_ridet?"/>
    <field id="_TrYLxZt_Ee-DKYFre3OFCQ" name="f_code_naf" ref="resource.md#_K7t7nprAEe-7z7pmqdWxtw?fileId=_RxpisJq-Ee-7z7pmqdWxtw$type=md$name=f_code_naf?"/>
    <field id="_TrTTQJt_Ee-DKYFre3OFCQ" name="prenom1" ref="resource.md#_K7tU9JrAEe-7z7pmqdWxtw?fileId=_RxpisJq-Ee-7z7pmqdWxtw$type=md$name=prenom1?"/>
    <field id="_TrXksJt_Ee-DKYFre3OFCQ" name="tec_nom_voie_siege_social" ref="resource.md#_K7t7IJrAEe-7z7pmqdWxtw?fileId=_RxpisJq-Ee-7z7pmqdWxtw$type=md$name=tec_nom_voie_siege_social?"/>
    <field id="_TrQ3A5t_Ee-DKYFre3OFCQ" name="date_revision_previsionne" ref="resource.md#_K7tUCprAEe-7z7pmqdWxtw?fileId=_RxpisJq-Ee-7z7pmqdWxtw$type=md$name=date_revision_previsionne?"/>
    <field id="_TrSsNpt_Ee-DKYFre3OFCQ" name="nom_naissance" ref="resource.md#_K7tU65rAEe-7z7pmqdWxtw?fileId=_RxpisJq-Ee-7z7pmqdWxtw$type=md$name=nom_naissance?"/>
    <field id="_TrVIdJt_Ee-DKYFre3OFCQ" name="f_type_tiers" ref="resource.md#_K7tVw5rAEe-7z7pmqdWxtw?fileId=_RxpisJq-Ee-7z7pmqdWxtw$type=md$name=f_type_tiers?"/>
    <field id="_TrXkt5t_Ee-DKYFre3OFCQ" name="f_entite" ref="resource.md#_K7t7X5rAEe-7z7pmqdWxtw?fileId=_RxpisJq-Ee-7z7pmqdWxtw$type=md$name=f_entite?"/>
    <field id="_TrQ3AJt_Ee-DKYFre3OFCQ" name="b_updator" ref="resource.md#_K7tT75rAEe-7z7pmqdWxtw?fileId=_RxpisJq-Ee-7z7pmqdWxtw$type=md$name=b_updator?"/>
    <field id="_TrYLwJt_Ee-DKYFre3OFCQ" name="f_categorie_juridique" ref="resource.md#_K7t7cZrAEe-7z7pmqdWxtw?fileId=_RxpisJq-Ee-7z7pmqdWxtw$type=md$name=f_categorie_juridique?"/>
    <field id="_TrUhZZt_Ee-DKYFre3OFCQ" name="f_code_nace" ref="resource.md#_K7tVlprAEe-7z7pmqdWxtw?fileId=_RxpisJq-Ee-7z7pmqdWxtw$type=md$name=f_code_nace?"/>
    <field id="_TrUhY5t_Ee-DKYFre3OFCQ" name="f_categorie_cofinancier" ref="resource.md#_K7tVhJrAEe-7z7pmqdWxtw?fileId=_RxpisJq-Ee-7z7pmqdWxtw$type=md$name=f_categorie_cofinancier?"/>
    <field id="_TrSsMJt_Ee-DKYFre3OFCQ" name="num_immatriculation_pays_" ref="resource.md#_K7tUtZrAEe-7z7pmqdWxtw?fileId=_RxpisJq-Ee-7z7pmqdWxtw$type=md$name=num_immatriculation_pays_?"/>
    <field id="_TrTTQ5t_Ee-DKYFre3OFCQ" name="ville_naissance" ref="resource.md#_K7tVD5rAEe-7z7pmqdWxtw?fileId=_RxpisJq-Ee-7z7pmqdWxtw$type=md$name=ville_naissance?"/>
    <field id="_TrXktJt_Ee-DKYFre3OFCQ" name="siret" ref="resource.md#_K7t7RJrAEe-7z7pmqdWxtw?fileId=_RxpisJq-Ee-7z7pmqdWxtw$type=md$name=siret?"/>
    <field id="_TrVvg5t_Ee-DKYFre3OFCQ" name="f_motif_rejet_screening" ref="resource.md#_K7tV-ZrAEe-7z7pmqdWxtw?fileId=_RxpisJq-Ee-7z7pmqdWxtw$type=md$name=f_motif_rejet_screening?"/>
    <field id="_TrXksZt_Ee-DKYFre3OFCQ" name="tec_code_postal_siege_soc" ref="resource.md#_K7t7KZrAEe-7z7pmqdWxtw?fileId=_RxpisJq-Ee-7z7pmqdWxtw$type=md$name=tec_code_postal_siege_soc?"/>
    <field id="_TrNzsJt_Ee-DKYFre3OFCQ" name="id_tiers" ref="resource.md#_K7tTuZrAEe-7z7pmqdWxtw?fileId=_RxpisJq-Ee-7z7pmqdWxtw$type=md$name=id_tiers?" updateKey="true"/>
    <field id="_TrWWlpt_Ee-DKYFre3OFCQ" name="tec_adresse_siege_social" ref="resource.md#_K7t6_JrAEe-7z7pmqdWxtw?fileId=_RxpisJq-Ee-7z7pmqdWxtw$type=md$name=tec_adresse_siege_social?"/>
    <field id="_TrUhZJt_Ee-DKYFre3OFCQ" name="f_sous_sous_section_naf" ref="resource.md#_K7tVjZrAEe-7z7pmqdWxtw?fileId=_RxpisJq-Ee-7z7pmqdWxtw$type=md$name=f_sous_sous_section_naf?"/>
    <field id="_TrWWkJt_Ee-DKYFre3OFCQ" name="f_pays_residence" ref="resource.md#_K7t6xprAEe-7z7pmqdWxtw?fileId=_RxpisJq-Ee-7z7pmqdWxtw$type=md$name=f_pays_residence?"/>
    <field id="_TrT6U5t_Ee-DKYFre3OFCQ" name="date_creation_tiers" ref="resource.md#_K7tVTprAEe-7z7pmqdWxtw?fileId=_RxpisJq-Ee-7z7pmqdWxtw$type=md$name=date_creation_tiers?"/>
    <field id="_TrReFJt_Ee-DKYFre3OFCQ" name="agence_entite" ref="resource.md#_K7tUW5rAEe-7z7pmqdWxtw?fileId=_RxpisJq-Ee-7z7pmqdWxtw$type=md$name=agence_entite?"/>
    <field id="_TrVIdZt_Ee-DKYFre3OFCQ" name="f_agent_economique" ref="resource.md#_K7tVzJrAEe-7z7pmqdWxtw?fileId=_RxpisJq-Ee-7z7pmqdWxtw$type=md$name=f_agent_economique?"/>
    <field id="_TrVvgZt_Ee-DKYFre3OFCQ" name="f_motifdesactivation" ref="resource.md#_K7tV55rAEe-7z7pmqdWxtw?fileId=_RxpisJq-Ee-7z7pmqdWxtw$type=md$name=f_motifdesactivation?"/>
    <field id="_TrWWkpt_Ee-DKYFre3OFCQ" name="f_pays_de_naissance" ref="resource.md#_K7t62JrAEe-7z7pmqdWxtw?fileId=_RxpisJq-Ee-7z7pmqdWxtw$type=md$name=f_pays_de_naissance?"/>
    <field id="_TrSsNJt_Ee-DKYFre3OFCQ" name="qualite" ref="resource.md#_K7tU2ZrAEe-7z7pmqdWxtw?fileId=_RxpisJq-Ee-7z7pmqdWxtw$type=md$name=qualite?"/>
    <field id="_TrXkuJt_Ee-DKYFre3OFCQ" name="tec_reset_statut" ref="resource.md#_K7t7aJrAEe-7z7pmqdWxtw?fileId=_RxpisJq-Ee-7z7pmqdWxtw$type=md$name=tec_reset_statut?"/>
    <field id="_TrQ3AZt_Ee-DKYFre3OFCQ" name="zone_geographique" ref="resource.md#_K7tT-JrAEe-7z7pmqdWxtw?fileId=_RxpisJq-Ee-7z7pmqdWxtw$type=md$name=zone_geographique?"/>
    <field id="_TrWWk5t_Ee-DKYFre3OFCQ" name="tec_nom_usuel_phone" ref="resource.md#_K7t64ZrAEe-7z7pmqdWxtw?fileId=_RxpisJq-Ee-7z7pmqdWxtw$type=md$name=tec_nom_usuel_phone?"/>
    <field id="_TrPo4Jt_Ee-DKYFre3OFCQ" name="b_classname" ref="resource.md#_K7tTwprAEe-7z7pmqdWxtw?fileId=_RxpisJq-Ee-7z7pmqdWxtw$type=md$name=b_classname?"/>
    <field id="_TrSsM5t_Ee-DKYFre3OFCQ" name="date_immatriculation" ref="resource.md#_K7tU0JrAEe-7z7pmqdWxtw?fileId=_RxpisJq-Ee-7z7pmqdWxtw$type=md$name=date_immatriculation?"/>
    <field id="_TrVvhJt_Ee-DKYFre3OFCQ" name="f_pays" ref="resource.md#_K7tWAprAEe-7z7pmqdWxtw?fileId=_RxpisJq-Ee-7z7pmqdWxtw$type=md$name=f_pays?"/>
    <field id="_TrT6Upt_Ee-DKYFre3OFCQ" name="date_retour_screening" ref="resource.md#_K7tVRZrAEe-7z7pmqdWxtw?fileId=_RxpisJq-Ee-7z7pmqdWxtw$type=md$name=date_retour_screening?"/>
    <field id="_TrW9oJt_Ee-DKYFre3OFCQ" name="tec_pays_siege_social" ref="resource.md#_K7t7BZrAEe-7z7pmqdWxtw?fileId=_RxpisJq-Ee-7z7pmqdWxtw$type=md$name=tec_pays_siege_social?"/>
    <field id="_TrQ3BZt_Ee-DKYFre3OFCQ" name="complement_raison_sociale" ref="resource.md#_K7tUHJrAEe-7z7pmqdWxtw?fileId=_RxpisJq-Ee-7z7pmqdWxtw$type=md$name=complement_raison_sociale?"/>
    <field id="_TrUhYZt_Ee-DKYFre3OFCQ" name="f_famille_cofinancier" ref="resource.md#_K7tVcprAEe-7z7pmqdWxtw?fileId=_RxpisJq-Ee-7z7pmqdWxtw$type=md$name=f_famille_cofinancier?"/>
    <field id="_TrSFJZt_Ee-DKYFre3OFCQ" name="code_rna" ref="resource.md#_K7tUo5rAEe-7z7pmqdWxtw?fileId=_RxpisJq-Ee-7z7pmqdWxtw$type=md$name=code_rna?"/>
    <field id="_TrYLwZt_Ee-DKYFre3OFCQ" name="f_cat_tiers" ref="resource.md#_K7t7eprAEe-7z7pmqdWxtw?fileId=_RxpisJq-Ee-7z7pmqdWxtw$type=md$name=f_cat_tiers?"/>
    <field id="_TrVIcpt_Ee-DKYFre3OFCQ" name="f_stpa" ref="resource.md#_K7tVsZrAEe-7z7pmqdWxtw?fileId=_RxpisJq-Ee-7z7pmqdWxtw$type=md$name=f_stpa?"/>
    <field id="_TrTTQZt_Ee-DKYFre3OFCQ" name="prenom2" ref="resource.md#_K7tU_ZrAEe-7z7pmqdWxtw?fileId=_RxpisJq-Ee-7z7pmqdWxtw$type=md$name=prenom2?"/>
    <field id="_TrUhYpt_Ee-DKYFre3OFCQ" name="f_groupe_cofinancier" ref="resource.md#_K7tVe5rAEe-7z7pmqdWxtw?fileId=_RxpisJq-Ee-7z7pmqdWxtw$type=md$name=f_groupe_cofinancier?"/>
    <field id="_TrYLwpt_Ee-DKYFre3OFCQ" name="f_regroupement_naf" ref="resource.md#_K7t7g5rAEe-7z7pmqdWxtw?fileId=_RxpisJq-Ee-7z7pmqdWxtw$type=md$name=f_regroupement_naf?"/>
    <field id="_TrT6VJt_Ee-DKYFre3OFCQ" name="date_desactivation" ref="resource.md#_K7tVV5rAEe-7z7pmqdWxtw?fileId=_RxpisJq-Ee-7z7pmqdWxtw$type=md$name=date_desactivation?"/>
    <field id="_TrXktpt_Ee-DKYFre3OFCQ" name="f_type_nature_relation" ref="resource.md#_K7t7VprAEe-7z7pmqdWxtw?fileId=_RxpisJq-Ee-7z7pmqdWxtw$type=md$name=f_type_nature_relation?"/>
    <field id="_TrVIcJt_Ee-DKYFre3OFCQ" name="f_code_pcs" ref="resource.md#_K7tVn5rAEe-7z7pmqdWxtw?fileId=_RxpisJq-Ee-7z7pmqdWxtw$type=md$name=f_code_pcs?"/>
    <field id="_TrSsMZt_Ee-DKYFre3OFCQ" name="num_tva_inter_communautai" ref="resource.md#_K7tUvprAEe-7z7pmqdWxtw?fileId=_RxpisJq-Ee-7z7pmqdWxtw$type=md$name=num_tva_inter_communautai?"/>
    <field id="_TrQP8pt_Ee-DKYFre3OFCQ" name="b_creator" ref="resource.md#_K7tT5prAEe-7z7pmqdWxtw?fileId=_RxpisJq-Ee-7z7pmqdWxtw$type=md$name=b_creator?"/>
    <field id="_TrYLw5t_Ee-DKYFre3OFCQ" name="f_section_naf" ref="resource.md#_K7t7jJrAEe-7z7pmqdWxtw?fileId=_RxpisJq-Ee-7z7pmqdWxtw$type=md$name=f_section_naf?"/>
    <field id="_TrT6UZt_Ee-DKYFre3OFCQ" name="date_envoi_screening" ref="resource.md#_K7tVPJrAEe-7z7pmqdWxtw?fileId=_RxpisJq-Ee-7z7pmqdWxtw$type=md$name=date_envoi_screening?"/>
    <field id="_TrVIc5t_Ee-DKYFre3OFCQ" name="f_categorie_tiers" ref="resource.md#_K7tVuprAEe-7z7pmqdWxtw?fileId=_RxpisJq-Ee-7z7pmqdWxtw$type=md$name=f_categorie_tiers?"/>
    <field id="_TrQP8Jt_Ee-DKYFre3OFCQ" name="b_credate" ref="resource.md#_K7tT1JrAEe-7z7pmqdWxtw?fileId=_RxpisJq-Ee-7z7pmqdWxtw$type=md$name=b_credate?"/>
    <field id="_TrReFZt_Ee-DKYFre3OFCQ" name="type_ong" ref="resource.md#_K7tUZJrAEe-7z7pmqdWxtw?fileId=_RxpisJq-Ee-7z7pmqdWxtw$type=md$name=type_ong?"/>
    <field id="_TrWWkZt_Ee-DKYFre3OFCQ" name="f_pays_immatriculation" ref="resource.md#_K7t6z5rAEe-7z7pmqdWxtw?fileId=_RxpisJq-Ee-7z7pmqdWxtw$type=md$name=f_pays_immatriculation?"/>
    <field id="_TrPo4Zt_Ee-DKYFre3OFCQ" name="b_batchid" ref="resource.md#_K7tTy5rAEe-7z7pmqdWxtw?fileId=_RxpisJq-Ee-7z7pmqdWxtw$type=md$name=b_batchid?"/>
    <field id="_TrTTQpt_Ee-DKYFre3OFCQ" name="date_naissance" ref="resource.md#_K7tVBprAEe-7z7pmqdWxtw?fileId=_RxpisJq-Ee-7z7pmqdWxtw$type=md$name=date_naissance?"/>
    <field id="_TrT6UJt_Ee-DKYFre3OFCQ" name="ok_screening" ref="resource.md#_K7tVM5rAEe-7z7pmqdWxtw?fileId=_RxpisJq-Ee-7z7pmqdWxtw$type=md$name=ok_screening?"/>
    <field id="_TrQ3Apt_Ee-DKYFre3OFCQ" name="date_revision_conformite" ref="resource.md#_K7tUAZrAEe-7z7pmqdWxtw?fileId=_RxpisJq-Ee-7z7pmqdWxtw$type=md$name=date_revision_conformite?"/>
    <field id="_TrTTRpt_Ee-DKYFre3OFCQ" name="donnee_ok" ref="resource.md#_K7tVKprAEe-7z7pmqdWxtw?fileId=_RxpisJq-Ee-7z7pmqdWxtw$type=md$name=donnee_ok?"/>
    <field id="_TrSFIZt_Ee-DKYFre3OFCQ" name="lei" ref="resource.md#_K7tUf5rAEe-7z7pmqdWxtw?fileId=_RxpisJq-Ee-7z7pmqdWxtw$type=md$name=lei?"/>
    <field id="_TrSsMpt_Ee-DKYFre3OFCQ" name="ville_immatriculation" ref="resource.md#_K7tUx5rAEe-7z7pmqdWxtw?fileId=_RxpisJq-Ee-7z7pmqdWxtw$type=md$name=ville_immatriculation?"/>
    <field id="_TrUhYJt_Ee-DKYFre3OFCQ" name="f_statut_tiers" ref="resource.md#_K7tVaZrAEe-7z7pmqdWxtw?fileId=_RxpisJq-Ee-7z7pmqdWxtw$type=md$name=f_statut_tiers?"/>
    <field id="_TrT6VZt_Ee-DKYFre3OFCQ" name="tec_raison_sociale_phone" ref="resource.md#_K7tVYJrAEe-7z7pmqdWxtw?fileId=_RxpisJq-Ee-7z7pmqdWxtw$type=md$name=tec_raison_sociale_phone?"/>
    <field id="_TrXktZt_Ee-DKYFre3OFCQ" name="f_type_role_nature_relation" ref="resource.md#_K7t7TZrAEe-7z7pmqdWxtw?fileId=_RxpisJq-Ee-7z7pmqdWxtw$type=md$name=f_type_role_nature_relation?"/>
    <field id="_TrSFJpt_Ee-DKYFre3OFCQ" name="appartenance_groupe" ref="resource.md#_K7tUrJrAEe-7z7pmqdWxtw?fileId=_RxpisJq-Ee-7z7pmqdWxtw$type=md$name=appartenance_groupe?"/>
    <field id="_TrXkspt_Ee-DKYFre3OFCQ" name="siren" ref="resource.md#_K7t7MprAEe-7z7pmqdWxtw?fileId=_RxpisJq-Ee-7z7pmqdWxtw$type=md$name=siren?"/>
    <field id="_TrYLxpt_Ee-DKYFre3OFCQ" name="flag_licence_bancaire" ref="resource.md#_K7t7p5rAEe-7z7pmqdWxtw?fileId=_RxpisJq-Ee-7z7pmqdWxtw$type=md$name=flag_licence_bancaire?"/>
    <field id="_TrTTRZt_Ee-DKYFre3OFCQ" name="document_ok" ref="resource.md#_K7tVIZrAEe-7z7pmqdWxtw?fileId=_RxpisJq-Ee-7z7pmqdWxtw$type=md$name=document_ok?"/>
    <field id="_TrYLxJt_Ee-DKYFre3OFCQ" name="f_sous_section_naf" ref="resource.md#_K7t7lZrAEe-7z7pmqdWxtw?fileId=_RxpisJq-Ee-7z7pmqdWxtw$type=md$name=f_sous_section_naf?"/>
    <field id="_TrVIcZt_Ee-DKYFre3OFCQ" name="f_classement_lme" ref="resource.md#_K7tVqJrAEe-7z7pmqdWxtw?fileId=_RxpisJq-Ee-7z7pmqdWxtw$type=md$name=f_classement_lme?"/>
    <field id="_TrWWlJt_Ee-DKYFre3OFCQ" name="tec_prenom1_phone" ref="resource.md#_K7t66prAEe-7z7pmqdWxtw?fileId=_RxpisJq-Ee-7z7pmqdWxtw$type=md$name=tec_prenom1_phone?"/>
    <field id="_TrW9opt_Ee-DKYFre3OFCQ" name="tec_num_voie_siege_social" ref="resource.md#_K7t7F5rAEe-7z7pmqdWxtw?fileId=_RxpisJq-Ee-7z7pmqdWxtw$type=md$name=tec_num_voie_siege_social?"/>
    <field id="_TrVvgpt_Ee-DKYFre3OFCQ" name="f_motif_exception" ref="resource.md#_K7tV8JrAEe-7z7pmqdWxtw?fileId=_RxpisJq-Ee-7z7pmqdWxtw$type=md$name=f_motif_exception?"/>
    <field id="_TrW9oZt_Ee-DKYFre3OFCQ" name="tec_ville_siege_social" ref="resource.md#_K7t7DprAEe-7z7pmqdWxtw?fileId=_RxpisJq-Ee-7z7pmqdWxtw$type=md$name=tec_ville_siege_social?"/>
    <field id="_TrQP8Zt_Ee-DKYFre3OFCQ" name="b_upddate" ref="resource.md#_K7tT3ZrAEe-7z7pmqdWxtw?fileId=_RxpisJq-Ee-7z7pmqdWxtw$type=md$name=b_upddate?"/>
    <field id="_TrVvhZt_Ee-DKYFre3OFCQ" name="f_pays_fiscal" ref="resource.md#_K7tWC5rAEe-7z7pmqdWxtw?fileId=_RxpisJq-Ee-7z7pmqdWxtw$type=md$name=f_pays_fiscal?"/>
    <field id="_TrReE5t_Ee-DKYFre3OFCQ" name="representation_local" ref="resource.md#_K7tUUprAEe-7z7pmqdWxtw?fileId=_RxpisJq-Ee-7z7pmqdWxtw$type=md$name=representation_local?"/>
    <constraint id="_TrYy0Jt_Ee-DKYFre3OFCQ" name="pkgd_t_ti_tiers" ref="resource.md#_K7t7sJrAEe-7z7pmqdWxtw?fileId=_RxpisJq-Ee-7z7pmqdWxtw$type=md$name=pkgd_t_ti_tiers?" reject="true"/>
  </datastore>
  <dataSet id="_TreSYJt_Ee-DKYFre3OFCQ">
    <container>_TrAYUJt_Ee-DKYFre3OFCQ</container>
  </dataSet>
  <hint/>
  <diagram><![CDATA[<?xml version="1.0" encoding="UTF-8"?>
<notation:Diagram xmi:version="2.0" xmlns:xmi="http://www.omg.org/XMI" xmlns:xsi="http://www.w3.org/2001/XMLSchema-instance" xmlns:map="http://www.indy.com/v2/map" xmlns:notation="http://www.eclipse.org/gmf/runtime/1.0.1/notation" xsi:schemaLocation="http://www.eclipse.org/gmf/runtime/1.0.1/notation " xmi:id="_PguwQJt_Ee-DKYFre3OFCQ" type="Map" measurementUnit="Pixel">
  <children xmi:type="notation:Shape" xmi:id="_TrvYIJt_Ee-DKYFre3OFCQ" type="2004" fontName="Segoe UI">
    <children xmi:type="notation:DecorationNode" xmi:id="_TrvYIpt_Ee-DKYFre3OFCQ" type="5005"/>
    <children xmi:type="notation:DecorationNode" xmi:id="_Trv_MJt_Ee-DKYFre3OFCQ" type="5007"/>
    <children xmi:type="notation:DecorationNode" xmi:id="_Trv_MZt_Ee-DKYFre3OFCQ" type="7003"/>
    <children xmi:type="notation:DecorationNode" xmi:id="_Trv_Mpt_Ee-DKYFre3OFCQ" type="7009"/>
    <children xmi:type="notation:BasicCompartment" xmi:id="_Trv_M5t_Ee-DKYFre3OFCQ" type="7004">
      <styles xmi:type="notation:SortingStyle" xmi:id="_Trv_NJt_Ee-DKYFre3OFCQ"/>
      <styles xmi:type="notation:FilteringStyle" xmi:id="_Trv_NZt_Ee-DKYFre3OFCQ"/>
    </children>
    <children xmi:type="notation:DecorationNode" xmi:id="_Trv_Npt_Ee-DKYFre3OFCQ" type="5009">
      <styles xmi:type="notation:DrawerStyle" xmi:id="_Trv_N5t_Ee-DKYFre3OFCQ"/>
    </children>
    <children xmi:type="notation:DecorationNode" xmi:id="_Trv_OJt_Ee-DKYFre3OFCQ" type="7005">
      <styles xmi:type="notation:SortingStyle" xmi:id="_Trv_OZt_Ee-DKYFre3OFCQ"/>
      <styles xmi:type="notation:FilteringStyle" xmi:id="_Trv_Opt_Ee-DKYFre3OFCQ"/>
    </children>
    <children xmi:type="notation:BasicCompartment" xmi:id="_Ts3ZgJt_Ee-DKYFre3OFCQ" type="7007"/>
    <children xmi:type="notation:DecorationNode" xmi:id="_Ts3ZgZt_Ee-DKYFre3OFCQ" type="5009">
      <styles xmi:type="notation:DrawerStyle" xmi:id="_Ts3Zgpt_Ee-DKYFre3OFCQ"/>
    </children>
    <element xmi:type="map:Datastore" href="resource.map#_TrAYUJt_Ee-DKYFre3OFCQ?fileId=_PeTuYJt_Ee-DKYFre3OFCQ$type=map?"/>
    <layoutConstraint xmi:type="notation:Bounds" xmi:id="_TrvYIZt_Ee-DKYFre3OFCQ" x="889" y="153"/>
  </children>
  <styles xmi:type="notation:DiagramStyle" xmi:id="_PguwQZt_Ee-DKYFre3OFCQ"/>
  <element xmi:type="map:Map" href="resource.map#_PeTuYJt_Ee-DKYFre3OFCQ?fileId=_PeTuYJt_Ee-DKYFre3OFCQ$type=map$name=FIFTI?"/>
</notation:Diagram>
]]></diagram>
</map:map>