<?xml version="1.0" encoding="UTF-8"?>
<map:map xmlns:map="http://www.indy.com/v2/map" id="_GEZOgNPvEe-ayYrzKU_LEQ" internalVersion="8" tech="resource.tech#_waYSMH8VEd2__Mzb_dB76A?fileId=_waYSMH8VEd2__Mzb_dB76A$type=tech$name=flow?">
  <datastore id="_U68zENPvEe-ayYrzKU_LEQ" alias="ConsommationSIOP" dataset="_e1BbIPBtEe-60dBp80p0Rg" ref="resource.md#_lWU10dPuEe-ayYrzKU_LEQ?fileId=_4ccnkNPtEe-ayYrzKU_LEQ$type=md$name=ConsommationSIOP?">
    <field id="_U7JAUNPvEe-ayYrzKU_LEQ" fullAlias="Value" name="Value" ref="resource.md#_NixrodPvEe-ayYrzKU_LEQ?fileId=_4ccnkNPtEe-ayYrzKU_LEQ$type=md?"/>
  </datastore>
  <datastore id="045afcf9-bfac-4c76-9719-9523d278336a" alias="sa_t_ti_identifiant_externe" dataset="_e1BbIfBtEe-60dBp80p0Rg" ref="resource.md#_lgFoyJq_Ee-7z7pmqdWxtw?fileId=_RxpisJq-Ee-7z7pmqdWxtw$type=md$name=sa_t_ti_identifiant_externe?" subExpression="[A]">
    <field id="43e93dab-35ce-44ff-9adb-1505c75ae6f9" fullAlias="b_deleteauthor" name="b_deleteauthor" ref="resource.md#_lgGOFZq_Ee-7z7pmqdWxtw?fileId=_RxpisJq-Ee-7z7pmqdWxtw$type=md$name=b_deleteauthor?">
      <expression id="a6ded88c-4c54-405a-bfe1-91f7d09e5efe" setDescriptorRef="811e0b2a-b9ca-4fb1-a2cf-99283b08453b">
        <expression></expression>
      </expression>
    </field>
    <field id="6bef6636-271f-4a12-b312-968e75d44ef4" enable="true" fullAlias="f_tiers" insert="true" name="f_tiers" ref="resource.md#_lgGOZpq_Ee-7z7pmqdWxtw?fileId=_RxpisJq-Ee-7z7pmqdWxtw$type=md$name=f_tiers?" update="true">
      <expression id="8b5516a5-355a-4617-84c6-c7d37fdd52e5" setDescriptorRef="811e0b2a-b9ca-4fb1-a2cf-99283b08453b">
        <expression>Deserializer.01_SIOP_JSON/idTiers</expression>
      </expression>
    </field>
    <field id="90ddb1fd-6549-4d73-9060-b017f37c8b22" enable="true" fullAlias="b_loadid" insert="true" name="b_loadid" ref="resource.md#_lgFo15q_Ee-7z7pmqdWxtw?fileId=_RxpisJq-Ee-7z7pmqdWxtw$type=md$name=b_loadid?" update="true" updateKey="true">
      <expression id="ee98373f-2cfb-41bc-96a5-4451193d1fbd" location="WRK" setDescriptorRef="811e0b2a-b9ca-4fb1-a2cf-99283b08453b">
        <expression>666</expression>
      </expression>
    </field>
    <field id="e55db666-982f-40ea-8823-9610b4dcb1fa" fullAlias="b_originalbatchid" name="b_originalbatchid" ref="resource.md#_lgGN35q_Ee-7z7pmqdWxtw?fileId=_RxpisJq-Ee-7z7pmqdWxtw$type=md$name=b_originalbatchid?">
      <expression id="bc62a645-9551-4798-8ff1-1b9378674484" setDescriptorRef="811e0b2a-b9ca-4fb1-a2cf-99283b08453b">
        <expression></expression>
      </expression>
    </field>
    <field id="e0aeee4e-c6e3-4786-8ce8-3ff8a194b769" fullAlias="b_operationid" name="b_operationid" ref="resource.md#_lgGN6Jq_Ee-7z7pmqdWxtw?fileId=_RxpisJq-Ee-7z7pmqdWxtw$type=md$name=b_operationid?">
      <expression id="d03b1f14-2fa1-41df-bb93-6343feaabbcf" setDescriptorRef="811e0b2a-b9ca-4fb1-a2cf-99283b08453b">
        <expression></expression>
      </expression>
    </field>
    <field id="38b21378-ff5b-4132-9485-8bcec3196b13" fullAlias="b_deletepath" name="b_deletepath" ref="resource.md#_lgGOJ5q_Ee-7z7pmqdWxtw?fileId=_RxpisJq-Ee-7z7pmqdWxtw$type=md$name=b_deletepath?">
      <expression id="ce6b6ecb-fb4d-411e-91da-4050fe1d67f9" setDescriptorRef="811e0b2a-b9ca-4fb1-a2cf-99283b08453b">
        <expression></expression>
      </expression>
    </field>
    <field id="e5fba99f-8090-47b4-8606-0cb75d7d64b7" fullAlias="b_dupsmergetarget" name="b_dupsmergetarget" ref="resource.md#_lgGN-pq_Ee-7z7pmqdWxtw?fileId=_RxpisJq-Ee-7z7pmqdWxtw$type=md$name=b_dupsmergetarget?">
      <expression id="c2300ba0-86ab-445d-acbb-fd81d44accea" setDescriptorRef="811e0b2a-b9ca-4fb1-a2cf-99283b08453b">
        <expression></expression>
      </expression>
    </field>
    <field id="89da2377-6bc7-4150-af7c-e048aeee5dae" fullAlias="fd_fournisseur_externe" name="fd_fournisseur_externe" ref="resource.md#_lgGOgZq_Ee-7z7pmqdWxtw?fileId=_RxpisJq-Ee-7z7pmqdWxtw$type=md$name=fd_fournisseur_externe?">
      <expression id="df165ae9-2562-4348-85cd-19e987496c85" setDescriptorRef="811e0b2a-b9ca-4fb1-a2cf-99283b08453b">
        <expression></expression>
      </expression>
    </field>
    <field id="15c2da4d-90dc-401d-86a8-b25f5cae6b35" fullAlias="b_dupsoperationid" name="b_dupsoperationid" ref="resource.md#_lgGN8Zq_Ee-7z7pmqdWxtw?fileId=_RxpisJq-Ee-7z7pmqdWxtw$type=md$name=b_dupsoperationid?">
      <expression id="bfc1e335-1ee7-4ab7-8bf1-31ca10c39eb2" setDescriptorRef="811e0b2a-b9ca-4fb1-a2cf-99283b08453b">
        <expression></expression>
      </expression>
    </field>
    <field id="2eb39005-e8cd-45b4-8e7d-35c225b65b20" enable="true" fullAlias="b_creator" insert="true" name="b_creator" ref="resource.md#_lgGOS5q_Ee-7z7pmqdWxtw?fileId=_RxpisJq-Ee-7z7pmqdWxtw$type=md$name=b_creator?" update="true">
      <expression id="ad9a5014-6a8a-442a-86ae-724e8890b2c7" setDescriptorRef="811e0b2a-b9ca-4fb1-a2cf-99283b08453b">
        <expression>'Xdi_user'</expression>
      </expression>
    </field>
    <field id="0aa827ec-01b0-492d-b060-cb345d67e601" fullAlias="b_copiedfrom" name="b_copiedfrom" ref="resource.md#_lgGOMJq_Ee-7z7pmqdWxtw?fileId=_RxpisJq-Ee-7z7pmqdWxtw$type=md$name=b_copiedfrom?">
      <expression id="6e44af1d-17e0-4f6a-8616-09126c8b0bae" setDescriptorRef="811e0b2a-b9ca-4fb1-a2cf-99283b08453b">
        <expression></expression>
      </expression>
    </field>
    <field id="d9c2d79c-7e12-4d69-a6a9-c69586bef449" enable="true" fullAlias="b_upddate" insert="true" name="b_upddate" ref="resource.md#_lgGOQpq_Ee-7z7pmqdWxtw?fileId=_RxpisJq-Ee-7z7pmqdWxtw$type=md$name=b_upddate?" update="true">
      <expression id="b7302f37-07d3-4f33-ab75-f938a20a5b71" setDescriptorRef="811e0b2a-b9ca-4fb1-a2cf-99283b08453b">
        <expression>current_date</expression>
      </expression>
    </field>
    <field id="e17612e4-fb58-4cf7-97d3-7820b938253c" enable="true" fullAlias="b_classname" insert="true" name="b_classname" ref="resource.md#_lgFo6Zq_Ee-7z7pmqdWxtw?fileId=_RxpisJq-Ee-7z7pmqdWxtw$type=md$name=b_classname?" update="true">
      <expression id="36fbf5f8-7114-4cd8-a032-95f9cbfdadd7" setDescriptorRef="811e0b2a-b9ca-4fb1-a2cf-99283b08453b">
        <expression>'IdentifiantExterne'</expression>
      </expression>
    </field>
    <field id="cdd77aa1-430d-4227-8e84-e5b7412af3f3" enable="true" fullAlias="b_updator" insert="true" name="b_updator" ref="resource.md#_lgGOVJq_Ee-7z7pmqdWxtw?fileId=_RxpisJq-Ee-7z7pmqdWxtw$type=md$name=b_updator?" update="true">
      <expression id="20caefee-975c-46ea-b745-9f75f04eb573" setDescriptorRef="811e0b2a-b9ca-4fb1-a2cf-99283b08453b">
        <expression>'Xdi_user' + Deserializer.field</expression>
      </expression>
    </field>
    <field id="79fe15f8-7128-4cb6-9a5c-60a9cf883af8" enable="true" fullAlias="id_identifiant_externe" insert="true" name="id_identifiant_externe" ref="resource.md#_lgFo4Jq_Ee-7z7pmqdWxtw?fileId=_RxpisJq-Ee-7z7pmqdWxtw$type=md$name=id_identifiant_externe?" update="true" updateKey="true">
      <expression id="e6aa7c28-a2ce-4f4a-9b87-451d6738fc62" setDescriptorRef="811e0b2a-b9ca-4fb1-a2cf-99283b08453b">
        <expression>666</expression>
      </expression>
    </field>
    <field id="b15825c9-1f7d-439c-a9d7-2f5e611d5f8a" fullAlias="b_deletedate" name="b_deletedate" ref="resource.md#_lgGODJq_Ee-7z7pmqdWxtw?fileId=_RxpisJq-Ee-7z7pmqdWxtw$type=md$name=b_deletedate?">
      <expression id="131cbdf0-06f3-4d67-bd3b-aee3b1cb53c3" setDescriptorRef="811e0b2a-b9ca-4fb1-a2cf-99283b08453b">
        <expression></expression>
      </expression>
    </field>
    <field id="08e5f666-cc3f-43f6-8bff-6fdb1c6654cb" fullAlias="b_deleteoperation" name="b_deleteoperation" ref="resource.md#_lgGOHpq_Ee-7z7pmqdWxtw?fileId=_RxpisJq-Ee-7z7pmqdWxtw$type=md$name=b_deleteoperation?">
      <expression id="ffd3004f-edb5-460b-9299-812db3ed849b" setDescriptorRef="811e0b2a-b9ca-4fb1-a2cf-99283b08453b">
        <expression></expression>
      </expression>
    </field>
    <field id="7ae6ffbd-7797-480d-8f5d-20f90f35f5bd" enable="true" fullAlias="ll_ref_tiers" insert="true" name="ll_ref_tiers" ref="resource.md#_lgGOXZq_Ee-7z7pmqdWxtw?fileId=_RxpisJq-Ee-7z7pmqdWxtw$type=md$name=ll_ref_tiers?" update="true">
      <expression id="f1943182-8ce1-4a70-8311-883151914de1" setDescriptorRef="811e0b2a-b9ca-4fb1-a2cf-99283b08453b">
        <expression>Deserializer.01_SIOP_JSON/idTiersPartenaire</expression>
      </expression>
    </field>
    <field id="1b411e26-55ca-4afd-88e7-b0003fd97463" fullAlias="b_deletetype" name="b_deletetype" ref="resource.md#_lgGOA5q_Ee-7z7pmqdWxtw?fileId=_RxpisJq-Ee-7z7pmqdWxtw$type=md$name=b_deletetype?">
      <expression id="76fb5c9e-5f07-47bb-ae9f-1dde0decbb96" setDescriptorRef="811e0b2a-b9ca-4fb1-a2cf-99283b08453b">
        <expression></expression>
      </expression>
    </field>
    <field id="15493559-6835-4cb0-8738-0ea88c2427bc" enable="true" fullAlias="b_credate" insert="true" name="b_credate" ref="resource.md#_lgGOOZq_Ee-7z7pmqdWxtw?fileId=_RxpisJq-Ee-7z7pmqdWxtw$type=md$name=b_credate?" update="true">
      <expression id="1282b676-f93d-45b6-8025-dbdace4ccf34" setDescriptorRef="811e0b2a-b9ca-4fb1-a2cf-99283b08453b">
        <expression>current_date</expression>
      </expression>
    </field>
    <field id="498da88c-f1a4-4d5e-b19e-42520cf19661" enable="true" fullAlias="f_fournisseur_externe" insert="true" name="f_fournisseur_externe" ref="resource.md#_lgGOeJq_Ee-7z7pmqdWxtw?fileId=_RxpisJq-Ee-7z7pmqdWxtw$type=md$name=f_fournisseur_externe?" update="true">
      <expression id="5923f840-7b94-4959-9146-662b100fad44" setDescriptorRef="811e0b2a-b9ca-4fb1-a2cf-99283b08453b">
        <expression>2</expression>
      </expression>
    </field>
    <field id="62e335b4-fc8c-49c6-9899-69d5f82561cf" fullAlias="b_error_status" name="b_error_status" ref="resource.md#_lgGN1pq_Ee-7z7pmqdWxtw?fileId=_RxpisJq-Ee-7z7pmqdWxtw$type=md$name=b_error_status?">
      <expression id="10e356da-a69e-4394-a434-cb467efb68e0" setDescriptorRef="811e0b2a-b9ca-4fb1-a2cf-99283b08453b">
        <expression></expression>
      </expression>
    </field>
    <field id="383dab81-1c23-4c91-869b-39cf812e9092" fullAlias="fd_tiers" name="fd_tiers" ref="resource.md#_lgGOb5q_Ee-7z7pmqdWxtw?fileId=_RxpisJq-Ee-7z7pmqdWxtw$type=md$name=fd_tiers?">
      <expression id="d3c39020-6c14-4845-8d67-16cad6ace7b1" setDescriptorRef="811e0b2a-b9ca-4fb1-a2cf-99283b08453b">
        <expression></expression>
      </expression>
    </field>
    <constraint id="5015654c-9340-42c5-8843-9706f6930c74" name="pksa_t_ti_identifiant_externe" ref="resource.md#_lgGOipq_Ee-7z7pmqdWxtw?fileId=_RxpisJq-Ee-7z7pmqdWxtw$type=md$name=pksa_t_ti_identifiant_externe?" reject="true"/>
    <setDescriptor id="811e0b2a-b9ca-4fb1-a2cf-99283b08453b" label="A"/>
  </datastore>
  <template id="_jHsbMNdIEe-ayYrzKU_LEQ" name="I_Deserializer" process="resource.proc#_SlUNwKF_Ee2jWs7Qup_M3Q?fileId=_SlUNwKF_Ee2jWs7Qup_M3Q$type=proc$name=DESERIALIZER%20PostgreSql%20String%20as%20Json?" targetId="_jHeYwNdIEe-ayYrzKU_LEQ"/>
  <template id="_qTf6kNdIEe-ayYrzKU_LEQ" name="L1_Deserializer" process="resource.proc#_yb2lIYwdEemzCNWUZUIuPg?fileId=_yb2lIYwdEemzCNWUZUIuPg$type=proc$name=LOAD%20Kafka%20to%20Rdbms?" sourceId="_U68zENPvEe-ayYrzKU_LEQ" targetId="_jHeYwNdIEe-ayYrzKU_LEQ"/>
  <template id="_7b-C4PBsEe-60dBp80p0Rg" name="I_sa_t_ti_identifiant_externe" process="resource.proc#_dQ2dRp4SEd6bQIkgWyxFQQ?fileId=_dQ2dRp4SEd6bQIkgWyxFQQ$type=proc$name=INTEGRATION%20PostgreSql?" targetId="045afcf9-bfac-4c76-9719-9523d278336a"/>
  <template id="_lx_0UPBtEe-60dBp80p0Rg" name="L1_sa_t_ti_identifiant_externe" process="resource.proc#_aafbe681-11ab-4ebc-ab56-de794128c580?fileId=_aafbe681-11ab-4ebc-ab56-de794128c580$type=proc$name=LOAD%20Rdbms%20to%20Rdbms?" sourceId="_jHeYwNdIEe-ayYrzKU_LEQ" targetId="045afcf9-bfac-4c76-9719-9523d278336a"/>
  <outliner id="_jHeYwNdIEe-ayYrzKU_LEQ" alias="Deserializer" dataset="_e1BbI_BtEe-60dBp80p0Rg" outputFieldsReference="resource.md#_nvojkNcwEe-ayYrzKU_LEQ?fileId=_np5vANcwEe-ayYrzKU_LEQ$type=md$name=01_SIOP_JSON?" stagingArea="resource.md#_BG69kLcUEe-0Xc913hdzrA?fileId=_BA9fgLcUEe-0Xc913hdzrA$type=md$name=Xdi_RefTiers?" subExpression="[A]">
    <field id="_-NcrENdJEe-ayYrzKU_LEQ" name="field">
      <expression id="_-NcrEddJEe-ayYrzKU_LEQ" location="WRK" setDescriptorRef="_jHeYwtdIEe-ayYrzKU_LEQ">
        <expression>substring(ConsommationSIOP.Value,0,10)</expression>
      </expression>
    </field>
    <inputField id="_jHeYwddIEe-ayYrzKU_LEQ" name="input">
      <expression id="_jHeYw9dIEe-ayYrzKU_LEQ" setDescriptorRef="_jHeYwtdIEe-ayYrzKU_LEQ">
        <expression>ConsommationSIOP.Value</expression>
      </expression>
    </inputField>
    <outputField id="_o0eX0ddIEe-ayYrzKU_LEQ" name="idTiers" parent="_o0dwwNdIEe-ayYrzKU_LEQ" ref="resource.md#_AYS7ZdcxEe-ayYrzKU_LEQ?fileId=_np5vANcwEe-ayYrzKU_LEQ$type=md$name=idTiers?"/>
    <outputField id="_o0dwwddIEe-ayYrzKU_LEQ" name="libellePartenaire" parent="_o0dwwNdIEe-ayYrzKU_LEQ" ref="resource.md#_AYS7adcxEe-ayYrzKU_LEQ?fileId=_np5vANcwEe-ayYrzKU_LEQ$type=md$name=libellePartenaire?"/>
    <outputField id="_o0dwwNdIEe-ayYrzKU_LEQ" expand="true" name="01_SIOP_JSON" ref="resource.md#_nvojkNcwEe-ayYrzKU_LEQ?fileId=_np5vANcwEe-ayYrzKU_LEQ$type=md$name=01_SIOP_JSON?" updateKey="true"/>
    <outputField id="_o0eX0NdIEe-ayYrzKU_LEQ" name="idTiersPartenaire" parent="_o0dwwNdIEe-ayYrzKU_LEQ" ref="resource.md#_AYS7Z9cxEe-ayYrzKU_LEQ?fileId=_np5vANcwEe-ayYrzKU_LEQ$type=md$name=idTiersPartenaire?"/>
    <setDescriptor id="_jHeYwtdIEe-ayYrzKU_LEQ" label="A"/>
  </outliner>
  <dataSet id="_e1BbIPBtEe-60dBp80p0Rg">
    <container>_U68zENPvEe-ayYrzKU_LEQ</container>
  </dataSet>
  <dataSet id="_e1BbIfBtEe-60dBp80p0Rg">
    <container>045afcf9-bfac-4c76-9719-9523d278336a</container>
  </dataSet>
  <dataSet id="_e1BbI_BtEe-60dBp80p0Rg">
    <container>_jHeYwNdIEe-ayYrzKU_LEQ</container>
  </dataSet>
  <hint>
    <usedField>#_U7JAUNPvEe-ayYrzKU_LEQ</usedField>
  </hint>
  <diagram><![CDATA[<?xml version="1.0" encoding="UTF-8"?>
<notation:Diagram xmi:version="2.0" xmlns:xmi="http://www.omg.org/XMI" xmlns:xsi="http://www.w3.org/2001/XMLSchema-instance" xmlns:map="http://www.indy.com/v2/map" xmlns:notation="http://www.eclipse.org/gmf/runtime/1.0.1/notation" xsi:schemaLocation="http://www.eclipse.org/gmf/runtime/1.0.1/notation " xmi:id="_GH3ZQNPvEe-ayYrzKU_LEQ" type="Map" measurementUnit="Pixel">
  <children xmi:type="notation:Shape" xmi:id="_U7Q8INPvEe-ayYrzKU_LEQ" type="2004" fontName="Segoe UI">
    <children xmi:type="notation:DecorationNode" xmi:id="_U7RjMNPvEe-ayYrzKU_LEQ" type="5005"/>
    <children xmi:type="notation:DecorationNode" xmi:id="_U7RjMdPvEe-ayYrzKU_LEQ" type="5007"/>
    <children xmi:type="notation:DecorationNode" xmi:id="_U7RjMtPvEe-ayYrzKU_LEQ" type="7003"/>
    <children xmi:type="notation:DecorationNode" xmi:id="_U7RjM9PvEe-ayYrzKU_LEQ" type="7009"/>
    <children xmi:type="notation:BasicCompartment" xmi:id="_U7RjNNPvEe-ayYrzKU_LEQ" type="7004">
      <styles xmi:type="notation:SortingStyle" xmi:id="_U7RjNdPvEe-ayYrzKU_LEQ"/>
      <styles xmi:type="notation:FilteringStyle" xmi:id="_U7RjNtPvEe-ayYrzKU_LEQ"/>
    </children>
    <children xmi:type="notation:DecorationNode" xmi:id="_U7RjN9PvEe-ayYrzKU_LEQ" type="5009">
      <styles xmi:type="notation:DrawerStyle" xmi:id="_U7RjONPvEe-ayYrzKU_LEQ"/>
    </children>
    <children xmi:type="notation:DecorationNode" xmi:id="_U7RjOdPvEe-ayYrzKU_LEQ" type="7005">
      <styles xmi:type="notation:SortingStyle" xmi:id="_U7RjOtPvEe-ayYrzKU_LEQ"/>
      <styles xmi:type="notation:FilteringStyle" xmi:id="_U7RjO9PvEe-ayYrzKU_LEQ"/>
    </children>
    <children xmi:type="notation:BasicCompartment" xmi:id="_U7YQ4NPvEe-ayYrzKU_LEQ" type="7007"/>
    <children xmi:type="notation:DecorationNode" xmi:id="_U7YQ4dPvEe-ayYrzKU_LEQ" type="5009">
      <styles xmi:type="notation:DrawerStyle" xmi:id="_U7YQ4tPvEe-ayYrzKU_LEQ"/>
    </children>
    <element xmi:type="map:Datastore" href="resource.map#_U68zENPvEe-ayYrzKU_LEQ?fileId=_GEZOgNPvEe-ayYrzKU_LEQ$type=map?"/>
    <layoutConstraint xmi:type="notation:Bounds" xmi:id="_U7Q8IdPvEe-ayYrzKU_LEQ" x="-20" y="208"/>
  </children>
  <children xmi:type="notation:Shape" xmi:id="_jIOmsNdIEe-ayYrzKU_LEQ" type="2009" fontName="Segoe UI">
    <children xmi:type="notation:DecorationNode" xmi:id="_jIPNwddIEe-ayYrzKU_LEQ" type="5090"/>
    <children xmi:type="notation:DecorationNode" xmi:id="_jIPNwtdIEe-ayYrzKU_LEQ" type="5007"/>
    <children xmi:type="notation:BasicCompartment" xmi:id="_jIPNw9dIEe-ayYrzKU_LEQ" type="7091"/>
    <children xmi:type="notation:BasicCompartment" xmi:id="_jIPNxNdIEe-ayYrzKU_LEQ" type="7093"/>
    <children xmi:type="notation:BasicCompartment" xmi:id="_jIPNxddIEe-ayYrzKU_LEQ" type="7092"/>
    <element xmi:type="map:Outliner" href="resource.map#_jHeYwNdIEe-ayYrzKU_LEQ?fileId=_GEZOgNPvEe-ayYrzKU_LEQ$type=map?"/>
    <layoutConstraint xmi:type="notation:Bounds" xmi:id="_jIPNwNdIEe-ayYrzKU_LEQ" x="288" y="128"/>
  </children>
  <children xmi:type="notation:Shape" xmi:id="_7cBtQPBsEe-60dBp80p0Rg" type="2004" fontName="Segoe UI">
    <children xmi:type="notation:DecorationNode" xmi:id="_7cBtQvBsEe-60dBp80p0Rg" type="5005"/>
    <children xmi:type="notation:DecorationNode" xmi:id="_7cBtQ_BsEe-60dBp80p0Rg" type="5007"/>
    <children xmi:type="notation:DecorationNode" xmi:id="_7cBtRPBsEe-60dBp80p0Rg" type="7003"/>
    <children xmi:type="notation:DecorationNode" xmi:id="_7cBtRfBsEe-60dBp80p0Rg" type="7009"/>
    <children xmi:type="notation:BasicCompartment" xmi:id="_7cBtRvBsEe-60dBp80p0Rg" type="7004">
      <styles xmi:type="notation:SortingStyle" xmi:id="_7cBtR_BsEe-60dBp80p0Rg"/>
      <styles xmi:type="notation:FilteringStyle" xmi:id="_7cBtSPBsEe-60dBp80p0Rg"/>
    </children>
    <children xmi:type="notation:DecorationNode" xmi:id="_7cBtSfBsEe-60dBp80p0Rg" type="5009">
      <styles xmi:type="notation:DrawerStyle" xmi:id="_7cBtSvBsEe-60dBp80p0Rg"/>
    </children>
    <children xmi:type="notation:DecorationNode" xmi:id="_7cBtS_BsEe-60dBp80p0Rg" type="7005">
      <styles xmi:type="notation:SortingStyle" xmi:id="_7cBtTPBsEe-60dBp80p0Rg"/>
      <styles xmi:type="notation:FilteringStyle" xmi:id="_7cBtTfBsEe-60dBp80p0Rg"/>
    </children>
    <children xmi:type="notation:BasicCompartment" xmi:id="_7cBtTvBsEe-60dBp80p0Rg" type="7007"/>
    <element xmi:type="map:Datastore" href="resource.map#045afcf9-bfac-4c76-9719-9523d278336a?fileId=_GEZOgNPvEe-ayYrzKU_LEQ$type=map?"/>
    <layoutConstraint xmi:type="notation:Bounds" xmi:id="_7cBtQfBsEe-60dBp80p0Rg" x="800" y="50"/>
  </children>
  <styles xmi:type="notation:DiagramStyle" xmi:id="_GH3ZQdPvEe-ayYrzKU_LEQ"/>
  <element xmi:type="map:Map" href="resource.map#_GEZOgNPvEe-ayYrzKU_LEQ?fileId=_GEZOgNPvEe-ayYrzKU_LEQ$type=map$name=00_retourSIOP?"/>
  <edges xmi:type="notation:Edge" xmi:id="_lNAh4NdIEe-ayYrzKU_LEQ" type="targetLink" source="_jIOmsNdIEe-ayYrzKU_LEQ" target="_U7Q8INPvEe-ayYrzKU_LEQ">
    <element xsi:nil="true"/>
    <bendpoints xmi:type="notation:RelativeBendpoints" xmi:id="_lNAh4ddIEe-ayYrzKU_LEQ" points="[-68, -32, 301, 140]$[-305, -142, 64, 30]"/>
  </edges>
  <edges xmi:type="notation:Edge" xmi:id="_lNBI8tdIEe-ayYrzKU_LEQ" type="targetSetLink" source="_jIOmsNdIEe-ayYrzKU_LEQ" target="_jIOmsNdIEe-ayYrzKU_LEQ">
    <element xmi:type="map:SetDescriptor" href="resource.map#_jHeYwtdIEe-ayYrzKU_LEQ?fileId=_GEZOgNPvEe-ayYrzKU_LEQ$type=map?"/>
    <bendpoints xmi:type="notation:RelativeBendpoints" xmi:id="_lNBI89dIEe-ayYrzKU_LEQ" points="[0, 0, 0, 0]$[0, 0, 0, 0]"/>
  </edges>
  <edges xmi:type="notation:Edge" xmi:id="_e1EecPBtEe-60dBp80p0Rg" type="targetDataSetLink" source="_jIOmsNdIEe-ayYrzKU_LEQ" target="_jIOmsNdIEe-ayYrzKU_LEQ">
    <element xmi:type="map:DataSet" href="resource.map#_e1BbIPBtEe-60dBp80p0Rg?fileId=_GEZOgNPvEe-ayYrzKU_LEQ$type=map?"/>
    <bendpoints xmi:type="notation:RelativeBendpoints" xmi:id="_e1EecfBtEe-60dBp80p0Rg" points="[0, 0, 0, 0]$[0, 0, 0, 0]"/>
  </edges>
  <edges xmi:type="notation:Edge" xmi:id="_lx9YEPBtEe-60dBp80p0Rg" type="targetLink" source="_7cBtQPBsEe-60dBp80p0Rg" target="_jIOmsNdIEe-ayYrzKU_LEQ">
    <element xsi:nil="true"/>
    <bendpoints xmi:type="notation:RelativeBendpoints" xmi:id="_lx9YEfBtEe-60dBp80p0Rg" points="[-239, -22, 306, 26]$[-338, -30, 207, 18]"/>
  </edges>
  <edges xmi:type="notation:Edge" xmi:id="_lx9_IPBtEe-60dBp80p0Rg" type="targetDataSetLink" source="_7cBtQPBsEe-60dBp80p0Rg" target="_7cBtQPBsEe-60dBp80p0Rg">
    <element xmi:type="map:DataSet" href="resource.map#_e1BbI_BtEe-60dBp80p0Rg?fileId=_GEZOgNPvEe-ayYrzKU_LEQ$type=map?"/>
    <bendpoints xmi:type="notation:RelativeBendpoints" xmi:id="_lx9_IfBtEe-60dBp80p0Rg" points="[0, 0, 0, 0]$[0, 0, 0, 0]"/>
  </edges>
  <edges xmi:type="notation:Edge" xmi:id="_lx9_IvBtEe-60dBp80p0Rg" type="targetSetLink" source="_7cBtQPBsEe-60dBp80p0Rg" target="_7cBtQPBsEe-60dBp80p0Rg">
    <element xmi:type="map:SetDescriptor" href="resource.map#811e0b2a-b9ca-4fb1-a2cf-99283b08453b?fileId=_GEZOgNPvEe-ayYrzKU_LEQ$type=map?"/>
    <bendpoints xmi:type="notation:RelativeBendpoints" xmi:id="_lx9_I_BtEe-60dBp80p0Rg" points="[0, 0, 0, 0]$[0, 0, 0, 0]"/>
  </edges>
</notation:Diagram>
]]></diagram>
</map:map>