<?xml version="1.0" encoding="UTF-8"?>
<map:map xmlns:map="http://www.indy.com/v2/map" id="_yjatALh1Ee-6BZFGswrzLA" internalVersion="8" tech="resource.tech#_waYSMH8VEd2__Mzb_dB76A?fileId=_waYSMH8VEd2__Mzb_dB76A$type=tech$name=flow?">
  <datastore id="_yjatAbh1Ee-6BZFGswrzLA" alias="sa_t_ti_tiers" dataset="_yjbVbLh1Ee-6BZFGswrzLA" ref="resource.md#_M_2MsLhvEe-6BZFGswrzLA?fileId=_F5IosLhvEe-6BZFGswrzLA$type=md$name=sa_t_ti_tiers?" subExpression="[A]">
    <field id="_yjatArh1Ee-6BZFGswrzLA" enable="true" insert="true" name="code_ridet" ref="resource.md#_NHOnEbhvEe-6BZFGswrzLA?fileId=_F5IosLhvEe-6BZFGswrzLA$type=md$name=code_ridet?" update="true">
      <expression id="_yjatA7h1Ee-6BZFGswrzLA" setDescriptorRef="_yjbVBLh1Ee-6BZFGswrzLA">
        <expression>gd_t_ti_tiers.code_ridet</expression>
      </expression>
    </field>
    <field id="_yjatBLh1Ee-6BZFGswrzLA" enable="true" insert="true" name="f_pays" ref="resource.md#_NOtvIbhvEe-6BZFGswrzLA?fileId=_F5IosLhvEe-6BZFGswrzLA$type=md$name=f_pays?" update="true">
      <expression id="_yjatBbh1Ee-6BZFGswrzLA" setDescriptorRef="_yjbVBLh1Ee-6BZFGswrzLA">
        <expression>gd_t_ti_tiers.f_pays</expression>
      </expression>
    </field>
    <field id="_yjatBrh1Ee-6BZFGswrzLA" enable="true" insert="true" name="entreprise_cotee" ref="resource.md#_NEqbQLhvEe-6BZFGswrzLA?fileId=_F5IosLhvEe-6BZFGswrzLA$type=md$name=entreprise_cotee?" update="true">
      <expression id="_yjatB7h1Ee-6BZFGswrzLA" setDescriptorRef="_yjbVBLh1Ee-6BZFGswrzLA">
        <expression>gd_t_ti_tiers.entreprise_cotee</expression>
      </expression>
    </field>
    <field id="_yjatCLh1Ee-6BZFGswrzLA" enable="false" name="fd_code_nace" ref="resource.md#_NL0zMbhvEe-6BZFGswrzLA?fileId=_F5IosLhvEe-6BZFGswrzLA$type=md$name=fd_code_nace?">
      <expression id="_yjatCbh1Ee-6BZFGswrzLA" setDescriptorRef="_yjbVBLh1Ee-6BZFGswrzLA">
        <expression></expression>
      </expression>
    </field>
    <field id="_yjatCrh1Ee-6BZFGswrzLA" enable="true" insert="true" name="date_revision_previsionne" ref="resource.md#_NDcTQLhvEe-6BZFGswrzLA?fileId=_F5IosLhvEe-6BZFGswrzLA$type=md$name=date_revision_previsionne?" update="true">
      <expression id="_yjatC7h1Ee-6BZFGswrzLA" setDescriptorRef="_yjbVBLh1Ee-6BZFGswrzLA">
        <expression>gd_t_ti_tiers.date_revision_previsionne</expression>
      </expression>
    </field>
    <field id="_yjatDLh1Ee-6BZFGswrzLA" enable="true" insert="true" name="f_section_naf" ref="resource.md#_NSrpILhvEe-6BZFGswrzLA?fileId=_F5IosLhvEe-6BZFGswrzLA$type=md$name=f_section_naf?" update="true">
      <expression id="_yjatDbh1Ee-6BZFGswrzLA" setDescriptorRef="_yjbVBLh1Ee-6BZFGswrzLA">
        <expression>gd_t_ti_tiers.f_section_naf</expression>
      </expression>
    </field>
    <field id="_yjatDrh1Ee-6BZFGswrzLA" name="b_originalbatchid" ref="resource.md#_NBhAobhvEe-6BZFGswrzLA?fileId=_F5IosLhvEe-6BZFGswrzLA$type=md$name=b_originalbatchid?">
      <expression id="_yjatD7h1Ee-6BZFGswrzLA" setDescriptorRef="_yjbVBLh1Ee-6BZFGswrzLA">
        <expression></expression>
      </expression>
    </field>
    <field id="_yjatELh1Ee-6BZFGswrzLA" enable="true" insert="true" name="f_categorie_juridique" ref="resource.md#_NSL54bhvEe-6BZFGswrzLA?fileId=_F5IosLhvEe-6BZFGswrzLA$type=md$name=f_categorie_juridique?" update="true">
      <expression id="_yjatEbh1Ee-6BZFGswrzLA" setDescriptorRef="_yjbVBLh1Ee-6BZFGswrzLA">
        <expression>gd_t_ti_tiers.f_categorie_juridique</expression>
      </expression>
    </field>
    <field id="_yjatErh1Ee-6BZFGswrzLA" enable="true" insert="true" name="f_agent_economique" ref="resource.md#_NNRksbhvEe-6BZFGswrzLA?fileId=_F5IosLhvEe-6BZFGswrzLA$type=md$name=f_agent_economique?" update="true">
      <expression id="_yjatE7h1Ee-6BZFGswrzLA" setDescriptorRef="_yjbVBLh1Ee-6BZFGswrzLA">
        <expression>gd_t_ti_tiers.f_agent_economique</expression>
      </expression>
    </field>
    <field id="_yjatFLh1Ee-6BZFGswrzLA" enable="true" insert="true" name="b_upddate" ref="resource.md#_NC12UbhvEe-6BZFGswrzLA?fileId=_F5IosLhvEe-6BZFGswrzLA$type=md$name=b_upddate?" update="true">
      <expression id="_yjatFbh1Ee-6BZFGswrzLA" setDescriptorRef="_yjbVBLh1Ee-6BZFGswrzLA">
        <expression>current_date</expression>
      </expression>
    </field>
    <field id="_yjatFrh1Ee-6BZFGswrzLA" enable="true" insert="true" name="prenom1" ref="resource.md#_NIa54bhvEe-6BZFGswrzLA?fileId=_F5IosLhvEe-6BZFGswrzLA$type=md$name=prenom1?" update="true">
      <expression id="_yjatF7h1Ee-6BZFGswrzLA" setDescriptorRef="_yjbVBLh1Ee-6BZFGswrzLA">
        <expression>gd_t_ti_tiers.prenom1</expression>
      </expression>
    </field>
    <field id="_yjatGLh1Ee-6BZFGswrzLA" enable="true" insert="true" name="f_sous_section_naf" ref="resource.md#_NSy94bhvEe-6BZFGswrzLA?fileId=_F5IosLhvEe-6BZFGswrzLA$type=md$name=f_sous_section_naf?" update="true">
      <expression id="_yjatGbh1Ee-6BZFGswrzLA" setDescriptorRef="_yjbVBLh1Ee-6BZFGswrzLA">
        <expression>gd_t_ti_tiers.f_sous_section_naf</expression>
      </expression>
    </field>
    <field id="_yjatGrh1Ee-6BZFGswrzLA" enable="true" insert="true" name="nom_commercial" ref="resource.md#_NECwMbhvEe-6BZFGswrzLA?fileId=_F5IosLhvEe-6BZFGswrzLA$type=md$name=nom_commercial?" update="true">
      <expression id="_yjatG7h1Ee-6BZFGswrzLA" setDescriptorRef="_yjbVBLh1Ee-6BZFGswrzLA">
        <expression>gd_t_ti_tiers.nom_commercial</expression>
      </expression>
    </field>
    <field id="_yjatHLh1Ee-6BZFGswrzLA" enable="true" insert="true" name="date_envoi_screening" ref="resource.md#_NJZKQbhvEe-6BZFGswrzLA?fileId=_F5IosLhvEe-6BZFGswrzLA$type=md$name=date_envoi_screening?" update="true">
      <expression id="_yjatHbh1Ee-6BZFGswrzLA" setDescriptorRef="_yjbVBLh1Ee-6BZFGswrzLA">
        <expression>gd_t_ti_tiers.date_envoi_screening</expression>
      </expression>
    </field>
    <field id="_yjatHrh1Ee-6BZFGswrzLA" enable="true" insert="true" name="num_tva_inter_communautai" ref="resource.md#_NHtIMbhvEe-6BZFGswrzLA?fileId=_F5IosLhvEe-6BZFGswrzLA$type=md$name=num_tva_inter_communautai?" update="true">
      <expression id="_yjatH7h1Ee-6BZFGswrzLA" setDescriptorRef="_yjbVBLh1Ee-6BZFGswrzLA">
        <expression>gd_t_ti_tiers.num_tva_inter_communautai</expression>
      </expression>
    </field>
    <field id="_yjatILh1Ee-6BZFGswrzLA" enable="true" name="b_loadid" ref="resource.md#_NBB4cLhvEe-6BZFGswrzLA?fileId=_F5IosLhvEe-6BZFGswrzLA$type=md$name=b_loadid?" updateKey="true">
      <expression id="_yjatIbh1Ee-6BZFGswrzLA" setDescriptorRef="_yjbVBLh1Ee-6BZFGswrzLA">
        <expression></expression>
      </expression>
    </field>
    <field id="_yjatIrh1Ee-6BZFGswrzLA" enable="true" insert="true" name="raison_sociale_abregee" ref="resource.md#_ND0GsbhvEe-6BZFGswrzLA?fileId=_F5IosLhvEe-6BZFGswrzLA$type=md$name=raison_sociale_abregee?" update="true">
      <expression id="_yjatI7h1Ee-6BZFGswrzLA" setDescriptorRef="_yjbVBLh1Ee-6BZFGswrzLA">
        <expression>gd_t_ti_tiers.raison_sociale_abregee</expression>
      </expression>
    </field>
    <field id="_yjatJLh1Ee-6BZFGswrzLA" enable="false" name="fd_regroupement_naf" ref="resource.md#_NK93kbhvEe-6BZFGswrzLA?fileId=_F5IosLhvEe-6BZFGswrzLA$type=md$name=fd_regroupement_naf?">
      <expression id="_yjatJbh1Ee-6BZFGswrzLA" setDescriptorRef="_yjbVBLh1Ee-6BZFGswrzLA">
        <expression></expression>
      </expression>
    </field>
    <field id="_yjatJrh1Ee-6BZFGswrzLA" enable="true" insert="true" name="f_entite" ref="resource.md#_NR1UkbhvEe-6BZFGswrzLA?fileId=_F5IosLhvEe-6BZFGswrzLA$type=md$name=f_entite?" update="true">
      <expression id="_yjatJ7h1Ee-6BZFGswrzLA" setDescriptorRef="_yjbVBLh1Ee-6BZFGswrzLA">
        <expression>gd_t_ti_tiers.f_entite</expression>
      </expression>
    </field>
    <field id="_yjatKLh1Ee-6BZFGswrzLA" enable="true" insert="true" name="f_motif_exception" ref="resource.md#_NOOm8bhvEe-6BZFGswrzLA?fileId=_F5IosLhvEe-6BZFGswrzLA$type=md$name=f_motif_exception?" update="true">
      <expression id="_yjatKbh1Ee-6BZFGswrzLA" setDescriptorRef="_yjbVBLh1Ee-6BZFGswrzLA">
        <expression>gd_t_ti_tiers.f_motif_exception</expression>
      </expression>
    </field>
    <field id="_yjatKrh1Ee-6BZFGswrzLA" enable="true" insert="true" name="tec_reset_statut" ref="resource.md#_NSD-EbhvEe-6BZFGswrzLA?fileId=_F5IosLhvEe-6BZFGswrzLA$type=md$name=tec_reset_statut?" update="true">
      <expression id="_yjatK7h1Ee-6BZFGswrzLA" setDescriptorRef="_yjbVBLh1Ee-6BZFGswrzLA">
        <expression>gd_t_ti_tiers.tec_reset_statut</expression>
      </expression>
    </field>
    <field id="_yjatLLh1Ee-6BZFGswrzLA" enable="false" name="fd_pays_immatriculation" ref="resource.md#_NPi1kbhvEe-6BZFGswrzLA?fileId=_F5IosLhvEe-6BZFGswrzLA$type=md$name=fd_pays_immatriculation?">
      <expression id="_yjbUELh1Ee-6BZFGswrzLA" setDescriptorRef="_yjbVBLh1Ee-6BZFGswrzLA">
        <expression></expression>
      </expression>
    </field>
    <field id="_yjbUEbh1Ee-6BZFGswrzLA" name="b_operationid" ref="resource.md#_NBoVYbhvEe-6BZFGswrzLA?fileId=_F5IosLhvEe-6BZFGswrzLA$type=md$name=b_operationid?">
      <expression id="_yjbUErh1Ee-6BZFGswrzLA" setDescriptorRef="_yjbVBLh1Ee-6BZFGswrzLA">
        <expression></expression>
      </expression>
    </field>
    <field id="_yjbUE7h1Ee-6BZFGswrzLA" enable="true" insert="true" name="f_pays_fiscal" ref="resource.md#_NO8YobhvEe-6BZFGswrzLA?fileId=_F5IosLhvEe-6BZFGswrzLA$type=md$name=f_pays_fiscal?" update="true">
      <expression id="_yjbUFLh1Ee-6BZFGswrzLA" setDescriptorRef="_yjbVBLh1Ee-6BZFGswrzLA">
        <expression>gd_t_ti_tiers.f_pays_fiscal</expression>
      </expression>
    </field>
    <field id="_yjbUFbh1Ee-6BZFGswrzLA" name="b_deleteoperation" ref="resource.md#_NCXVMLhvEe-6BZFGswrzLA?fileId=_F5IosLhvEe-6BZFGswrzLA$type=md$name=b_deleteoperation?">
      <expression id="_yjbUFrh1Ee-6BZFGswrzLA" setDescriptorRef="_yjbVBLh1Ee-6BZFGswrzLA">
        <expression></expression>
      </expression>
    </field>
    <field id="_yjbUF7h1Ee-6BZFGswrzLA" enable="true" insert="true" name="date_naissance" ref="resource.md#_NIpjYbhvEe-6BZFGswrzLA?fileId=_F5IosLhvEe-6BZFGswrzLA$type=md$name=date_naissance?" update="true">
      <expression id="_yjbUGLh1Ee-6BZFGswrzLA" setDescriptorRef="_yjbVBLh1Ee-6BZFGswrzLA">
        <expression>gd_t_ti_tiers.date_naissance</expression>
      </expression>
    </field>
    <field id="_yjbUGbh1Ee-6BZFGswrzLA" enable="true" insert="true" name="donnee_ok" ref="resource.md#_NJIrkbhvEe-6BZFGswrzLA?fileId=_F5IosLhvEe-6BZFGswrzLA$type=md$name=donnee_ok?" update="true">
      <expression id="_yjbUGrh1Ee-6BZFGswrzLA" setDescriptorRef="_yjbVBLh1Ee-6BZFGswrzLA">
        <expression>gd_t_ti_tiers.donnee_ok</expression>
      </expression>
    </field>
    <field id="_yjbUG7h1Ee-6BZFGswrzLA" enable="true" insert="true" name="ville_naissance" ref="resource.md#_NIw4IbhvEe-6BZFGswrzLA?fileId=_F5IosLhvEe-6BZFGswrzLA$type=md$name=ville_naissance?" update="true">
      <expression id="_yjbUHLh1Ee-6BZFGswrzLA" setDescriptorRef="_yjbVBLh1Ee-6BZFGswrzLA">
        <expression>gd_t_ti_tiers.ville_naissance</expression>
      </expression>
    </field>
    <field id="_yjbUHbh1Ee-6BZFGswrzLA" enable="true" insert="true" name="b_creator" ref="resource.md#_NC9LEbhvEe-6BZFGswrzLA?fileId=_F5IosLhvEe-6BZFGswrzLA$type=md$name=b_creator?" update="true">
      <expression id="_yjbUHrh1Ee-6BZFGswrzLA" setDescriptorRef="_yjbVBLh1Ee-6BZFGswrzLA">
        <expression>gd_t_ti_tiers.b_creator</expression>
      </expression>
    </field>
    <field id="_yjbUH7h1Ee-6BZFGswrzLA" enable="false" name="fd_code_pcs" ref="resource.md#_NMEDwbhvEe-6BZFGswrzLA?fileId=_F5IosLhvEe-6BZFGswrzLA$type=md$name=fd_code_pcs?">
      <expression id="_yjbUILh1Ee-6BZFGswrzLA" setDescriptorRef="_yjbVBLh1Ee-6BZFGswrzLA">
        <expression></expression>
      </expression>
    </field>
    <field id="_yjbUIbh1Ee-6BZFGswrzLA" enable="true" insert="true" name="registre_commerciale" ref="resource.md#_NHHSUbhvEe-6BZFGswrzLA?fileId=_F5IosLhvEe-6BZFGswrzLA$type=md$name=registre_commerciale?" update="true">
      <expression id="_yjbUIrh1Ee-6BZFGswrzLA" setDescriptorRef="_yjbVBLh1Ee-6BZFGswrzLA">
        <expression>gd_t_ti_tiers.registre_commerciale</expression>
      </expression>
    </field>
    <field id="_yjbUI7h1Ee-6BZFGswrzLA" enable="true" insert="true" name="tec_raison_sociale_phone" ref="resource.md#_NJ3rYbhvEe-6BZFGswrzLA?fileId=_F5IosLhvEe-6BZFGswrzLA$type=md$name=tec_raison_sociale_phone?" update="true">
      <expression id="_yjbUJLh1Ee-6BZFGswrzLA" setDescriptorRef="_yjbVBLh1Ee-6BZFGswrzLA">
        <expression>gd_t_ti_tiers.tec_raison_sociale_phone</expression>
      </expression>
    </field>
    <field id="_yjbUJbh1Ee-6BZFGswrzLA" enable="false" name="fd_code_naf" ref="resource.md#_NLkUgbhvEe-6BZFGswrzLA?fileId=_F5IosLhvEe-6BZFGswrzLA$type=md$name=fd_code_naf?">
      <expression id="_yjbUJrh1Ee-6BZFGswrzLA" setDescriptorRef="_yjbVBLh1Ee-6BZFGswrzLA">
        <expression></expression>
      </expression>
    </field>
    <field id="_yjbUJ7h1Ee-6BZFGswrzLA" enable="true" insert="true" name="agence_entite" ref="resource.md#_NEajobhvEe-6BZFGswrzLA?fileId=_F5IosLhvEe-6BZFGswrzLA$type=md$name=agence_entite?" update="true">
      <expression id="_yjbUKLh1Ee-6BZFGswrzLA" setDescriptorRef="_yjbVBLh1Ee-6BZFGswrzLA">
        <expression>gd_t_ti_tiers.agence_entite</expression>
      </expression>
    </field>
    <field id="_yjbUKbh1Ee-6BZFGswrzLA" enable="true" insert="true" name="f_categorie_cofinancier" ref="resource.md#_NKtY4bhvEe-6BZFGswrzLA?fileId=_F5IosLhvEe-6BZFGswrzLA$type=md$name=f_categorie_cofinancier?" update="true">
      <expression id="_yjbUKrh1Ee-6BZFGswrzLA" setDescriptorRef="_yjbVBLh1Ee-6BZFGswrzLA">
        <expression>gd_t_ti_tiers.f_categorie_cofinancier</expression>
      </expression>
    </field>
    <field id="_yjbUK7h1Ee-6BZFGswrzLA" enable="true" insert="true" name="date_desactivation" ref="resource.md#_NJvvkbhvEe-6BZFGswrzLA?fileId=_F5IosLhvEe-6BZFGswrzLA$type=md$name=date_desactivation?" update="true">
      <expression id="_yjbULLh1Ee-6BZFGswrzLA" setDescriptorRef="_yjbVBLh1Ee-6BZFGswrzLA">
        <expression>gd_t_ti_tiers.date_desactivation</expression>
      </expression>
    </field>
    <field id="_yjbULbh1Ee-6BZFGswrzLA" enable="false" name="fd_categorie_juridique" ref="resource.md#_NNJo4bhvEe-6BZFGswrzLA?fileId=_F5IosLhvEe-6BZFGswrzLA$type=md$name=fd_categorie_juridique?">
      <expression id="_yjbULrh1Ee-6BZFGswrzLA" setDescriptorRef="_yjbVBLh1Ee-6BZFGswrzLA">
        <expression></expression>
      </expression>
    </field>
    <field id="_yjbUL7h1Ee-6BZFGswrzLA" enable="false" name="fd_motifdesactivation" ref="resource.md#_NOHSMbhvEe-6BZFGswrzLA?fileId=_F5IosLhvEe-6BZFGswrzLA$type=md$name=fd_motifdesactivation?">
      <expression id="_yjbUMLh1Ee-6BZFGswrzLA" setDescriptorRef="_yjbVBLh1Ee-6BZFGswrzLA">
        <expression></expression>
      </expression>
    </field>
    <field id="_yjbUMbh1Ee-6BZFGswrzLA" enable="true" insert="true" name="f_statut_tiers" ref="resource.md#_NJ_AIbhvEe-6BZFGswrzLA?fileId=_F5IosLhvEe-6BZFGswrzLA$type=md$name=f_statut_tiers?" update="true">
      <expression id="_yjbUMrh1Ee-6BZFGswrzLA" setDescriptorRef="_yjbVBLh1Ee-6BZFGswrzLA">
        <expression>gd_t_no_statuttiers.id_statuttiers</expression>
      </expression>
    </field>
    <field id="_yjbUM7h1Ee-6BZFGswrzLA" enable="true" insert="true" name="tec_code_postal_siege_soc" ref="resource.md#_NQ4SUbhvEe-6BZFGswrzLA?fileId=_F5IosLhvEe-6BZFGswrzLA$type=md$name=tec_code_postal_siege_soc?" update="true">
      <expression id="_yjbUNLh1Ee-6BZFGswrzLA" setDescriptorRef="_yjbVBLh1Ee-6BZFGswrzLA">
        <expression>gd_t_ti_tiers.tec_code_postal_siege_soc</expression>
      </expression>
    </field>
    <field id="_yjbUNbh1Ee-6BZFGswrzLA" name="b_deleteauthor" ref="resource.md#_NCOyUbhvEe-6BZFGswrzLA?fileId=_F5IosLhvEe-6BZFGswrzLA$type=md$name=b_deleteauthor?">
      <expression id="_yjbUNrh1Ee-6BZFGswrzLA" setDescriptorRef="_yjbVBLh1Ee-6BZFGswrzLA">
        <expression></expression>
      </expression>
    </field>
    <field id="_yjbUN7h1Ee-6BZFGswrzLA" enable="true" insert="true" name="f_motif_rejet_screening" ref="resource.md#_NOeekbhvEe-6BZFGswrzLA?fileId=_F5IosLhvEe-6BZFGswrzLA$type=md$name=f_motif_rejet_screening?" update="true">
      <expression id="_yjbUOLh1Ee-6BZFGswrzLA" setDescriptorRef="_yjbVBLh1Ee-6BZFGswrzLA">
        <expression>gd_t_ti_tiers.f_motif_rejet_screening</expression>
      </expression>
    </field>
    <field id="_yjbUObh1Ee-6BZFGswrzLA" enable="true" insert="true" name="sigle_societe" ref="resource.md#_ND7bcbhvEe-6BZFGswrzLA?fileId=_F5IosLhvEe-6BZFGswrzLA$type=md$name=sigle_societe?" update="true">
      <expression id="_yjbUOrh1Ee-6BZFGswrzLA" setDescriptorRef="_yjbVBLh1Ee-6BZFGswrzLA">
        <expression>gd_t_ti_tiers.sigle_societe</expression>
      </expression>
    </field>
    <field id="_yjbUO7h1Ee-6BZFGswrzLA" enable="true" insert="true" name="appartenance_groupe" ref="resource.md#_NHd3obhvEe-6BZFGswrzLA?fileId=_F5IosLhvEe-6BZFGswrzLA$type=md$name=appartenance_groupe?" update="true">
      <expression id="_yjbUPLh1Ee-6BZFGswrzLA" setDescriptorRef="_yjbVBLh1Ee-6BZFGswrzLA">
        <expression>gd_t_ti_tiers.appartenance_groupe</expression>
      </expression>
    </field>
    <field id="_yjbUPbh1Ee-6BZFGswrzLA" enable="true" insert="true" name="f_code_pcs" ref="resource.md#_NL7g4bhvEe-6BZFGswrzLA?fileId=_F5IosLhvEe-6BZFGswrzLA$type=md$name=f_code_pcs?" update="true">
      <expression id="_yjbUPrh1Ee-6BZFGswrzLA" setDescriptorRef="_yjbVBLh1Ee-6BZFGswrzLA">
        <expression>gd_t_ti_tiers.f_code_pcs</expression>
      </expression>
    </field>
    <field id="_yjbUP7h1Ee-6BZFGswrzLA" enable="true" insert="true" name="f_pays_de_naissance" ref="resource.md#_NPqKUbhvEe-6BZFGswrzLA?fileId=_F5IosLhvEe-6BZFGswrzLA$type=md$name=f_pays_de_naissance?" update="true">
      <expression id="_yjbUQLh1Ee-6BZFGswrzLA" setDescriptorRef="_yjbVBLh1Ee-6BZFGswrzLA">
        <expression>gd_t_ti_tiers.f_pays_de_naissance</expression>
      </expression>
    </field>
    <field id="_yjbUQbh1Ee-6BZFGswrzLA" enable="true" insert="true" name="flag_licence_bancaire" ref="resource.md#_NTC1gbhvEe-6BZFGswrzLA?fileId=_F5IosLhvEe-6BZFGswrzLA$type=md$name=flag_licence_bancaire?" update="true">
      <expression id="_yjbUQrh1Ee-6BZFGswrzLA" setDescriptorRef="_yjbVBLh1Ee-6BZFGswrzLA">
        <expression>gd_t_ti_tiers.flag_licence_bancaire</expression>
      </expression>
    </field>
    <field id="_yjbUQ7h1Ee-6BZFGswrzLA" name="b_error_status" ref="resource.md#_NBZE0bhvEe-6BZFGswrzLA?fileId=_F5IosLhvEe-6BZFGswrzLA$type=md$name=b_error_status?">
      <expression id="_yjbURLh1Ee-6BZFGswrzLA" setDescriptorRef="_yjbVBLh1Ee-6BZFGswrzLA">
        <expression></expression>
      </expression>
    </field>
    <field id="_yjbURbh1Ee-6BZFGswrzLA" enable="true" insert="true" name="ok_screening" ref="resource.md#_NJQnYbhvEe-6BZFGswrzLA?fileId=_F5IosLhvEe-6BZFGswrzLA$type=md$name=ok_screening?" update="true">
      <expression id="_yjbURrh1Ee-6BZFGswrzLA" setDescriptorRef="_yjbVBLh1Ee-6BZFGswrzLA">
        <expression>false</expression>
      </expression>
    </field>
    <field id="_yjbUR7h1Ee-6BZFGswrzLA" enable="true" insert="true" name="date_retour_screening" ref="resource.md#_NJgfAbhvEe-6BZFGswrzLA?fileId=_F5IosLhvEe-6BZFGswrzLA$type=md$name=date_retour_screening?" update="true">
      <expression id="_yjbUSLh1Ee-6BZFGswrzLA" setDescriptorRef="_yjbVBLh1Ee-6BZFGswrzLA">
        <expression>current_date</expression>
      </expression>
    </field>
    <field id="_yjbUSbh1Ee-6BZFGswrzLA" enable="true" insert="true" name="nom_usuel" ref="resource.md#_NILCQbhvEe-6BZFGswrzLA?fileId=_F5IosLhvEe-6BZFGswrzLA$type=md$name=nom_usuel?" update="true">
      <expression id="_yjbUSrh1Ee-6BZFGswrzLA" setDescriptorRef="_yjbVBLh1Ee-6BZFGswrzLA">
        <expression>gd_t_ti_tiers.nom_usuel</expression>
      </expression>
    </field>
    <field id="_yjbUS7h1Ee-6BZFGswrzLA" enable="true" insert="true" name="f_type_nature_relation" ref="resource.md#_NRmrEbhvEe-6BZFGswrzLA?fileId=_F5IosLhvEe-6BZFGswrzLA$type=md$name=f_type_nature_relation?" update="true">
      <expression id="_yjbUTLh1Ee-6BZFGswrzLA" setDescriptorRef="_yjbVBLh1Ee-6BZFGswrzLA">
        <expression>gd_t_ti_tiers.f_type_nature_relation</expression>
      </expression>
    </field>
    <field id="_yjbUTbh1Ee-6BZFGswrzLA" enable="true" insert="true" name="ville_immatriculation" ref="resource.md#_NH0c8bhvEe-6BZFGswrzLA?fileId=_F5IosLhvEe-6BZFGswrzLA$type=md$name=ville_immatriculation?" update="true">
      <expression id="_yjbUTrh1Ee-6BZFGswrzLA" setDescriptorRef="_yjbVBLh1Ee-6BZFGswrzLA">
        <expression>gd_t_ti_tiers.ville_immatriculation</expression>
      </expression>
    </field>
    <field id="_yjbUT7h1Ee-6BZFGswrzLA" enable="false" name="fd_pays" ref="resource.md#_NO1D4bhvEe-6BZFGswrzLA?fileId=_F5IosLhvEe-6BZFGswrzLA$type=md$name=fd_pays?">
      <expression id="_yjbUULh1Ee-6BZFGswrzLA" setDescriptorRef="_yjbVBLh1Ee-6BZFGswrzLA">
        <expression></expression>
      </expression>
    </field>
    <field id="_yjbUUbh1Ee-6BZFGswrzLA" enable="true" insert="true" name="representation_local" ref="resource.md#_NESn0bhvEe-6BZFGswrzLA?fileId=_F5IosLhvEe-6BZFGswrzLA$type=md$name=representation_local?" update="true">
      <expression id="_yjbUUrh1Ee-6BZFGswrzLA" setDescriptorRef="_yjbVBLh1Ee-6BZFGswrzLA">
        <expression>gd_t_ti_tiers.representation_local</expression>
      </expression>
    </field>
    <field id="_yjbUU7h1Ee-6BZFGswrzLA" enable="true" insert="true" name="f_categorie_tiers" ref="resource.md#_NMp5obhvEe-6BZFGswrzLA?fileId=_F5IosLhvEe-6BZFGswrzLA$type=md$name=f_categorie_tiers?" update="true">
      <expression id="_yjbUVLh1Ee-6BZFGswrzLA" setDescriptorRef="_yjbVBLh1Ee-6BZFGswrzLA">
        <expression>gd_t_ti_tiers.f_categorie_tiers</expression>
      </expression>
    </field>
    <field id="_yjbUVbh1Ee-6BZFGswrzLA" enable="true" insert="true" name="b_classname" ref="resource.md#_NBRJAbhvEe-6BZFGswrzLA?fileId=_F5IosLhvEe-6BZFGswrzLA$type=md$name=b_classname?" update="true">
      <expression id="_yjbUVrh1Ee-6BZFGswrzLA" setDescriptorRef="_yjbVBLh1Ee-6BZFGswrzLA">
        <expression>gd_t_ti_tiers.b_classname</expression>
      </expression>
    </field>
    <field id="_yjbUV7h1Ee-6BZFGswrzLA" name="b_dupsmergetarget" ref="resource.md#_NB4NAbhvEe-6BZFGswrzLA?fileId=_F5IosLhvEe-6BZFGswrzLA$type=md$name=b_dupsmergetarget?">
      <expression id="_yjbUWLh1Ee-6BZFGswrzLA" setDescriptorRef="_yjbVBLh1Ee-6BZFGswrzLA">
        <expression></expression>
      </expression>
    </field>
    <field id="_yjbUWbh1Ee-6BZFGswrzLA" enable="true" insert="true" name="qualite" ref="resource.md#_NIDGcbhvEe-6BZFGswrzLA?fileId=_F5IosLhvEe-6BZFGswrzLA$type=md$name=qualite?" update="true">
      <expression id="_yjbUWrh1Ee-6BZFGswrzLA" setDescriptorRef="_yjbVBLh1Ee-6BZFGswrzLA">
        <expression>gd_t_ti_tiers.qualite</expression>
      </expression>
    </field>
    <field id="_yjbUW7h1Ee-6BZFGswrzLA" enable="true" insert="true" name="f_regroupement_naf" ref="resource.md#_NSjGQbhvEe-6BZFGswrzLA?fileId=_F5IosLhvEe-6BZFGswrzLA$type=md$name=f_regroupement_naf?" update="true">
      <expression id="_yjbUXLh1Ee-6BZFGswrzLA" setDescriptorRef="_yjbVBLh1Ee-6BZFGswrzLA">
        <expression>gd_t_ti_tiers.f_regroupement_naf</expression>
      </expression>
    </field>
    <field id="_yjbUXbh1Ee-6BZFGswrzLA" enable="true" insert="true" name="tiers_redondant" ref="resource.md#_NTSGEbhvEe-6BZFGswrzLA?fileId=_F5IosLhvEe-6BZFGswrzLA$type=md$name=tiers_redondant?" update="true">
      <expression id="_yjbUXrh1Ee-6BZFGswrzLA" setDescriptorRef="_yjbVBLh1Ee-6BZFGswrzLA">
        <expression>gd_t_ti_tiers.tiers_redondant</expression>
      </expression>
    </field>
    <field id="_yjbUX7h1Ee-6BZFGswrzLA" enable="true" insert="true" name="f_classement_lme" ref="resource.md#_NMLYgbhvEe-6BZFGswrzLA?fileId=_F5IosLhvEe-6BZFGswrzLA$type=md$name=f_classement_lme?" update="true">
      <expression id="_yjbUYLh1Ee-6BZFGswrzLA" setDescriptorRef="_yjbVBLh1Ee-6BZFGswrzLA">
        <expression>gd_t_ti_tiers.f_classement_lme</expression>
      </expression>
    </field>
    <field id="_yjbUYbh1Ee-6BZFGswrzLA" enable="true" insert="true" name="f_sous_sous_section_naf" ref="resource.md#_NLUc4bhvEe-6BZFGswrzLA?fileId=_F5IosLhvEe-6BZFGswrzLA$type=md$name=f_sous_sous_section_naf?" update="true">
      <expression id="_yjbUYrh1Ee-6BZFGswrzLA" setDescriptorRef="_yjbVBLh1Ee-6BZFGswrzLA">
        <expression>gd_t_ti_tiers.f_sous_sous_section_naf</expression>
      </expression>
    </field>
    <field id="_yjbUY7h1Ee-6BZFGswrzLA" enable="false" name="fd_sous_section_naf" ref="resource.md#_NLMhEbhvEe-6BZFGswrzLA?fileId=_F5IosLhvEe-6BZFGswrzLA$type=md$name=fd_sous_section_naf?">
      <expression id="_yjbUZLh1Ee-6BZFGswrzLA" setDescriptorRef="_yjbVBLh1Ee-6BZFGswrzLA">
        <expression></expression>
      </expression>
    </field>
    <field id="_yjbUZbh1Ee-6BZFGswrzLA" enable="false" name="fd_pays_nationalite" ref="resource.md#_NUHzkbhvEe-6BZFGswrzLA?fileId=_F5IosLhvEe-6BZFGswrzLA$type=md$name=fd_pays_nationalite?">
      <expression id="_yjbUZrh1Ee-6BZFGswrzLA" setDescriptorRef="_yjbVBLh1Ee-6BZFGswrzLA">
        <expression></expression>
      </expression>
    </field>
    <field id="_yjbUZ7h1Ee-6BZFGswrzLA" enable="true" insert="true" name="tec_adresse_siege_social" ref="resource.md#_NQROULhvEe-6BZFGswrzLA?fileId=_F5IosLhvEe-6BZFGswrzLA$type=md$name=tec_adresse_siege_social?" update="true">
      <expression id="_yjbUaLh1Ee-6BZFGswrzLA" setDescriptorRef="_yjbVBLh1Ee-6BZFGswrzLA">
        <expression>gd_t_ti_tiers.tec_adresse_siege_social</expression>
      </expression>
    </field>
    <field id="_yjbUabh1Ee-6BZFGswrzLA" enable="true" insert="true" name="b_credate" ref="resource.md#_NCuhkbhvEe-6BZFGswrzLA?fileId=_F5IosLhvEe-6BZFGswrzLA$type=md$name=b_credate?" update="true">
      <expression id="_yjbUarh1Ee-6BZFGswrzLA" setDescriptorRef="_yjbVBLh1Ee-6BZFGswrzLA">
        <expression>gd_t_ti_tiers.b_credate</expression>
      </expression>
    </field>
    <field id="_yjbUa7h1Ee-6BZFGswrzLA" enable="true" insert="true" name="b_updator" ref="resource.md#_NDFG4bhvEe-6BZFGswrzLA?fileId=_F5IosLhvEe-6BZFGswrzLA$type=md$name=b_updator?" update="true">
      <expression id="_yjbUbLh1Ee-6BZFGswrzLA" setDescriptorRef="_yjbVBLh1Ee-6BZFGswrzLA">
        <expression>gd_t_ti_tiers.b_updator</expression>
      </expression>
    </field>
    <field id="_yjbUbbh1Ee-6BZFGswrzLA" enable="false" name="fd_sous_sous_section_naf" ref="resource.md#_NLbxobhvEe-6BZFGswrzLA?fileId=_F5IosLhvEe-6BZFGswrzLA$type=md$name=fd_sous_sous_section_naf?">
      <expression id="_yjbUbrh1Ee-6BZFGswrzLA" setDescriptorRef="_yjbVBLh1Ee-6BZFGswrzLA">
        <expression></expression>
      </expression>
    </field>
    <field id="_yjbUb7h1Ee-6BZFGswrzLA" enable="true" insert="true" name="f_pays_immatriculation" ref="resource.md#_NPbg0bhvEe-6BZFGswrzLA?fileId=_F5IosLhvEe-6BZFGswrzLA$type=md$name=f_pays_immatriculation?" update="true">
      <expression id="_yjbUcLh1Ee-6BZFGswrzLA" setDescriptorRef="_yjbVBLh1Ee-6BZFGswrzLA">
        <expression>gd_t_ti_tiers.f_pays_immatriculation</expression>
      </expression>
    </field>
    <field id="_yjbUcbh1Ee-6BZFGswrzLA" enable="true" insert="true" name="raison_sociale" ref="resource.md#_NDjoAbhvEe-6BZFGswrzLA?fileId=_F5IosLhvEe-6BZFGswrzLA$type=md$name=raison_sociale?" update="true">
      <expression id="_yjbUcrh1Ee-6BZFGswrzLA" setDescriptorRef="_yjbVBLh1Ee-6BZFGswrzLA">
        <expression>gd_t_ti_tiers.raison_sociale</expression>
      </expression>
    </field>
    <field id="_yjbUc7h1Ee-6BZFGswrzLA" enable="false" name="fd_motif_exception" ref="resource.md#_NOWiwbhvEe-6BZFGswrzLA?fileId=_F5IosLhvEe-6BZFGswrzLA$type=md$name=fd_motif_exception?">
      <expression id="_yjbUdLh1Ee-6BZFGswrzLA" setDescriptorRef="_yjbVBLh1Ee-6BZFGswrzLA">
        <expression></expression>
      </expression>
    </field>
    <field id="_yjbUdbh1Ee-6BZFGswrzLA" enable="true" insert="true" name="tec_num_voie_siege_social" ref="resource.md#_NQpo0bhvEe-6BZFGswrzLA?fileId=_F5IosLhvEe-6BZFGswrzLA$type=md$name=tec_num_voie_siege_social?" update="true">
      <expression id="_yjbUdrh1Ee-6BZFGswrzLA" setDescriptorRef="_yjbVBLh1Ee-6BZFGswrzLA">
        <expression>gd_t_ti_tiers.tec_num_voie_siege_social</expression>
      </expression>
    </field>
    <field id="_yjbUd7h1Ee-6BZFGswrzLA" enable="false" name="fd_pays_de_naissance" ref="resource.md#_NPyGIbhvEe-6BZFGswrzLA?fileId=_F5IosLhvEe-6BZFGswrzLA$type=md$name=fd_pays_de_naissance?">
      <expression id="_yjbUeLh1Ee-6BZFGswrzLA" setDescriptorRef="_yjbVBLh1Ee-6BZFGswrzLA">
        <expression></expression>
      </expression>
    </field>
    <field id="_yjbUebh1Ee-6BZFGswrzLA" enable="true" insert="true" name="f_pays_nationalite" ref="resource.md#_NUAe0bhvEe-6BZFGswrzLA?fileId=_F5IosLhvEe-6BZFGswrzLA$type=md$name=f_pays_nationalite?" update="true">
      <expression id="_yjbUerh1Ee-6BZFGswrzLA" setDescriptorRef="_yjbVBLh1Ee-6BZFGswrzLA">
        <expression>gd_t_ti_tiers.f_pays_nationalite</expression>
      </expression>
    </field>
    <field id="_yjbUe7h1Ee-6BZFGswrzLA" enable="true" insert="true" name="f_motifdesactivation" ref="resource.md#_NN_9cbhvEe-6BZFGswrzLA?fileId=_F5IosLhvEe-6BZFGswrzLA$type=md$name=f_motifdesactivation?" update="true">
      <expression id="_yjbUfLh1Ee-6BZFGswrzLA" setDescriptorRef="_yjbVBLh1Ee-6BZFGswrzLA">
        <expression>gd_t_ti_tiers.f_motifdesactivation</expression>
      </expression>
    </field>
    <field id="_yjbUfbh1Ee-6BZFGswrzLA" enable="true" insert="true" name="flg_doublondetecte" ref="resource.md#_NQJSgbhvEe-6BZFGswrzLA?fileId=_F5IosLhvEe-6BZFGswrzLA$type=md$name=flg_doublondetecte?" update="true">
      <expression id="_yjbUfrh1Ee-6BZFGswrzLA" setDescriptorRef="_yjbVBLh1Ee-6BZFGswrzLA">
        <expression>gd_t_ti_tiers.flg_doublondetecte</expression>
      </expression>
    </field>
    <field id="_yjbUf7h1Ee-6BZFGswrzLA" enable="true" insert="true" name="siret" ref="resource.md#_NRO3obhvEe-6BZFGswrzLA?fileId=_F5IosLhvEe-6BZFGswrzLA$type=md$name=siret?" update="true">
      <expression id="_yjbUgLh1Ee-6BZFGswrzLA" setDescriptorRef="_yjbVBLh1Ee-6BZFGswrzLA">
        <expression>gd_t_ti_tiers.siret</expression>
      </expression>
    </field>
    <field id="_yjbUgbh1Ee-6BZFGswrzLA" enable="true" insert="true" name="lei" ref="resource.md#_NG_9kbhvEe-6BZFGswrzLA?fileId=_F5IosLhvEe-6BZFGswrzLA$type=md$name=lei?" update="true">
      <expression id="_yjbUgrh1Ee-6BZFGswrzLA" setDescriptorRef="_yjbVBLh1Ee-6BZFGswrzLA">
        <expression>gd_t_ti_tiers.lei</expression>
      </expression>
    </field>
    <field id="_yjbUg7h1Ee-6BZFGswrzLA" enable="false" name="fd_motif_rejet_screening" ref="resource.md#_NOmaYbhvEe-6BZFGswrzLA?fileId=_F5IosLhvEe-6BZFGswrzLA$type=md$name=fd_motif_rejet_screening?">
      <expression id="_yjbUhLh1Ee-6BZFGswrzLA" setDescriptorRef="_yjbVBLh1Ee-6BZFGswrzLA">
        <expression></expression>
      </expression>
    </field>
    <field id="_yjbUhbh1Ee-6BZFGswrzLA" enable="true" insert="true" name="procedure_exception" ref="resource.md#_NTxOQbhvEe-6BZFGswrzLA?fileId=_F5IosLhvEe-6BZFGswrzLA$type=md$name=procedure_exception?" update="true">
      <expression id="_yjbUhrh1Ee-6BZFGswrzLA" setDescriptorRef="_yjbVBLh1Ee-6BZFGswrzLA">
        <expression>gd_t_ti_tiers.procedure_exception</expression>
      </expression>
    </field>
    <field id="_yjbUh7h1Ee-6BZFGswrzLA" enable="false" name="fd_type_role_nature_relation" ref="resource.md#_NRevQLhvEe-6BZFGswrzLA?fileId=_F5IosLhvEe-6BZFGswrzLA$type=md$name=fd_type_role_nature_relation?">
      <expression id="_yjbUiLh1Ee-6BZFGswrzLA" setDescriptorRef="_yjbVBLh1Ee-6BZFGswrzLA">
        <expression></expression>
      </expression>
    </field>
    <field id="_yjbUibh1Ee-6BZFGswrzLA" enable="true" insert="true" name="f_canal_acheminement" ref="resource.md#_NNhcUbhvEe-6BZFGswrzLA?fileId=_F5IosLhvEe-6BZFGswrzLA$type=md$name=f_canal_acheminement?" update="true">
      <expression id="_yjbUirh1Ee-6BZFGswrzLA" setDescriptorRef="_yjbVBLh1Ee-6BZFGswrzLA">
        <expression>gd_t_ti_tiers.f_canal_acheminement</expression>
      </expression>
    </field>
    <field id="_yjbUi7h1Ee-6BZFGswrzLA" enable="false" name="fd_entite" ref="resource.md#_NR8pUbhvEe-6BZFGswrzLA?fileId=_F5IosLhvEe-6BZFGswrzLA$type=md$name=fd_entite?">
      <expression id="_yjbUjLh1Ee-6BZFGswrzLA" setDescriptorRef="_yjbVBLh1Ee-6BZFGswrzLA">
        <expression></expression>
      </expression>
    </field>
    <field id="_yjbUjbh1Ee-6BZFGswrzLA" enable="true" insert="true" name="document_ok" ref="resource.md#_NJAIsbhvEe-6BZFGswrzLA?fileId=_F5IosLhvEe-6BZFGswrzLA$type=md$name=document_ok?" update="true">
      <expression id="_yjbUjrh1Ee-6BZFGswrzLA" setDescriptorRef="_yjbVBLh1Ee-6BZFGswrzLA">
        <expression>gd_t_ti_tiers.document_ok</expression>
      </expression>
    </field>
    <field id="_yjbUj7h1Ee-6BZFGswrzLA" enable="true" insert="true" name="type_ong" ref="resource.md#_NEh4YbhvEe-6BZFGswrzLA?fileId=_F5IosLhvEe-6BZFGswrzLA$type=md$name=type_ong?" update="true">
      <expression id="_yjbUkLh1Ee-6BZFGswrzLA" setDescriptorRef="_yjbVBLh1Ee-6BZFGswrzLA">
        <expression>gd_t_ti_tiers.type_ong</expression>
      </expression>
    </field>
    <field id="_yjbUkbh1Ee-6BZFGswrzLA" enable="true" insert="true" name="date_creation_tiers" ref="resource.md#_NJoa0bhvEe-6BZFGswrzLA?fileId=_F5IosLhvEe-6BZFGswrzLA$type=md$name=date_creation_tiers?" update="true">
      <expression id="_yjbUkrh1Ee-6BZFGswrzLA" setDescriptorRef="_yjbVBLh1Ee-6BZFGswrzLA">
        <expression>gd_t_ti_tiers.date_creation_tiers</expression>
      </expression>
    </field>
    <field id="_yjbUk7h1Ee-6BZFGswrzLA" name="b_copiedfrom" ref="resource.md#_NCmlwbhvEe-6BZFGswrzLA?fileId=_F5IosLhvEe-6BZFGswrzLA$type=md$name=b_copiedfrom?">
      <expression id="_yjbUlLh1Ee-6BZFGswrzLA" setDescriptorRef="_yjbVBLh1Ee-6BZFGswrzLA">
        <expression></expression>
      </expression>
    </field>
    <field id="_yjbUlbh1Ee-6BZFGswrzLA" enable="true" insert="true" name="tec_nom_usuel_phone" ref="resource.md#_NP5a4bhvEe-6BZFGswrzLA?fileId=_F5IosLhvEe-6BZFGswrzLA$type=md$name=tec_nom_usuel_phone?" update="true">
      <expression id="_yjbUlrh1Ee-6BZFGswrzLA" setDescriptorRef="_yjbVBLh1Ee-6BZFGswrzLA">
        <expression>gd_t_ti_tiers.tec_nom_usuel_phone</expression>
      </expression>
    </field>
    <field id="_yjbUl7h1Ee-6BZFGswrzLA" enable="false" name="fd_groupe_cofinancier" ref="resource.md#_NKmEIbhvEe-6BZFGswrzLA?fileId=_F5IosLhvEe-6BZFGswrzLA$type=md$name=fd_groupe_cofinancier?">
      <expression id="_yjbUmLh1Ee-6BZFGswrzLA" setDescriptorRef="_yjbVBLh1Ee-6BZFGswrzLA">
        <expression></expression>
      </expression>
    </field>
    <field id="_yjbUmbh1Ee-6BZFGswrzLA" enable="false" name="fd_tiers" ref="resource.md#_NTh9sbhvEe-6BZFGswrzLA?fileId=_F5IosLhvEe-6BZFGswrzLA$type=md$name=fd_tiers?">
      <expression id="_yjbUmrh1Ee-6BZFGswrzLA" setDescriptorRef="_yjbVBLh1Ee-6BZFGswrzLA">
        <expression></expression>
      </expression>
    </field>
    <field id="_yjbUm7h1Ee-6BZFGswrzLA" enable="false" name="fd_type_tiers" ref="resource.md#_NNBGAbhvEe-6BZFGswrzLA?fileId=_F5IosLhvEe-6BZFGswrzLA$type=md$name=fd_type_tiers?">
      <expression id="_yjbUnLh1Ee-6BZFGswrzLA" setDescriptorRef="_yjbVBLh1Ee-6BZFGswrzLA">
        <expression></expression>
      </expression>
    </field>
    <field id="_yjbUnbh1Ee-6BZFGswrzLA" enable="false" name="fd_pays_residence" ref="resource.md#_NPTlAbhvEe-6BZFGswrzLA?fileId=_F5IosLhvEe-6BZFGswrzLA$type=md$name=fd_pays_residence?">
      <expression id="_yjbUnrh1Ee-6BZFGswrzLA" setDescriptorRef="_yjbVBLh1Ee-6BZFGswrzLA">
        <expression></expression>
      </expression>
    </field>
    <field id="_yjbUn7h1Ee-6BZFGswrzLA" enable="true" insert="true" name="f_stpa" ref="resource.md#_NMapEbhvEe-6BZFGswrzLA?fileId=_F5IosLhvEe-6BZFGswrzLA$type=md$name=f_stpa?" update="true">
      <expression id="_yjbUoLh1Ee-6BZFGswrzLA" setDescriptorRef="_yjbVBLh1Ee-6BZFGswrzLA">
        <expression>gd_t_ti_tiers.f_stpa</expression>
      </expression>
    </field>
    <field id="_yjbUobh1Ee-6BZFGswrzLA" enable="true" insert="true" name="f_pays_residence" ref="resource.md#_NPLpMbhvEe-6BZFGswrzLA?fileId=_F5IosLhvEe-6BZFGswrzLA$type=md$name=f_pays_residence?" update="true">
      <expression id="_yjbUorh1Ee-6BZFGswrzLA" setDescriptorRef="_yjbVBLh1Ee-6BZFGswrzLA">
        <expression>gd_t_ti_tiers.f_pays_residence</expression>
      </expression>
    </field>
    <field id="_yjbUo7h1Ee-6BZFGswrzLA" enable="true" insert="true" name="tec_pays_siege_social" ref="resource.md#_NQZKILhvEe-6BZFGswrzLA?fileId=_F5IosLhvEe-6BZFGswrzLA$type=md$name=tec_pays_siege_social?" update="true">
      <expression id="_yjbUpLh1Ee-6BZFGswrzLA" setDescriptorRef="_yjbVBLh1Ee-6BZFGswrzLA">
        <expression>gd_t_ti_tiers.tec_pays_siege_social</expression>
      </expression>
    </field>
    <field id="_yjbUpbh1Ee-6BZFGswrzLA" enable="false" name="fd_statut_tiers" ref="resource.md#_NKG78bhvEe-6BZFGswrzLA?fileId=_F5IosLhvEe-6BZFGswrzLA$type=md$name=fd_statut_tiers?">
      <expression id="_yjbUprh1Ee-6BZFGswrzLA" setDescriptorRef="_yjbVBLh1Ee-6BZFGswrzLA">
        <expression></expression>
      </expression>
    </field>
    <field id="_yjbUp7h1Ee-6BZFGswrzLA" enable="true" insert="true" name="code_rna" ref="resource.md#_NUPIUbhvEe-6BZFGswrzLA?fileId=_F5IosLhvEe-6BZFGswrzLA$type=md$name=code_rna?" update="true">
      <expression id="_yjbUqLh1Ee-6BZFGswrzLA" setDescriptorRef="_yjbVBLh1Ee-6BZFGswrzLA">
        <expression>gd_t_ti_tiers.code_rna</expression>
      </expression>
    </field>
    <field id="_yjbUqbh1Ee-6BZFGswrzLA" name="b_deletepath" ref="resource.md#_NCep8bhvEe-6BZFGswrzLA?fileId=_F5IosLhvEe-6BZFGswrzLA$type=md$name=b_deletepath?">
      <expression id="_yjbUqrh1Ee-6BZFGswrzLA" setDescriptorRef="_yjbVBLh1Ee-6BZFGswrzLA">
        <expression></expression>
      </expression>
    </field>
    <field id="_yjbUq7h1Ee-6BZFGswrzLA" enable="false" name="fd_categorie_cofinancier" ref="resource.md#_NK17wbhvEe-6BZFGswrzLA?fileId=_F5IosLhvEe-6BZFGswrzLA$type=md$name=fd_categorie_cofinancier?">
      <expression id="_yjbUrLh1Ee-6BZFGswrzLA" setDescriptorRef="_yjbVBLh1Ee-6BZFGswrzLA">
        <expression></expression>
      </expression>
    </field>
    <field id="_yjbUrbh1Ee-6BZFGswrzLA" enable="true" insert="true" name="duns" ref="resource.md#_NExwAbhvEe-6BZFGswrzLA?fileId=_F5IosLhvEe-6BZFGswrzLA$type=md$name=duns?" update="true">
      <expression id="_yjbUrrh1Ee-6BZFGswrzLA" setDescriptorRef="_yjbVBLh1Ee-6BZFGswrzLA">
        <expression>gd_t_ti_tiers.duns</expression>
      </expression>
    </field>
    <field id="_yjbUr7h1Ee-6BZFGswrzLA" enable="true" insert="true" name="zone_geographique" ref="resource.md#_NDMbobhvEe-6BZFGswrzLA?fileId=_F5IosLhvEe-6BZFGswrzLA$type=md$name=zone_geographique?" update="true">
      <expression id="_yjbUsLh1Ee-6BZFGswrzLA" setDescriptorRef="_yjbVBLh1Ee-6BZFGswrzLA">
        <expression>gd_t_ti_tiers.zone_geographique</expression>
      </expression>
    </field>
    <field id="_yjbUsbh1Ee-6BZFGswrzLA" enable="false" name="fd_section_naf" ref="resource.md#_NLFMUbhvEe-6BZFGswrzLA?fileId=_F5IosLhvEe-6BZFGswrzLA$type=md$name=fd_section_naf?">
      <expression id="_yjbUsrh1Ee-6BZFGswrzLA" setDescriptorRef="_yjbVBLh1Ee-6BZFGswrzLA">
        <expression></expression>
      </expression>
    </field>
    <field id="_yjbUs7h1Ee-6BZFGswrzLA" enable="true" insert="true" name="date_revision_conformite" ref="resource.md#_NDUXcbhvEe-6BZFGswrzLA?fileId=_F5IosLhvEe-6BZFGswrzLA$type=md$name=date_revision_conformite?" update="true">
      <expression id="_yjbUtLh1Ee-6BZFGswrzLA" setDescriptorRef="_yjbVBLh1Ee-6BZFGswrzLA">
        <expression>gd_t_ti_tiers.date_revision_conformite</expression>
      </expression>
    </field>
    <field id="_yjbUtbh1Ee-6BZFGswrzLA" enable="true" insert="true" name="f_type_role_nature_relation" ref="resource.md#_NRWzcbhvEe-6BZFGswrzLA?fileId=_F5IosLhvEe-6BZFGswrzLA$type=md$name=f_type_role_nature_relation?" update="true">
      <expression id="_yjbUtrh1Ee-6BZFGswrzLA" setDescriptorRef="_yjbVBLh1Ee-6BZFGswrzLA">
        <expression>gd_t_ti_tiers.f_type_role_nature_relation</expression>
      </expression>
    </field>
    <field id="_yjbUt7h1Ee-6BZFGswrzLA" enable="false" name="fd_canal_acheminement" ref="resource.md#_NNoxEbhvEe-6BZFGswrzLA?fileId=_F5IosLhvEe-6BZFGswrzLA$type=md$name=fd_canal_acheminement?">
      <expression id="_yjbUuLh1Ee-6BZFGswrzLA" setDescriptorRef="_yjbVBLh1Ee-6BZFGswrzLA">
        <expression></expression>
      </expression>
    </field>
    <field id="_yjbUubh1Ee-6BZFGswrzLA" enable="true" insert="true" name="f_groupe_cofinancier" ref="resource.md#_NKeIUbhvEe-6BZFGswrzLA?fileId=_F5IosLhvEe-6BZFGswrzLA$type=md$name=f_groupe_cofinancier?" update="true">
      <expression id="_yjbUurh1Ee-6BZFGswrzLA" setDescriptorRef="_yjbVBLh1Ee-6BZFGswrzLA">
        <expression>gd_t_ti_tiers.f_groupe_cofinancier</expression>
      </expression>
    </field>
    <field id="_yjbUu7h1Ee-6BZFGswrzLA" enable="true" insert="true" name="f_type_tiers" ref="resource.md#_NM5KMbhvEe-6BZFGswrzLA?fileId=_F5IosLhvEe-6BZFGswrzLA$type=md$name=f_type_tiers?" update="true">
      <expression id="_yjbUvLh1Ee-6BZFGswrzLA" setDescriptorRef="_yjbVBLh1Ee-6BZFGswrzLA">
        <expression>gd_t_ti_tiers.f_type_tiers</expression>
      </expression>
    </field>
    <field id="_yjbUvbh1Ee-6BZFGswrzLA" enable="false" name="tmp_token_fifti" ref="resource.md#_NTKKQbhvEe-6BZFGswrzLA?fileId=_F5IosLhvEe-6BZFGswrzLA$type=md$name=tmp_token_fifti?">
      <expression id="_yjbUvrh1Ee-6BZFGswrzLA" setDescriptorRef="_yjbVBLh1Ee-6BZFGswrzLA">
        <expression></expression>
      </expression>
    </field>
    <field id="_yjbUv7h1Ee-6BZFGswrzLA" enable="false" name="fd_categorie_tiers" ref="resource.md#_NMx1cbhvEe-6BZFGswrzLA?fileId=_F5IosLhvEe-6BZFGswrzLA$type=md$name=fd_categorie_tiers?">
      <expression id="_yjbUwLh1Ee-6BZFGswrzLA" setDescriptorRef="_yjbVBLh1Ee-6BZFGswrzLA">
        <expression></expression>
      </expression>
    </field>
    <field id="_yjbUwbh1Ee-6BZFGswrzLA" enable="true" insert="true" name="nic" ref="resource.md#_NRHi4bhvEe-6BZFGswrzLA?fileId=_F5IosLhvEe-6BZFGswrzLA$type=md$name=nic?" update="true">
      <expression id="_yjbUwrh1Ee-6BZFGswrzLA" setDescriptorRef="_yjbVBLh1Ee-6BZFGswrzLA">
        <expression>gd_t_ti_tiers.nic</expression>
      </expression>
    </field>
    <field id="_yjbUw7h1Ee-6BZFGswrzLA" enable="true" insert="true" name="id_tiers" ref="resource.md#_NBJ0QbhvEe-6BZFGswrzLA?fileId=_F5IosLhvEe-6BZFGswrzLA$type=md$name=id_tiers?" update="true" updateKey="true">
      <expression id="_yjbUxLh1Ee-6BZFGswrzLA" setDescriptorRef="_yjbVBLh1Ee-6BZFGswrzLA">
        <expression>gd_t_ti_tiers.id_tiers</expression>
      </expression>
    </field>
    <field id="_yjbUxbh1Ee-6BZFGswrzLA" name="b_dupsoperationid" ref="resource.md#_NBwRMbhvEe-6BZFGswrzLA?fileId=_F5IosLhvEe-6BZFGswrzLA$type=md$name=b_dupsoperationid?">
      <expression id="_yjbUxrh1Ee-6BZFGswrzLA" setDescriptorRef="_yjbVBLh1Ee-6BZFGswrzLA">
        <expression></expression>
      </expression>
    </field>
    <field id="_yjbUx7h1Ee-6BZFGswrzLA" enable="false" name="fd_cat_tiers" ref="resource.md#_NSbxgbhvEe-6BZFGswrzLA?fileId=_F5IosLhvEe-6BZFGswrzLA$type=md$name=fd_cat_tiers?">
      <expression id="_yjbUyLh1Ee-6BZFGswrzLA" setDescriptorRef="_yjbVBLh1Ee-6BZFGswrzLA">
        <expression></expression>
      </expression>
    </field>
    <field id="_yjbUybh1Ee-6BZFGswrzLA" enable="false" name="fd_classement_lme" ref="resource.md#_NMTUUbhvEe-6BZFGswrzLA?fileId=_F5IosLhvEe-6BZFGswrzLA$type=md$name=fd_classement_lme?">
      <expression id="_yjbUyrh1Ee-6BZFGswrzLA" setDescriptorRef="_yjbVBLh1Ee-6BZFGswrzLA">
        <expression></expression>
      </expression>
    </field>
    <field id="_yjbUy7h1Ee-6BZFGswrzLA" enable="true" insert="true" name="f_code_nace" ref="resource.md#_NLs3YbhvEe-6BZFGswrzLA?fileId=_F5IosLhvEe-6BZFGswrzLA$type=md$name=f_code_nace?" update="true">
      <expression id="_yjbUzLh1Ee-6BZFGswrzLA" setDescriptorRef="_yjbVBLh1Ee-6BZFGswrzLA">
        <expression>gd_t_ti_tiers.f_code_nace</expression>
      </expression>
    </field>
    <field id="_yjbUzbh1Ee-6BZFGswrzLA" enable="false" name="fd_agent_economique" ref="resource.md#_NNZggbhvEe-6BZFGswrzLA?fileId=_F5IosLhvEe-6BZFGswrzLA$type=md$name=fd_agent_economique?">
      <expression id="_yjbUzrh1Ee-6BZFGswrzLA" setDescriptorRef="_yjbVBLh1Ee-6BZFGswrzLA">
        <expression></expression>
      </expression>
    </field>
    <field id="_yjbUz7h1Ee-6BZFGswrzLA" enable="false" name="fd_motif_rejet_doublon" ref="resource.md#_NN4BobhvEe-6BZFGswrzLA?fileId=_F5IosLhvEe-6BZFGswrzLA$type=md$name=fd_motif_rejet_doublon?">
      <expression id="_yjbU0Lh1Ee-6BZFGswrzLA" setDescriptorRef="_yjbVBLh1Ee-6BZFGswrzLA">
        <expression></expression>
      </expression>
    </field>
    <field id="_yjbU0bh1Ee-6BZFGswrzLA" enable="false" name="fd_type_nature_relation" ref="resource.md#_NRt_0bhvEe-6BZFGswrzLA?fileId=_F5IosLhvEe-6BZFGswrzLA$type=md$name=fd_type_nature_relation?">
      <expression id="_yjbU0rh1Ee-6BZFGswrzLA" setDescriptorRef="_yjbVBLh1Ee-6BZFGswrzLA">
        <expression></expression>
      </expression>
    </field>
    <field id="_yjbU07h1Ee-6BZFGswrzLA" enable="true" insert="true" name="f_famille_cofinancier" ref="resource.md#_NKO3wbhvEe-6BZFGswrzLA?fileId=_F5IosLhvEe-6BZFGswrzLA$type=md$name=f_famille_cofinancier?" update="true">
      <expression id="_yjbU1Lh1Ee-6BZFGswrzLA" setDescriptorRef="_yjbVBLh1Ee-6BZFGswrzLA">
        <expression>gd_t_ti_tiers.f_famille_cofinancier</expression>
      </expression>
    </field>
    <field id="_yjbU1bh1Ee-6BZFGswrzLA" enable="true" insert="true" name="tec_ville_siege_social" ref="resource.md#_NQge4bhvEe-6BZFGswrzLA?fileId=_F5IosLhvEe-6BZFGswrzLA$type=md$name=tec_ville_siege_social?" update="true">
      <expression id="_yjbU1rh1Ee-6BZFGswrzLA" setDescriptorRef="_yjbVBLh1Ee-6BZFGswrzLA">
        <expression>gd_t_ti_tiers.tec_ville_siege_social</expression>
      </expression>
    </field>
    <field id="_yjbU17h1Ee-6BZFGswrzLA" enable="true" insert="true" name="id_fiscal" ref="resource.md#_NI4M4bhvEe-6BZFGswrzLA?fileId=_F5IosLhvEe-6BZFGswrzLA$type=md$name=id_fiscal?" update="true">
      <expression id="_yjbU2Lh1Ee-6BZFGswrzLA" setDescriptorRef="_yjbVBLh1Ee-6BZFGswrzLA">
        <expression>gd_t_ti_tiers.id_fiscal</expression>
      </expression>
    </field>
    <field id="_yjbU2bh1Ee-6BZFGswrzLA" enable="true" insert="true" name="tec_nom_voie_siege_social" ref="resource.md#_NQw9kbhvEe-6BZFGswrzLA?fileId=_F5IosLhvEe-6BZFGswrzLA$type=md$name=tec_nom_voie_siege_social?" update="true">
      <expression id="_yjbU2rh1Ee-6BZFGswrzLA" setDescriptorRef="_yjbVBLh1Ee-6BZFGswrzLA">
        <expression>gd_t_ti_tiers.tec_nom_voie_siege_social</expression>
      </expression>
    </field>
    <field id="_yjbU27h1Ee-6BZFGswrzLA" enable="true" insert="true" name="f_tiers" ref="resource.md#_NTaB4bhvEe-6BZFGswrzLA?fileId=_F5IosLhvEe-6BZFGswrzLA$type=md$name=f_tiers?" update="true">
      <expression id="_yjbU3Lh1Ee-6BZFGswrzLA" setDescriptorRef="_yjbVBLh1Ee-6BZFGswrzLA">
        <expression>gd_t_ti_tiers.f_tiers</expression>
      </expression>
    </field>
    <field id="_yjbU3bh1Ee-6BZFGswrzLA" enable="true" insert="true" name="siren" ref="resource.md#_NRAOIbhvEe-6BZFGswrzLA?fileId=_F5IosLhvEe-6BZFGswrzLA$type=md$name=siren?" update="true">
      <expression id="_yjbU3rh1Ee-6BZFGswrzLA" setDescriptorRef="_yjbVBLh1Ee-6BZFGswrzLA">
        <expression>gd_t_ti_tiers.siren</expression>
      </expression>
    </field>
    <field id="_yjbU37h1Ee-6BZFGswrzLA" enable="true" insert="true" name="tmp_fifti_screening_statu" ref="resource.md#_NTp5gbhvEe-6BZFGswrzLA?fileId=_F5IosLhvEe-6BZFGswrzLA$type=md$name=tmp_fifti_screening_statu?" update="true">
      <expression id="_yjbU4Lh1Ee-6BZFGswrzLA" setDescriptorRef="_yjbVBLh1Ee-6BZFGswrzLA">
        <expression>gd_t_ti_tiers.tmp_fifti_screening_statu</expression>
      </expression>
    </field>
    <field id="_yjbU4bh1Ee-6BZFGswrzLA" enable="true" insert="true" name="tec_prenom1_phone" ref="resource.md#_NQBWsbhvEe-6BZFGswrzLA?fileId=_F5IosLhvEe-6BZFGswrzLA$type=md$name=tec_prenom1_phone?" update="true">
      <expression id="_yjbU4rh1Ee-6BZFGswrzLA" setDescriptorRef="_yjbVBLh1Ee-6BZFGswrzLA">
        <expression>gd_t_ti_tiers.tec_prenom1_phone</expression>
      </expression>
    </field>
    <field id="_yjbU47h1Ee-6BZFGswrzLA" enable="true" insert="true" name="complement_raison_sociale" ref="resource.md#_NDrj0bhvEe-6BZFGswrzLA?fileId=_F5IosLhvEe-6BZFGswrzLA$type=md$name=complement_raison_sociale?" update="true">
      <expression id="_yjbU5Lh1Ee-6BZFGswrzLA" setDescriptorRef="_yjbVBLh1Ee-6BZFGswrzLA">
        <expression>gd_t_ti_tiers.complement_raison_sociale</expression>
      </expression>
    </field>
    <field id="_yjbU5bh1Ee-6BZFGswrzLA" enable="true" insert="true" name="f_cat_tiers" ref="resource.md#_NSUcwbhvEe-6BZFGswrzLA?fileId=_F5IosLhvEe-6BZFGswrzLA$type=md$name=f_cat_tiers?" update="true">
      <expression id="_yjbU5rh1Ee-6BZFGswrzLA" setDescriptorRef="_yjbVBLh1Ee-6BZFGswrzLA">
        <expression>gd_t_ti_tiers.f_cat_tiers</expression>
      </expression>
    </field>
    <field id="_yjbU57h1Ee-6BZFGswrzLA" enable="false" name="fd_stpa" ref="resource.md#_NMh90bhvEe-6BZFGswrzLA?fileId=_F5IosLhvEe-6BZFGswrzLA$type=md$name=fd_stpa?">
      <expression id="_yjbU6Lh1Ee-6BZFGswrzLA" setDescriptorRef="_yjbVBLh1Ee-6BZFGswrzLA">
        <expression></expression>
      </expression>
    </field>
    <field id="_yjbU6bh1Ee-6BZFGswrzLA" enable="true" insert="true" name="num_immatriculation_pays_" ref="resource.md#_NHlzcbhvEe-6BZFGswrzLA?fileId=_F5IosLhvEe-6BZFGswrzLA$type=md$name=num_immatriculation_pays_?" update="true">
      <expression id="_yjbU6rh1Ee-6BZFGswrzLA" setDescriptorRef="_yjbVBLh1Ee-6BZFGswrzLA">
        <expression>gd_t_ti_tiers.num_immatriculation_pays_</expression>
      </expression>
    </field>
    <field id="_yjbU67h1Ee-6BZFGswrzLA" enable="true" insert="true" name="code_tahiti" ref="resource.md#_NHWi4bhvEe-6BZFGswrzLA?fileId=_F5IosLhvEe-6BZFGswrzLA$type=md$name=code_tahiti?" update="true">
      <expression id="_yjbU7Lh1Ee-6BZFGswrzLA" setDescriptorRef="_yjbVBLh1Ee-6BZFGswrzLA">
        <expression>gd_t_ti_tiers.code_tahiti</expression>
      </expression>
    </field>
    <field id="_yjbU7bh1Ee-6BZFGswrzLA" enable="true" insert="true" name="prenom2" ref="resource.md#_NIhnkbhvEe-6BZFGswrzLA?fileId=_F5IosLhvEe-6BZFGswrzLA$type=md$name=prenom2?" update="true">
      <expression id="_yjbU7rh1Ee-6BZFGswrzLA" setDescriptorRef="_yjbVBLh1Ee-6BZFGswrzLA">
        <expression>gd_t_ti_tiers.prenom2</expression>
      </expression>
    </field>
    <field id="_yjbU77h1Ee-6BZFGswrzLA" enable="false" name="fd_famille_cofinancier" ref="resource.md#_NKWzkbhvEe-6BZFGswrzLA?fileId=_F5IosLhvEe-6BZFGswrzLA$type=md$name=fd_famille_cofinancier?">
      <expression id="_yjbU8Lh1Ee-6BZFGswrzLA" setDescriptorRef="_yjbVBLh1Ee-6BZFGswrzLA">
        <expression></expression>
      </expression>
    </field>
    <field id="_yjbU8bh1Ee-6BZFGswrzLA" name="b_deletetype" ref="resource.md#_NB_hwbhvEe-6BZFGswrzLA?fileId=_F5IosLhvEe-6BZFGswrzLA$type=md$name=b_deletetype?">
      <expression id="_yjbU8rh1Ee-6BZFGswrzLA" setDescriptorRef="_yjbVBLh1Ee-6BZFGswrzLA">
        <expression></expression>
      </expression>
    </field>
    <field id="_yjbU87h1Ee-6BZFGswrzLA" enable="true" insert="true" name="nom_naissance" ref="resource.md#_NIS-EbhvEe-6BZFGswrzLA?fileId=_F5IosLhvEe-6BZFGswrzLA$type=md$name=nom_naissance?" update="true">
      <expression id="_yjbU9Lh1Ee-6BZFGswrzLA" setDescriptorRef="_yjbVBLh1Ee-6BZFGswrzLA">
        <expression>gd_t_ti_tiers.nom_naissance</expression>
      </expression>
    </field>
    <field id="_yjbU9bh1Ee-6BZFGswrzLA" name="b_deletedate" ref="resource.md#_NCHdkbhvEe-6BZFGswrzLA?fileId=_F5IosLhvEe-6BZFGswrzLA$type=md$name=b_deletedate?">
      <expression id="_yjbU9rh1Ee-6BZFGswrzLA" setDescriptorRef="_yjbVBLh1Ee-6BZFGswrzLA">
        <expression></expression>
      </expression>
    </field>
    <field id="_yjbU97h1Ee-6BZFGswrzLA" enable="true" insert="true" name="f_code_naf" ref="resource.md#_NS6SobhvEe-6BZFGswrzLA?fileId=_F5IosLhvEe-6BZFGswrzLA$type=md$name=f_code_naf?" update="true">
      <expression id="_yjbU-Lh1Ee-6BZFGswrzLA" setDescriptorRef="_yjbVBLh1Ee-6BZFGswrzLA">
        <expression>gd_t_ti_tiers.f_code_naf</expression>
      </expression>
    </field>
    <field id="_yjbU-bh1Ee-6BZFGswrzLA" enable="true" insert="true" name="objet_social" ref="resource.md#_NEKsAbhvEe-6BZFGswrzLA?fileId=_F5IosLhvEe-6BZFGswrzLA$type=md$name=objet_social?" update="true">
      <expression id="_yjbU-rh1Ee-6BZFGswrzLA" setDescriptorRef="_yjbVBLh1Ee-6BZFGswrzLA">
        <expression>gd_t_ti_tiers.objet_social</expression>
      </expression>
    </field>
    <field id="_yjbU-7h1Ee-6BZFGswrzLA" enable="true" insert="true" name="f_motif_rejet_doublon" ref="resource.md#_NNws4bhvEe-6BZFGswrzLA?fileId=_F5IosLhvEe-6BZFGswrzLA$type=md$name=f_motif_rejet_doublon?" update="true">
      <expression id="_yjbU_Lh1Ee-6BZFGswrzLA" setDescriptorRef="_yjbVBLh1Ee-6BZFGswrzLA">
        <expression>gd_t_ti_tiers.f_motif_rejet_doublon</expression>
      </expression>
    </field>
    <field id="_yjbU_bh1Ee-6BZFGswrzLA" enable="true" insert="true" name="date_immatriculation" ref="resource.md#_NH7xsLhvEe-6BZFGswrzLA?fileId=_F5IosLhvEe-6BZFGswrzLA$type=md$name=date_immatriculation?" update="true">
      <expression id="_yjbU_rh1Ee-6BZFGswrzLA" setDescriptorRef="_yjbVBLh1Ee-6BZFGswrzLA">
        <expression>gd_t_ti_tiers.date_immatriculation</expression>
      </expression>
    </field>
    <field id="_yjbU_7h1Ee-6BZFGswrzLA" enable="false" name="fd_pays_fiscal" ref="resource.md#_NPDtYbhvEe-6BZFGswrzLA?fileId=_F5IosLhvEe-6BZFGswrzLA$type=md$name=fd_pays_fiscal?">
      <expression id="_yjbVALh1Ee-6BZFGswrzLA" setDescriptorRef="_yjbVBLh1Ee-6BZFGswrzLA">
        <expression></expression>
      </expression>
    </field>
    <field id="_yjbVAbh1Ee-6BZFGswrzLA" enable="true" insert="true" name="date_creation_societe" ref="resource.md#_NT4jAbhvEe-6BZFGswrzLA?fileId=_F5IosLhvEe-6BZFGswrzLA$type=md$name=date_creation_societe?" update="true">
      <expression id="_yjbVArh1Ee-6BZFGswrzLA" setDescriptorRef="_yjbVBLh1Ee-6BZFGswrzLA">
        <expression>gd_t_ti_tiers.date_creation_societe</expression>
      </expression>
    </field>
    <constraint id="_yjbVA7h1Ee-6BZFGswrzLA" name="pksa_t_ti_tiers" ref="resource.md#_NWkDkLhvEe-6BZFGswrzLA?fileId=_F5IosLhvEe-6BZFGswrzLA$type=md$name=pksa_t_ti_tiers?" reject="true"/>
    <setDescriptor id="_yjbVBLh1Ee-6BZFGswrzLA" label="A"/>
  </datastore>
  <datastore id="_yjbVBbh1Ee-6BZFGswrzLA" alias="gd_t_ti_tiers" dataset="_yjbVbbh1Ee-6BZFGswrzLA" ref="resource.md#_MuDSELhvEe-6BZFGswrzLA?fileId=_F5IosLhvEe-6BZFGswrzLA$type=md$name=gd_t_ti_tiers?">
    <field id="_yjbVBrh1Ee-6BZFGswrzLA" fullAlias="f_cat_tiers" name="f_cat_tiers" ref="resource.md#_M9v68bhvEe-6BZFGswrzLA?fileId=_F5IosLhvEe-6BZFGswrzLA$type=md$name=f_cat_tiers?"/>
    <field id="_yjbVB7h1Ee-6BZFGswrzLA" fullAlias="date_naissance" name="date_naissance" ref="resource.md#_M3XmILhvEe-6BZFGswrzLA?fileId=_F5IosLhvEe-6BZFGswrzLA$type=md$name=date_naissance?"/>
    <field id="_yjbVCLh1Ee-6BZFGswrzLA" fullAlias="f_famille_cofinancier" name="f_famille_cofinancier" ref="resource.md#_M44CAbhvEe-6BZFGswrzLA?fileId=_F5IosLhvEe-6BZFGswrzLA$type=md$name=f_famille_cofinancier?"/>
    <field id="_yjbVCbh1Ee-6BZFGswrzLA" fullAlias="b_credate" name="b_credate" ref="resource.md#_MvQL8bhvEe-6BZFGswrzLA?fileId=_F5IosLhvEe-6BZFGswrzLA$type=md$name=b_credate?"/>
    <field id="_yjbVCrh1Ee-6BZFGswrzLA" fullAlias="duns" name="duns" ref="resource.md#_MzfLsbhvEe-6BZFGswrzLA?fileId=_F5IosLhvEe-6BZFGswrzLA$type=md$name=duns?"/>
    <field id="_yjbVC7h1Ee-6BZFGswrzLA" fullAlias="tec_num_voie_siege_social" name="tec_num_voie_siege_social" ref="resource.md#_M8KmkbhvEe-6BZFGswrzLA?fileId=_F5IosLhvEe-6BZFGswrzLA$type=md$name=tec_num_voie_siege_social?"/>
    <field id="_yjbVDLh1Ee-6BZFGswrzLA" fullAlias="f_pays_de_naissance" name="f_pays_de_naissance" ref="resource.md#_M7USAbhvEe-6BZFGswrzLA?fileId=_F5IosLhvEe-6BZFGswrzLA$type=md$name=f_pays_de_naissance?"/>
    <field id="_yjbVDbh1Ee-6BZFGswrzLA" fullAlias="f_motif_rejet_doublon" name="f_motif_rejet_doublon" ref="resource.md#_M6WBobhvEe-6BZFGswrzLA?fileId=_F5IosLhvEe-6BZFGswrzLA$type=md$name=f_motif_rejet_doublon?"/>
    <field id="_yjbVDrh1Ee-6BZFGswrzLA" fullAlias="code_ridet" name="code_ridet" ref="resource.md#_Mz2_IbhvEe-6BZFGswrzLA?fileId=_F5IosLhvEe-6BZFGswrzLA$type=md$name=code_ridet?"/>
    <field id="_yjbVD7h1Ee-6BZFGswrzLA" name="f_statut_tiers" ref="resource.md#_M4wtQbhvEe-6BZFGswrzLA?fileId=_F5IosLhvEe-6BZFGswrzLA$type=md$name=f_statut_tiers?"/>
    <field id="_yjbVELh1Ee-6BZFGswrzLA" fullAlias="f_regroupement_naf" name="f_regroupement_naf" ref="resource.md#_M98vQbhvEe-6BZFGswrzLA?fileId=_F5IosLhvEe-6BZFGswrzLA$type=md$name=f_regroupement_naf?"/>
    <field id="_yjbVEbh1Ee-6BZFGswrzLA" fullAlias="f_pays_fiscal" name="f_pays_fiscal" ref="resource.md#_M68ekbhvEe-6BZFGswrzLA?fileId=_F5IosLhvEe-6BZFGswrzLA$type=md$name=f_pays_fiscal?"/>
    <field id="_yjbVErh1Ee-6BZFGswrzLA" fullAlias="complement_raison_sociale" name="complement_raison_sociale" ref="resource.md#_MwQRgbhvEe-6BZFGswrzLA?fileId=_F5IosLhvEe-6BZFGswrzLA$type=md$name=complement_raison_sociale?"/>
    <field id="_yjbVE7h1Ee-6BZFGswrzLA" fullAlias="f_sous_section_naf" name="f_sous_section_naf" ref="resource.md#_M-L_0bhvEe-6BZFGswrzLA?fileId=_F5IosLhvEe-6BZFGswrzLA$type=md$name=f_sous_section_naf?"/>
    <field id="_yjbVFLh1Ee-6BZFGswrzLA" fullAlias="tiers_redondant" name="tiers_redondant" ref="resource.md#_M-tkQbhvEe-6BZFGswrzLA?fileId=_F5IosLhvEe-6BZFGswrzLA$type=md$name=tiers_redondant?"/>
    <field id="_yjbVFbh1Ee-6BZFGswrzLA" fullAlias="raison_sociale_abregee" name="raison_sociale_abregee" ref="resource.md#_MwY0YbhvEe-6BZFGswrzLA?fileId=_F5IosLhvEe-6BZFGswrzLA$type=md$name=raison_sociale_abregee?"/>
    <field id="_yjbVFrh1Ee-6BZFGswrzLA" fullAlias="f_code_pcs" name="f_code_pcs" ref="resource.md#_M5gUIbhvEe-6BZFGswrzLA?fileId=_F5IosLhvEe-6BZFGswrzLA$type=md$name=f_code_pcs?"/>
    <field id="_yjbVF7h1Ee-6BZFGswrzLA" fullAlias="f_categorie_juridique" name="f_categorie_juridique" ref="resource.md#_M9nYEbhvEe-6BZFGswrzLA?fileId=_F5IosLhvEe-6BZFGswrzLA$type=md$name=f_categorie_juridique?"/>
    <field id="_yjbVGLh1Ee-6BZFGswrzLA" fullAlias="num_tva_inter_communautai" name="num_tva_inter_communautai" ref="resource.md#_M0WHUbhvEe-6BZFGswrzLA?fileId=_F5IosLhvEe-6BZFGswrzLA$type=md$name=num_tva_inter_communautai?"/>
    <field id="_yjbVGbh1Ee-6BZFGswrzLA" fullAlias="f_tiers" name="f_tiers" ref="resource.md#_M-1gEbhvEe-6BZFGswrzLA?fileId=_F5IosLhvEe-6BZFGswrzLA$type=md$name=f_tiers?"/>
    <field id="_yjbVGrh1Ee-6BZFGswrzLA" name="b_batchid" ref="resource.md#_MvIQIbhvEe-6BZFGswrzLA?fileId=_F5IosLhvEe-6BZFGswrzLA$type=md$name=b_batchid?"/>
    <field id="_yjbVG7h1Ee-6BZFGswrzLA" fullAlias="nom_commercial" name="nom_commercial" ref="resource.md#_MytIkbhvEe-6BZFGswrzLA?fileId=_F5IosLhvEe-6BZFGswrzLA$type=md$name=nom_commercial?"/>
    <field id="_yjbVHLh1Ee-6BZFGswrzLA" fullAlias="donnee_ok" name="donnee_ok" ref="resource.md#_M33VYbhvEe-6BZFGswrzLA?fileId=_F5IosLhvEe-6BZFGswrzLA$type=md$name=donnee_ok?"/>
    <field id="_yjbVHbh1Ee-6BZFGswrzLA" fullAlias="f_type_tiers" name="f_type_tiers" ref="resource.md#_M5-1QbhvEe-6BZFGswrzLA?fileId=_F5IosLhvEe-6BZFGswrzLA$type=md$name=f_type_tiers?"/>
    <field id="_yjbVHrh1Ee-6BZFGswrzLA" fullAlias="qualite" name="qualite" ref="resource.md#_M0tTsbhvEe-6BZFGswrzLA?fileId=_F5IosLhvEe-6BZFGswrzLA$type=md$name=qualite?"/>
    <field id="_yjbVH7h1Ee-6BZFGswrzLA" fullAlias="procedure_exception" name="procedure_exception" ref="resource.md#_M_EwoLhvEe-6BZFGswrzLA?fileId=_F5IosLhvEe-6BZFGswrzLA$type=md$name=procedure_exception?"/>
    <field id="_yjbVILh1Ee-6BZFGswrzLA" fullAlias="f_code_nace" name="f_code_nace" ref="resource.md#_M5XxQbhvEe-6BZFGswrzLA?fileId=_F5IosLhvEe-6BZFGswrzLA$type=md$name=f_code_nace?"/>
    <field id="_yjbVIbh1Ee-6BZFGswrzLA" name="tmp_token_fifti" ref="resource.md#_M-locbhvEe-6BZFGswrzLA?fileId=_F5IosLhvEe-6BZFGswrzLA$type=md$name=tmp_token_fifti?"/>
    <field id="_yjbVIrh1Ee-6BZFGswrzLA" fullAlias="code_tahiti" name="code_tahiti" ref="resource.md#_Mz_iALhvEe-6BZFGswrzLA?fileId=_F5IosLhvEe-6BZFGswrzLA$type=md$name=code_tahiti?"/>
    <field id="_yjbVI7h1Ee-6BZFGswrzLA" fullAlias="f_canal_acheminement" name="f_canal_acheminement" ref="resource.md#_M6Os4LhvEe-6BZFGswrzLA?fileId=_F5IosLhvEe-6BZFGswrzLA$type=md$name=f_canal_acheminement?"/>
    <field id="_yjbVJLh1Ee-6BZFGswrzLA" fullAlias="document_ok" name="document_ok" ref="resource.md#_M3wAobhvEe-6BZFGswrzLA?fileId=_F5IosLhvEe-6BZFGswrzLA$type=md$name=document_ok?"/>
    <field id="_yjbVJbh1Ee-6BZFGswrzLA" fullAlias="siret" name="siret" ref="resource.md#_M8xqkbhvEe-6BZFGswrzLA?fileId=_F5IosLhvEe-6BZFGswrzLA$type=md$name=siret?"/>
    <field id="_yjbVJrh1Ee-6BZFGswrzLA" fullAlias="flag_licence_bancaire" name="flag_licence_bancaire" ref="resource.md#_M-dsobhvEe-6BZFGswrzLA?fileId=_F5IosLhvEe-6BZFGswrzLA$type=md$name=flag_licence_bancaire?"/>
    <field id="_yjbVJ7h1Ee-6BZFGswrzLA" fullAlias="flg_doublondetecte" name="flg_doublondetecte" ref="resource.md#_M7ssgbhvEe-6BZFGswrzLA?fileId=_F5IosLhvEe-6BZFGswrzLA$type=md$name=flg_doublondetecte?"/>
    <field id="_yjbVKLh1Ee-6BZFGswrzLA" fullAlias="zone_geographique" name="zone_geographique" ref="resource.md#_MvxJUbhvEe-6BZFGswrzLA?fileId=_F5IosLhvEe-6BZFGswrzLA$type=md$name=zone_geographique?"/>
    <field id="_yjbVKbh1Ee-6BZFGswrzLA" fullAlias="b_updator" name="b_updator" ref="resource.md#_Mvn_YbhvEe-6BZFGswrzLA?fileId=_F5IosLhvEe-6BZFGswrzLA$type=md$name=b_updator?"/>
    <field id="_yjbVKrh1Ee-6BZFGswrzLA" fullAlias="date_desactivation" name="date_desactivation" ref="resource.md#_M4gOkbhvEe-6BZFGswrzLA?fileId=_F5IosLhvEe-6BZFGswrzLA$type=md$name=date_desactivation?"/>
    <field id="_yjbVK7h1Ee-6BZFGswrzLA" fullAlias="nom_usuel" name="nom_usuel" ref="resource.md#_M01PgbhvEe-6BZFGswrzLA?fileId=_F5IosLhvEe-6BZFGswrzLA$type=md$name=nom_usuel?"/>
    <field id="_yjbVLLh1Ee-6BZFGswrzLA" fullAlias="f_motif_exception" name="f_motif_exception" ref="resource.md#_M6l5QbhvEe-6BZFGswrzLA?fileId=_F5IosLhvEe-6BZFGswrzLA$type=md$name=f_motif_exception?"/>
    <field id="_yjbVLbh1Ee-6BZFGswrzLA" fullAlias="f_section_naf" name="f_section_naf" ref="resource.md#_M-ErELhvEe-6BZFGswrzLA?fileId=_F5IosLhvEe-6BZFGswrzLA$type=md$name=f_section_naf?"/>
    <field id="_yjbVLrh1Ee-6BZFGswrzLA" fullAlias="entreprise_cotee" name="entreprise_cotee" ref="resource.md#_MzXP4LhvEe-6BZFGswrzLA?fileId=_F5IosLhvEe-6BZFGswrzLA$type=md$name=entreprise_cotee?"/>
    <field id="_yjbVL7h1Ee-6BZFGswrzLA" fullAlias="f_motifdesactivation" name="f_motifdesactivation" ref="resource.md#_M6d9cbhvEe-6BZFGswrzLA?fileId=_F5IosLhvEe-6BZFGswrzLA$type=md$name=f_motifdesactivation?"/>
    <field id="_yjbVMLh1Ee-6BZFGswrzLA" fullAlias="sigle_societe" name="sigle_societe" ref="resource.md#_MwgwMbhvEe-6BZFGswrzLA?fileId=_F5IosLhvEe-6BZFGswrzLA$type=md$name=sigle_societe?"/>
    <field id="_yjbVMbh1Ee-6BZFGswrzLA" fullAlias="siren" name="siren" ref="resource.md#_M8iaAbhvEe-6BZFGswrzLA?fileId=_F5IosLhvEe-6BZFGswrzLA$type=md$name=siren?"/>
    <field id="_yjbVMrh1Ee-6BZFGswrzLA" fullAlias="nom_naissance" name="nom_naissance" ref="resource.md#_M0-ZcLhvEe-6BZFGswrzLA?fileId=_F5IosLhvEe-6BZFGswrzLA$type=md$name=nom_naissance?"/>
    <field id="_yjbVM7h1Ee-6BZFGswrzLA" fullAlias="f_entite" name="f_entite" ref="resource.md#_M9T2EbhvEe-6BZFGswrzLA?fileId=_F5IosLhvEe-6BZFGswrzLA$type=md$name=f_entite?"/>
    <field id="_yjbVNLh1Ee-6BZFGswrzLA" fullAlias="num_immatriculation_pays_" name="num_immatriculation_pays_" ref="resource.md#_M0OykbhvEe-6BZFGswrzLA?fileId=_F5IosLhvEe-6BZFGswrzLA$type=md$name=num_immatriculation_pays_?"/>
    <field id="_yjbVNbh1Ee-6BZFGswrzLA" fullAlias="type_ong" name="type_ong" ref="resource.md#_MzOtAbhvEe-6BZFGswrzLA?fileId=_F5IosLhvEe-6BZFGswrzLA$type=md$name=type_ong?"/>
    <field id="_yjbVNrh1Ee-6BZFGswrzLA" fullAlias="f_type_nature_relation" name="f_type_nature_relation" ref="resource.md#_M9BiMbhvEe-6BZFGswrzLA?fileId=_F5IosLhvEe-6BZFGswrzLA$type=md$name=f_type_nature_relation?"/>
    <field id="_yjbVN7h1Ee-6BZFGswrzLA" fullAlias="f_groupe_cofinancier" name="f_groupe_cofinancier" ref="resource.md#_M4_90bhvEe-6BZFGswrzLA?fileId=_F5IosLhvEe-6BZFGswrzLA$type=md$name=f_groupe_cofinancier?"/>
    <field id="_yjbVOLh1Ee-6BZFGswrzLA" fullAlias="f_categorie_tiers" name="f_categorie_tiers" ref="resource.md#_M525cbhvEe-6BZFGswrzLA?fileId=_F5IosLhvEe-6BZFGswrzLA$type=md$name=f_categorie_tiers?"/>
    <field id="_yjbVObh1Ee-6BZFGswrzLA" fullAlias="f_classement_lme" name="f_classement_lme" ref="resource.md#_M5no4bhvEe-6BZFGswrzLA?fileId=_F5IosLhvEe-6BZFGswrzLA$type=md$name=f_classement_lme?"/>
    <field id="_yjbVOrh1Ee-6BZFGswrzLA" fullAlias="date_creation_societe" name="date_creation_societe" ref="resource.md#_M_MFYbhvEe-6BZFGswrzLA?fileId=_F5IosLhvEe-6BZFGswrzLA$type=md$name=date_creation_societe?"/>
    <field id="_yjbVO7h1Ee-6BZFGswrzLA" fullAlias="tec_code_postal_siege_soc" name="tec_code_postal_siege_soc" ref="resource.md#_M8aeMbhvEe-6BZFGswrzLA?fileId=_F5IosLhvEe-6BZFGswrzLA$type=md$name=tec_code_postal_siege_soc?"/>
    <field id="_yjbVPLh1Ee-6BZFGswrzLA" fullAlias="tec_reset_statut" name="tec_reset_statut" ref="resource.md#_M9dAAbhvEe-6BZFGswrzLA?fileId=_F5IosLhvEe-6BZFGswrzLA$type=md$name=tec_reset_statut?"/>
    <field id="_yjbVPbh1Ee-6BZFGswrzLA" fullAlias="lei" name="lei" ref="resource.md#_MznHgbhvEe-6BZFGswrzLA?fileId=_F5IosLhvEe-6BZFGswrzLA$type=md$name=lei?"/>
    <field id="_yjbVPrh1Ee-6BZFGswrzLA" fullAlias="f_motif_rejet_screening" name="f_motif_rejet_screening" ref="resource.md#_M6tOAbhvEe-6BZFGswrzLA?fileId=_F5IosLhvEe-6BZFGswrzLA$type=md$name=f_motif_rejet_screening?"/>
    <field id="_yjbVP7h1Ee-6BZFGswrzLA" fullAlias="b_classname" name="b_classname" ref="resource.md#_Mu-fIbhvEe-6BZFGswrzLA?fileId=_F5IosLhvEe-6BZFGswrzLA$type=md$name=b_classname?"/>
    <field id="_yjbVQLh1Ee-6BZFGswrzLA" fullAlias="f_categorie_cofinancier" name="f_categorie_cofinancier" ref="resource.md#_M5HSkbhvEe-6BZFGswrzLA?fileId=_F5IosLhvEe-6BZFGswrzLA$type=md$name=f_categorie_cofinancier?"/>
    <field id="_yjbVQbh1Ee-6BZFGswrzLA" fullAlias="prenom2" name="prenom2" ref="resource.md#_M1NqAbhvEe-6BZFGswrzLA?fileId=_F5IosLhvEe-6BZFGswrzLA$type=md$name=prenom2?"/>
    <field id="_yjbVQrh1Ee-6BZFGswrzLA" name="ok_screening" ref="resource.md#_M4AfUbhvEe-6BZFGswrzLA?fileId=_F5IosLhvEe-6BZFGswrzLA$type=md$name=ok_screening?"/>
    <field id="_yjbVQ7h1Ee-6BZFGswrzLA" fullAlias="ville_naissance" name="ville_naissance" ref="resource.md#_M3gJAbhvEe-6BZFGswrzLA?fileId=_F5IosLhvEe-6BZFGswrzLA$type=md$name=ville_naissance?"/>
    <field id="_yjbVRLh1Ee-6BZFGswrzLA" fullAlias="prenom1" name="prenom1" ref="resource.md#_M1FuMbhvEe-6BZFGswrzLA?fileId=_F5IosLhvEe-6BZFGswrzLA$type=md$name=prenom1?"/>
    <field id="_yjbVRbh1Ee-6BZFGswrzLA" fullAlias="representation_local" name="representation_local" ref="resource.md#_My9nQbhvEe-6BZFGswrzLA?fileId=_F5IosLhvEe-6BZFGswrzLA$type=md$name=representation_local?"/>
    <field id="_yjbVRrh1Ee-6BZFGswrzLA" fullAlias="f_pays" name="f_pays" ref="resource.md#_M61J0bhvEe-6BZFGswrzLA?fileId=_F5IosLhvEe-6BZFGswrzLA$type=md$name=f_pays?"/>
    <field id="_yjbVR7h1Ee-6BZFGswrzLA" fullAlias="date_immatriculation" name="date_immatriculation" ref="resource.md#_M0lX4bhvEe-6BZFGswrzLA?fileId=_F5IosLhvEe-6BZFGswrzLA$type=md$name=date_immatriculation?"/>
    <field id="_yjbVSLh1Ee-6BZFGswrzLA" fullAlias="objet_social" name="objet_social" ref="resource.md#_My1EYbhvEe-6BZFGswrzLA?fileId=_F5IosLhvEe-6BZFGswrzLA$type=md$name=objet_social?"/>
    <field id="_yjbVSbh1Ee-6BZFGswrzLA" fullAlias="tec_raison_sociale_phone" name="tec_raison_sociale_phone" ref="resource.md#_M4oxcbhvEe-6BZFGswrzLA?fileId=_F5IosLhvEe-6BZFGswrzLA$type=md$name=tec_raison_sociale_phone?"/>
    <field id="_yjbVSrh1Ee-6BZFGswrzLA" fullAlias="date_creation_tiers" name="date_creation_tiers" ref="resource.md#_M4Y50LhvEe-6BZFGswrzLA?fileId=_F5IosLhvEe-6BZFGswrzLA$type=md$name=date_creation_tiers?"/>
    <field id="_yjbVS7h1Ee-6BZFGswrzLA" fullAlias="f_code_naf" name="f_code_naf" ref="resource.md#_M-UisbhvEe-6BZFGswrzLA?fileId=_F5IosLhvEe-6BZFGswrzLA$type=md$name=f_code_naf?"/>
    <field id="_yjbVTLh1Ee-6BZFGswrzLA" fullAlias="nic" name="nic" ref="resource.md#_M8qV0bhvEe-6BZFGswrzLA?fileId=_F5IosLhvEe-6BZFGswrzLA$type=md$name=nic?"/>
    <field id="_yjbVTbh1Ee-6BZFGswrzLA" fullAlias="b_creator" name="b_creator" ref="resource.md#_MvgqobhvEe-6BZFGswrzLA?fileId=_F5IosLhvEe-6BZFGswrzLA$type=md$name=b_creator?"/>
    <field id="_yjbVTrh1Ee-6BZFGswrzLA" fullAlias="date_revision_conformite" name="date_revision_conformite" ref="resource.md#_Mv4eEbhvEe-6BZFGswrzLA?fileId=_F5IosLhvEe-6BZFGswrzLA$type=md$name=date_revision_conformite?"/>
    <field id="_yjbVT7h1Ee-6BZFGswrzLA" fullAlias="f_pays_nationalite" name="f_pays_nationalite" ref="resource.md#_M_TaIbhvEe-6BZFGswrzLA?fileId=_F5IosLhvEe-6BZFGswrzLA$type=md$name=f_pays_nationalite?"/>
    <field id="_yjbVULh1Ee-6BZFGswrzLA" name="b_upddate" ref="resource.md#_MvYu0LhvEe-6BZFGswrzLA?fileId=_F5IosLhvEe-6BZFGswrzLA$type=md$name=b_upddate?"/>
    <field id="_yjbVUbh1Ee-6BZFGswrzLA" fullAlias="f_pays_residence" name="f_pays_residence" ref="resource.md#_M7EaYbhvEe-6BZFGswrzLA?fileId=_F5IosLhvEe-6BZFGswrzLA$type=md$name=f_pays_residence?"/>
    <field id="_yjbVUrh1Ee-6BZFGswrzLA" fullAlias="tmp_fifti_screening_statu" name="tmp_fifti_screening_statu" ref="resource.md#_M-800LhvEe-6BZFGswrzLA?fileId=_F5IosLhvEe-6BZFGswrzLA$type=md$name=tmp_fifti_screening_statu?"/>
    <field id="_yjbVU7h1Ee-6BZFGswrzLA" fullAlias="tec_nom_voie_siege_social" name="tec_nom_voie_siege_social" ref="resource.md#_M8TJcbhvEe-6BZFGswrzLA?fileId=_F5IosLhvEe-6BZFGswrzLA$type=md$name=tec_nom_voie_siege_social?"/>
    <field id="_yjbVVLh1Ee-6BZFGswrzLA" fullAlias="f_pays_immatriculation" name="f_pays_immatriculation" ref="resource.md#_M7MWMbhvEe-6BZFGswrzLA?fileId=_F5IosLhvEe-6BZFGswrzLA$type=md$name=f_pays_immatriculation?"/>
    <field id="_yjbVVbh1Ee-6BZFGswrzLA" fullAlias="id_fiscal" name="id_fiscal" ref="resource.md#_M3ndwbhvEe-6BZFGswrzLA?fileId=_F5IosLhvEe-6BZFGswrzLA$type=md$name=id_fiscal?"/>
    <field id="_yjbVVrh1Ee-6BZFGswrzLA" fullAlias="f_sous_sous_section_naf" name="f_sous_sous_section_naf" ref="resource.md#_M5POYbhvEe-6BZFGswrzLA?fileId=_F5IosLhvEe-6BZFGswrzLA$type=md$name=f_sous_sous_section_naf?"/>
    <field id="_yjbVV7h1Ee-6BZFGswrzLA" fullAlias="tec_adresse_siege_social" name="tec_adresse_siege_social" ref="resource.md#_M70BQbhvEe-6BZFGswrzLA?fileId=_F5IosLhvEe-6BZFGswrzLA$type=md$name=tec_adresse_siege_social?"/>
    <field id="_yjbVWLh1Ee-6BZFGswrzLA" fullAlias="tec_pays_siege_social" name="tec_pays_siege_social" ref="resource.md#_M779EbhvEe-6BZFGswrzLA?fileId=_F5IosLhvEe-6BZFGswrzLA$type=md$name=tec_pays_siege_social?"/>
    <field id="_yjbVWbh1Ee-6BZFGswrzLA" fullAlias="code_rna" name="code_rna" ref="resource.md#_M_bV8bhvEe-6BZFGswrzLA?fileId=_F5IosLhvEe-6BZFGswrzLA$type=md$name=code_rna?"/>
    <field id="_yjbVWrh1Ee-6BZFGswrzLA" fullAlias="date_envoi_screening" name="date_envoi_screening" ref="resource.md#_M4JCMbhvEe-6BZFGswrzLA?fileId=_F5IosLhvEe-6BZFGswrzLA$type=md$name=date_envoi_screening?"/>
    <field id="_yjbVW7h1Ee-6BZFGswrzLA" fullAlias="id_tiers" name="id_tiers" ref="resource.md#_Mu2jULhvEe-6BZFGswrzLA?fileId=_F5IosLhvEe-6BZFGswrzLA$type=md$name=id_tiers?" updateKey="true"/>
    <field id="_yjbVXLh1Ee-6BZFGswrzLA" fullAlias="raison_sociale" name="raison_sociale" ref="resource.md#_MwIVsbhvEe-6BZFGswrzLA?fileId=_F5IosLhvEe-6BZFGswrzLA$type=md$name=raison_sociale?"/>
    <field id="_yjbVXbh1Ee-6BZFGswrzLA" fullAlias="f_stpa" name="f_stpa" ref="resource.md#_M5vksbhvEe-6BZFGswrzLA?fileId=_F5IosLhvEe-6BZFGswrzLA$type=md$name=f_stpa?"/>
    <field id="_yjbVXrh1Ee-6BZFGswrzLA" fullAlias="ville_immatriculation" name="ville_immatriculation" ref="resource.md#_M0eDIbhvEe-6BZFGswrzLA?fileId=_F5IosLhvEe-6BZFGswrzLA$type=md$name=ville_immatriculation?"/>
    <field id="_yjbVX7h1Ee-6BZFGswrzLA" fullAlias="registre_commerciale" name="registre_commerciale" ref="resource.md#_MzvDUbhvEe-6BZFGswrzLA?fileId=_F5IosLhvEe-6BZFGswrzLA$type=md$name=registre_commerciale?"/>
    <field id="_yjbVYLh1Ee-6BZFGswrzLA" fullAlias="agence_entite" name="agence_entite" ref="resource.md#_MzE8AbhvEe-6BZFGswrzLA?fileId=_F5IosLhvEe-6BZFGswrzLA$type=md$name=agence_entite?"/>
    <field id="_yjbVYbh1Ee-6BZFGswrzLA" fullAlias="date_revision_previsionne" name="date_revision_previsionne" ref="resource.md#_MwAZ4bhvEe-6BZFGswrzLA?fileId=_F5IosLhvEe-6BZFGswrzLA$type=md$name=date_revision_previsionne?"/>
    <field id="_yjbVYrh1Ee-6BZFGswrzLA" fullAlias="f_agent_economique" name="f_agent_economique" ref="resource.md#_M6GKAbhvEe-6BZFGswrzLA?fileId=_F5IosLhvEe-6BZFGswrzLA$type=md$name=f_agent_economique?"/>
    <field id="_yjbVY7h1Ee-6BZFGswrzLA" fullAlias="tec_nom_usuel_phone" name="tec_nom_usuel_phone" ref="resource.md#_M7c04bhvEe-6BZFGswrzLA?fileId=_F5IosLhvEe-6BZFGswrzLA$type=md$name=tec_nom_usuel_phone?"/>
    <field id="_yjbVZLh1Ee-6BZFGswrzLA" fullAlias="f_type_role_nature_relation" name="f_type_role_nature_relation" ref="resource.md#_M85mYbhvEe-6BZFGswrzLA?fileId=_F5IosLhvEe-6BZFGswrzLA$type=md$name=f_type_role_nature_relation?"/>
    <field id="_yjbVZbh1Ee-6BZFGswrzLA" fullAlias="tec_ville_siege_social" name="tec_ville_siege_social" ref="resource.md#_M8DR0bhvEe-6BZFGswrzLA?fileId=_F5IosLhvEe-6BZFGswrzLA$type=md$name=tec_ville_siege_social?"/>
    <field id="_yjbVZrh1Ee-6BZFGswrzLA" fullAlias="appartenance_groupe" name="appartenance_groupe" ref="resource.md#_M0Hd0bhvEe-6BZFGswrzLA?fileId=_F5IosLhvEe-6BZFGswrzLA$type=md$name=appartenance_groupe?"/>
    <field id="_yjbVZ7h1Ee-6BZFGswrzLA" name="date_retour_screening" ref="resource.md#_M4Q-AbhvEe-6BZFGswrzLA?fileId=_F5IosLhvEe-6BZFGswrzLA$type=md$name=date_retour_screening?"/>
    <field id="_yjbVaLh1Ee-6BZFGswrzLA" fullAlias="tec_prenom1_phone" name="tec_prenom1_phone" ref="resource.md#_M7kJobhvEe-6BZFGswrzLA?fileId=_F5IosLhvEe-6BZFGswrzLA$type=md$name=tec_prenom1_phone?"/>
    <constraint id="_yjbVabh1Ee-6BZFGswrzLA" name="pkgd_t_ti_tiers" ref="resource.md#_M_tp0LhvEe-6BZFGswrzLA?fileId=_F5IosLhvEe-6BZFGswrzLA$type=md$name=pkgd_t_ti_tiers?" reject="true"/>
  </datastore>
  <datastore id="_OI2X8Lh2Ee-6BZFGswrzLA" alias="gd_t_no_statuttiers" dataset="_OI6pYLh2Ee-6BZFGswrzLA" ref="resource.md#_LfPRYLh2Ee-6BZFGswrzLA?fileId=_F5IosLhvEe-6BZFGswrzLA$type=md$name=gd_t_no_statuttiers?">
    <field id="_OI5bRbh2Ee-6BZFGswrzLA" name="b_updator" ref="resource.md#_Lga9Ibh2Ee-6BZFGswrzLA?fileId=_F5IosLhvEe-6BZFGswrzLA$type=md$name=b_updator?"/>
    <field id="_OI40Mbh2Ee-6BZFGswrzLA" fullAlias="id_statuttiers" name="id_statuttiers" ref="resource.md#_LfphELh2Ee-6BZFGswrzLA?fileId=_F5IosLhvEe-6BZFGswrzLA$type=md$name=id_statuttiers?" updateKey="true"/>
    <field id="_OI5bSLh2Ee-6BZFGswrzLA" name="libelle_long" ref="resource.md#_Lgz-sbh2Ee-6BZFGswrzLA?fileId=_F5IosLhvEe-6BZFGswrzLA$type=md$name=libelle_long?"/>
    <field id="_OI5bQ7h2Ee-6BZFGswrzLA" name="b_upddate" ref="resource.md#_LgKecbh2Ee-6BZFGswrzLA?fileId=_F5IosLhvEe-6BZFGswrzLA$type=md$name=b_upddate?"/>
    <field id="_OI5bR7h2Ee-6BZFGswrzLA" name="libelle_court" ref="resource.md#_Lgrb0bh2Ee-6BZFGswrzLA?fileId=_F5IosLhvEe-6BZFGswrzLA$type=md$name=libelle_court?"/>
    <field id="_OI5bQLh2Ee-6BZFGswrzLA" name="b_classname" ref="resource.md#_Lfxc4bh2Ee-6BZFGswrzLA?fileId=_F5IosLhvEe-6BZFGswrzLA$type=md$name=b_classname?"/>
    <field id="_OI5bQrh2Ee-6BZFGswrzLA" name="b_credate" ref="resource.md#_LgB7kbh2Ee-6BZFGswrzLA?fileId=_F5IosLhvEe-6BZFGswrzLA$type=md$name=b_credate?"/>
    <field id="_OI5bRLh2Ee-6BZFGswrzLA" name="b_creator" ref="resource.md#_LgTBUbh2Ee-6BZFGswrzLA?fileId=_F5IosLhvEe-6BZFGswrzLA$type=md$name=b_creator?"/>
    <field id="_OI5bQbh2Ee-6BZFGswrzLA" name="b_batchid" ref="resource.md#_Lf5_wLh2Ee-6BZFGswrzLA?fileId=_F5IosLhvEe-6BZFGswrzLA$type=md$name=b_batchid?"/>
    <field id="_OI5bRrh2Ee-6BZFGswrzLA" fullAlias="cd_statut_tiers" name="cd_statut_tiers" ref="resource.md#_Lgi48bh2Ee-6BZFGswrzLA?fileId=_F5IosLhvEe-6BZFGswrzLA$type=md$name=cd_statut_tiers?"/>
    <constraint id="_OI5bSbh2Ee-6BZFGswrzLA" name="pkgd_t_no_statuttiers" ref="resource.md#_LhFEcLh2Ee-6BZFGswrzLA?fileId=_F5IosLhvEe-6BZFGswrzLA$type=md$name=pkgd_t_no_statuttiers?" reject="true"/>
  </datastore>
  <filter id="_yjbVarh1Ee-6BZFGswrzLA" location="SRC">
    <expression>gd_t_ti_tiers.id_tiers = ${~/Tiers_ID}$</expression>
  </filter>
  <filter id="_PVpiQLh2Ee-6BZFGswrzLA" location="SRC">
    <expression>gd_t_no_statuttiers.cd_statut_tiers = 'REF'</expression>
  </filter>
  <template id="_yjbVa7h1Ee-6BZFGswrzLA" name="I_sa_t_ti_tiers" process="resource.proc#_XKEu4F6CEe2mo9lRZZpcnA?fileId=_XKEu4F6CEe2mo9lRZZpcnA$type=proc$name=INTEGRATION%20Semarchy%20xDM?" targetId="_yjatAbh1Ee-6BZFGswrzLA"/>
  <dataSet id="_yjbVbLh1Ee-6BZFGswrzLA">
    <container>_yjatAbh1Ee-6BZFGswrzLA</container>
  </dataSet>
  <dataSet id="_yjbVbbh1Ee-6BZFGswrzLA">
    <container>_yjbVBbh1Ee-6BZFGswrzLA</container>
  </dataSet>
  <dataSet id="_OI6pYLh2Ee-6BZFGswrzLA">
    <container>_OI2X8Lh2Ee-6BZFGswrzLA</container>
  </dataSet>
  <hint>
    <usedField>#_yjbVBrh1Ee-6BZFGswrzLA</usedField>
    <usedField>#_yjbVB7h1Ee-6BZFGswrzLA</usedField>
    <usedField>#_yjbVCLh1Ee-6BZFGswrzLA</usedField>
    <usedField>#_yjbVCbh1Ee-6BZFGswrzLA</usedField>
    <usedField>#_yjbVCrh1Ee-6BZFGswrzLA</usedField>
    <usedField>#_yjbVC7h1Ee-6BZFGswrzLA</usedField>
    <usedField>#_yjbVDLh1Ee-6BZFGswrzLA</usedField>
    <usedField>#_yjbVDbh1Ee-6BZFGswrzLA</usedField>
    <usedField>#_yjbVDrh1Ee-6BZFGswrzLA</usedField>
    <usedField>#_yjbVELh1Ee-6BZFGswrzLA</usedField>
    <usedField>#_yjbVEbh1Ee-6BZFGswrzLA</usedField>
    <usedField>#_yjbVErh1Ee-6BZFGswrzLA</usedField>
    <usedField>#_yjbVE7h1Ee-6BZFGswrzLA</usedField>
    <usedField>#_yjbVFLh1Ee-6BZFGswrzLA</usedField>
    <usedField>#_yjbVFbh1Ee-6BZFGswrzLA</usedField>
    <usedField>#_yjbVFrh1Ee-6BZFGswrzLA</usedField>
    <usedField>#_yjbVF7h1Ee-6BZFGswrzLA</usedField>
    <usedField>#_yjbVGLh1Ee-6BZFGswrzLA</usedField>
    <usedField>#_yjbVGbh1Ee-6BZFGswrzLA</usedField>
    <usedField>#_yjbVG7h1Ee-6BZFGswrzLA</usedField>
    <usedField>#_yjbVHLh1Ee-6BZFGswrzLA</usedField>
    <usedField>#_yjbVHbh1Ee-6BZFGswrzLA</usedField>
    <usedField>#_yjbVHrh1Ee-6BZFGswrzLA</usedField>
    <usedField>#_yjbVH7h1Ee-6BZFGswrzLA</usedField>
    <usedField>#_yjbVILh1Ee-6BZFGswrzLA</usedField>
    <usedField>#_yjbVIrh1Ee-6BZFGswrzLA</usedField>
    <usedField>#_yjbVI7h1Ee-6BZFGswrzLA</usedField>
    <usedField>#_yjbVJLh1Ee-6BZFGswrzLA</usedField>
    <usedField>#_yjbVJbh1Ee-6BZFGswrzLA</usedField>
    <usedField>#_yjbVJrh1Ee-6BZFGswrzLA</usedField>
    <usedField>#_yjbVJ7h1Ee-6BZFGswrzLA</usedField>
    <usedField>#_yjbVKLh1Ee-6BZFGswrzLA</usedField>
    <usedField>#_yjbVKbh1Ee-6BZFGswrzLA</usedField>
    <usedField>#_yjbVKrh1Ee-6BZFGswrzLA</usedField>
    <usedField>#_yjbVK7h1Ee-6BZFGswrzLA</usedField>
    <usedField>#_yjbVLLh1Ee-6BZFGswrzLA</usedField>
    <usedField>#_yjbVLbh1Ee-6BZFGswrzLA</usedField>
    <usedField>#_yjbVLrh1Ee-6BZFGswrzLA</usedField>
    <usedField>#_yjbVL7h1Ee-6BZFGswrzLA</usedField>
    <usedField>#_yjbVMLh1Ee-6BZFGswrzLA</usedField>
    <usedField>#_yjbVMbh1Ee-6BZFGswrzLA</usedField>
    <usedField>#_yjbVMrh1Ee-6BZFGswrzLA</usedField>
    <usedField>#_yjbVM7h1Ee-6BZFGswrzLA</usedField>
    <usedField>#_yjbVNLh1Ee-6BZFGswrzLA</usedField>
    <usedField>#_yjbVNbh1Ee-6BZFGswrzLA</usedField>
    <usedField>#_yjbVNrh1Ee-6BZFGswrzLA</usedField>
    <usedField>#_yjbVN7h1Ee-6BZFGswrzLA</usedField>
    <usedField>#_yjbVOLh1Ee-6BZFGswrzLA</usedField>
    <usedField>#_yjbVObh1Ee-6BZFGswrzLA</usedField>
    <usedField>#_yjbVOrh1Ee-6BZFGswrzLA</usedField>
    <usedField>#_yjbVO7h1Ee-6BZFGswrzLA</usedField>
    <usedField>#_yjbVPLh1Ee-6BZFGswrzLA</usedField>
    <usedField>#_yjbVPbh1Ee-6BZFGswrzLA</usedField>
    <usedField>#_yjbVPrh1Ee-6BZFGswrzLA</usedField>
    <usedField>#_yjbVP7h1Ee-6BZFGswrzLA</usedField>
    <usedField>#_yjbVQLh1Ee-6BZFGswrzLA</usedField>
    <usedField>#_yjbVQbh1Ee-6BZFGswrzLA</usedField>
    <usedField>#_yjbVQ7h1Ee-6BZFGswrzLA</usedField>
    <usedField>#_yjbVRLh1Ee-6BZFGswrzLA</usedField>
    <usedField>#_yjbVRbh1Ee-6BZFGswrzLA</usedField>
    <usedField>#_yjbVRrh1Ee-6BZFGswrzLA</usedField>
    <usedField>#_yjbVR7h1Ee-6BZFGswrzLA</usedField>
    <usedField>#_yjbVSLh1Ee-6BZFGswrzLA</usedField>
    <usedField>#_yjbVSbh1Ee-6BZFGswrzLA</usedField>
    <usedField>#_yjbVSrh1Ee-6BZFGswrzLA</usedField>
    <usedField>#_yjbVS7h1Ee-6BZFGswrzLA</usedField>
    <usedField>#_yjbVTLh1Ee-6BZFGswrzLA</usedField>
    <usedField>#_yjbVTbh1Ee-6BZFGswrzLA</usedField>
    <usedField>#_yjbVTrh1Ee-6BZFGswrzLA</usedField>
    <usedField>#_yjbVT7h1Ee-6BZFGswrzLA</usedField>
    <usedField>#_yjbVUbh1Ee-6BZFGswrzLA</usedField>
    <usedField>#_yjbVUrh1Ee-6BZFGswrzLA</usedField>
    <usedField>#_yjbVU7h1Ee-6BZFGswrzLA</usedField>
    <usedField>#_yjbVVLh1Ee-6BZFGswrzLA</usedField>
    <usedField>#_yjbVVbh1Ee-6BZFGswrzLA</usedField>
    <usedField>#_yjbVVrh1Ee-6BZFGswrzLA</usedField>
    <usedField>#_yjbVV7h1Ee-6BZFGswrzLA</usedField>
    <usedField>#_yjbVWLh1Ee-6BZFGswrzLA</usedField>
    <usedField>#_yjbVWbh1Ee-6BZFGswrzLA</usedField>
    <usedField>#_yjbVWrh1Ee-6BZFGswrzLA</usedField>
    <usedField>#_yjbVW7h1Ee-6BZFGswrzLA</usedField>
    <usedField>#_yjbVXLh1Ee-6BZFGswrzLA</usedField>
    <usedField>#_yjbVXbh1Ee-6BZFGswrzLA</usedField>
    <usedField>#_yjbVXrh1Ee-6BZFGswrzLA</usedField>
    <usedField>#_yjbVX7h1Ee-6BZFGswrzLA</usedField>
    <usedField>#_yjbVYLh1Ee-6BZFGswrzLA</usedField>
    <usedField>#_yjbVYbh1Ee-6BZFGswrzLA</usedField>
    <usedField>#_yjbVYrh1Ee-6BZFGswrzLA</usedField>
    <usedField>#_yjbVY7h1Ee-6BZFGswrzLA</usedField>
    <usedField>#_yjbVZLh1Ee-6BZFGswrzLA</usedField>
    <usedField>#_yjbVZbh1Ee-6BZFGswrzLA</usedField>
    <usedField>#_yjbVZrh1Ee-6BZFGswrzLA</usedField>
    <usedField>#_yjbVaLh1Ee-6BZFGswrzLA</usedField>
    <usedField>#_OI40Mbh2Ee-6BZFGswrzLA</usedField>
    <usedField>#_OI5bRrh2Ee-6BZFGswrzLA</usedField>
  </hint>
  <diagram><![CDATA[<?xml version="1.0" encoding="UTF-8"?>
<notation:Diagram xmi:version="2.0" xmlns:xmi="http://www.omg.org/XMI" xmlns:xsi="http://www.w3.org/2001/XMLSchema-instance" xmlns:map="http://www.indy.com/v2/map" xmlns:notation="http://www.eclipse.org/gmf/runtime/1.0.1/notation" xsi:schemaLocation="http://www.eclipse.org/gmf/runtime/1.0.1/notation " xmi:id="ee0acb15-3861-40dd-b511-65777d6c4b5e" type="Map" measurementUnit="Pixel">
  <children xmi:type="notation:Node" xmi:id="da5c12be-61c0-4856-b342-acdbc418b612" type="2002">
    <styles xmi:type="notation:DescriptionStyle" xmi:id="85ccce9f-0b9d-4ed2-bbc4-285031c197b7"/>
    <styles xmi:type="notation:FontStyle" xmi:id="8ea33cc2-a979-4141-94ed-3d82aa3f4b19" fontName="Segoe UI"/>
    <styles xmi:type="notation:FillStyle" xmi:id="6329a710-5cb7-4f99-a258-93b09cb8a738"/>
    <element xmi:type="map:Filter" href="resource.map#_yjbVarh1Ee-6BZFGswrzLA?fileId=_yjatALh1Ee-6BZFGswrzLA$type=map?"/>
    <layoutConstraint xmi:type="notation:Bounds" xmi:id="bef8bd18-e90d-41ae-979f-d84e4ae8bc13" x="341" y="1028"/>
  </children>
  <children xmi:type="notation:Node" xmi:id="_PWmkgbh2Ee-6BZFGswrzLA" type="2002">
    <styles xmi:type="notation:DescriptionStyle" xmi:id="_PWmkgrh2Ee-6BZFGswrzLA"/>
    <styles xmi:type="notation:FontStyle" xmi:id="_PWmkg7h2Ee-6BZFGswrzLA" fontName="Segoe UI"/>
    <styles xmi:type="notation:FillStyle" xmi:id="_PWmkhLh2Ee-6BZFGswrzLA"/>
    <element xmi:type="map:Filter" href="resource.map#_PVpiQLh2Ee-6BZFGswrzLA?fileId=_yjatALh1Ee-6BZFGswrzLA$type=map?"/>
    <layoutConstraint xmi:type="notation:Bounds" xmi:id="_PWmkhbh2Ee-6BZFGswrzLA" x="247" y="2209"/>
  </children>
  <children xmi:type="notation:Shape" xmi:id="_OJwW4Lh2Ee-6BZFGswrzLA" type="2004" fontName="Segoe UI">
    <children xmi:type="notation:DecorationNode" xmi:id="_OJwW4rh2Ee-6BZFGswrzLA" type="5005"/>
    <children xmi:type="notation:DecorationNode" xmi:id="_OJwW47h2Ee-6BZFGswrzLA" type="5007"/>
    <children xmi:type="notation:DecorationNode" xmi:id="_OJwW5Lh2Ee-6BZFGswrzLA" type="7003"/>
    <children xmi:type="notation:DecorationNode" xmi:id="_OJwW5bh2Ee-6BZFGswrzLA" type="7009"/>
    <children xmi:type="notation:BasicCompartment" xmi:id="_OJwW5rh2Ee-6BZFGswrzLA" type="7004">
      <styles xmi:type="notation:SortingStyle" xmi:id="_OJwW57h2Ee-6BZFGswrzLA"/>
      <styles xmi:type="notation:FilteringStyle" xmi:id="_OJwW6Lh2Ee-6BZFGswrzLA"/>
    </children>
    <children xmi:type="notation:DecorationNode" xmi:id="_OJwW6bh2Ee-6BZFGswrzLA" type="5009">
      <styles xmi:type="notation:DrawerStyle" xmi:id="_OJwW6rh2Ee-6BZFGswrzLA"/>
    </children>
    <children xmi:type="notation:DecorationNode" xmi:id="_OJwW67h2Ee-6BZFGswrzLA" type="7005">
      <styles xmi:type="notation:SortingStyle" xmi:id="_OJwW7Lh2Ee-6BZFGswrzLA"/>
      <styles xmi:type="notation:FilteringStyle" xmi:id="_OJwW7bh2Ee-6BZFGswrzLA"/>
    </children>
    <children xmi:type="notation:BasicCompartment" xmi:id="_OJwW7rh2Ee-6BZFGswrzLA" type="7007"/>
    <element xmi:type="map:Datastore" href="resource.map#_OI2X8Lh2Ee-6BZFGswrzLA?fileId=_yjatALh1Ee-6BZFGswrzLA$type=map?"/>
    <layoutConstraint xmi:type="notation:Bounds" xmi:id="_OJwW4bh2Ee-6BZFGswrzLA" x="32" y="2103"/>
  </children>
  <children xmi:type="notation:Shape" xmi:id="aed3a443-3bdf-4431-8d7b-4206de269769" type="2004" fontName="Segoe UI">
    <children xmi:type="notation:DecorationNode" xmi:id="41b2d153-63c1-4db2-9026-81e2c97bd83f" type="5005"/>
    <children xmi:type="notation:DecorationNode" xmi:id="6d2ee275-cd1e-4999-a13b-e123bf43d761" type="5007"/>
    <children xmi:type="notation:DecorationNode" xmi:id="55bf0ba5-611f-4e7d-8d09-73162d36d9e2" type="7003"/>
    <children xmi:type="notation:DecorationNode" xmi:id="df05e5c0-74d4-4b4e-b550-0ed57b9a4c46" type="7009"/>
    <children xmi:type="notation:BasicCompartment" xmi:id="c04f4294-8ae8-4cc2-9734-7d1fe443eb60" type="7004">
      <styles xmi:type="notation:SortingStyle" xmi:id="cee3f1f8-0d1f-4029-8327-ba589005d7a1"/>
      <styles xmi:type="notation:FilteringStyle" xmi:id="1d59ddd4-2ffd-4e3c-81c1-2913cedb90bf"/>
    </children>
    <children xmi:type="notation:DecorationNode" xmi:id="8f2583ee-41e4-4a9c-8003-a6cfafd5694c" type="5009">
      <styles xmi:type="notation:DrawerStyle" xmi:id="1060bc19-ea6e-4936-a43c-30133b557ac9"/>
    </children>
    <children xmi:type="notation:DecorationNode" xmi:id="c41015da-68e9-4334-8698-3f7eb88fd351" type="7005">
      <styles xmi:type="notation:SortingStyle" xmi:id="0f598e10-fd6b-4dc5-91b1-0e2372f0f46e"/>
      <styles xmi:type="notation:FilteringStyle" xmi:id="5fef2b07-e28a-4aa8-bb74-8941b92d1434"/>
    </children>
    <children xmi:type="notation:BasicCompartment" xmi:id="7829facb-605d-4699-881f-cd5649f98b71" type="7007"/>
    <element xmi:type="map:Datastore" href="resource.map#_yjbVBbh1Ee-6BZFGswrzLA?fileId=_yjatALh1Ee-6BZFGswrzLA$type=map?"/>
    <layoutConstraint xmi:type="notation:Bounds" xmi:id="6d56b8d0-944f-4af5-887a-18c6949f0745" x="32" y="32"/>
  </children>
  <children xmi:type="notation:Shape" xmi:id="f76efef8-6ffb-4691-b73e-826a7ff7222c" type="2004" fontName="Segoe UI">
    <children xmi:type="notation:DecorationNode" xmi:id="ee6f1ff4-e27d-4628-96f7-0bed112432a4" type="5005"/>
    <children xmi:type="notation:DecorationNode" xmi:id="5bbf75a1-a1f8-44e7-be5d-a1ac03505270" type="5007"/>
    <children xmi:type="notation:DecorationNode" xmi:id="53f5c7cf-ad2b-4ad1-a00a-1e5039cc6821" type="7003"/>
    <children xmi:type="notation:DecorationNode" xmi:id="6c236a0a-2446-4350-b7fb-bcfee61b5ee7" type="7009"/>
    <children xmi:type="notation:BasicCompartment" xmi:id="f964195b-bf4a-48e5-bdf2-dc843faeecf1" type="7004">
      <styles xmi:type="notation:SortingStyle" xmi:id="53a3208d-63aa-4e54-b5e8-41f3ff3b49c3"/>
      <styles xmi:type="notation:FilteringStyle" xmi:id="161c559e-a250-49a2-acb5-a2c5e5317b55"/>
    </children>
    <children xmi:type="notation:DecorationNode" xmi:id="dfbb585b-0a45-436a-9884-4f0976f5f5fb" type="5009">
      <styles xmi:type="notation:DrawerStyle" xmi:id="85b92cfa-165e-47aa-bffc-dd867279f4d7"/>
    </children>
    <children xmi:type="notation:DecorationNode" xmi:id="c9fcb3db-ff45-4e8a-9050-3e701cdf0849" type="7005">
      <styles xmi:type="notation:SortingStyle" xmi:id="fc9ac402-d645-49ee-afcb-d9025fc22757"/>
      <styles xmi:type="notation:FilteringStyle" xmi:id="8f81c8b3-783f-4395-931f-830a58e21058"/>
    </children>
    <children xmi:type="notation:BasicCompartment" xmi:id="3b9d9343-38f4-4317-a5f9-b070c20a81c1" type="7007"/>
    <element xmi:type="map:Datastore" href="resource.map#_yjatAbh1Ee-6BZFGswrzLA?fileId=_yjatALh1Ee-6BZFGswrzLA$type=map?"/>
    <layoutConstraint xmi:type="notation:Bounds" xmi:id="7f5aab8a-6240-4bde-9fda-dd467a34a293" x="419" y="182"/>
  </children>
  <styles xmi:type="notation:DiagramStyle" xmi:id="976f862e-dd2e-4bbb-a22a-00886f35c9ce"/>
  <element xmi:type="map:Map" href="resource.map#_yjatALh1Ee-6BZFGswrzLA?fileId=_yjatALh1Ee-6BZFGswrzLA$type=map$name=01_fail?"/>
  <edges xmi:type="notation:Edge" xmi:id="74eb7162-d789-479c-b9be-2041fb8ff3bc" type="joinLink" source="da5c12be-61c0-4856-b342-acdbc418b612" target="aed3a443-3bdf-4431-8d7b-4206de269769">
    <element xsi:nil="true"/>
    <bendpoints xmi:type="notation:RelativeBendpoints" xmi:id="f8523c22-0e98-448c-b8cf-964d1a10a456" points="[0, 0, 607, 74]$[60, 0, 667, 74]"/>
  </edges>
  <edges xmi:type="notation:Edge" xmi:id="07f57993-4a2e-44b9-b368-04214c016311" type="targetLink" source="f76efef8-6ffb-4691-b73e-826a7ff7222c" target="aed3a443-3bdf-4431-8d7b-4206de269769">
    <element xsi:nil="true"/>
    <bendpoints xmi:type="notation:RelativeBendpoints" xmi:id="debfa50e-fce2-4d20-9af3-9d0816795f32" points="[0, 0, 150, 0]$[-150, 0, 0, 0]"/>
  </edges>
  <edges xmi:type="notation:Edge" xmi:id="34f57d64-0f88-4c53-86d8-c6090ae98d55" type="targetDataSetLink" source="f76efef8-6ffb-4691-b73e-826a7ff7222c" target="f76efef8-6ffb-4691-b73e-826a7ff7222c">
    <element xmi:type="map:DataSet" href="resource.map#_yjbVbbh1Ee-6BZFGswrzLA?fileId=_yjatALh1Ee-6BZFGswrzLA$type=map?"/>
    <bendpoints xmi:type="notation:RelativeBendpoints" xmi:id="fa5213a2-0cc4-4992-9abb-1a492f52f85c" points="[0, 0, 0, 0]$[0, 0, 0, 0]"/>
  </edges>
  <edges xmi:type="notation:Edge" xmi:id="909274f7-7e71-4ea1-8c5e-37705ac18e7d" type="targetSetLink" source="f76efef8-6ffb-4691-b73e-826a7ff7222c" target="f76efef8-6ffb-4691-b73e-826a7ff7222c">
    <element xmi:type="map:SetDescriptor" href="resource.map#_yjbVBLh1Ee-6BZFGswrzLA?fileId=_yjatALh1Ee-6BZFGswrzLA$type=map?"/>
    <bendpoints xmi:type="notation:RelativeBendpoints" xmi:id="5473b64d-9437-4900-a017-c0aa8689dd47" points="[0, 0, 0, 0]$[0, 0, 0, 0]"/>
  </edges>
  <edges xmi:type="notation:Edge" xmi:id="_PWoZsLh2Ee-6BZFGswrzLA" type="joinLink" source="_PWmkgbh2Ee-6BZFGswrzLA" target="_OJwW4Lh2Ee-6BZFGswrzLA">
    <element xsi:nil="true"/>
    <bendpoints xmi:type="notation:RelativeBendpoints" xmi:id="_PWoZsbh2Ee-6BZFGswrzLA" points="[0, 0, 491, -645]$[60, 0, 551, -645]"/>
  </edges>
  <edges xmi:type="notation:Edge" xmi:id="_ZPR50Lh2Ee-6BZFGswrzLA" type="targetLink" source="f76efef8-6ffb-4691-b73e-826a7ff7222c" target="_OJwW4Lh2Ee-6BZFGswrzLA">
    <element xsi:nil="true"/>
    <bendpoints xmi:type="notation:RelativeBendpoints" xmi:id="_ZPR50bh2Ee-6BZFGswrzLA" points="[0, 0, 244, 0]$[-244, 0, 0, 0]"/>
  </edges>
  <edges xmi:type="notation:Edge" xmi:id="_ZPR50rh2Ee-6BZFGswrzLA" type="targetDataSetLink" source="f76efef8-6ffb-4691-b73e-826a7ff7222c" target="f76efef8-6ffb-4691-b73e-826a7ff7222c">
    <element xmi:type="map:DataSet" href="resource.map#_OI6pYLh2Ee-6BZFGswrzLA?fileId=_yjatALh1Ee-6BZFGswrzLA$type=map?"/>
    <bendpoints xmi:type="notation:RelativeBendpoints" xmi:id="_ZPR507h2Ee-6BZFGswrzLA" points="[0, 0, 0, 0]$[0, 0, 0, 0]"/>
  </edges>
</notation:Diagram>
]]></diagram>
</map:map>