<?xml version="1.0" encoding="UTF-8"?>
<map:map xmlns:map="http://www.indy.com/v2/map" id="_g8cA0LcYEe-HWORqlyIdiQ" internalVersion="8" tech="resource.tech#_waYSMH8VEd2__Mzb_dB76A?fileId=_waYSMH8VEd2__Mzb_dB76A$type=tech$name=flow?">
  <datastore id="_hbAzMLcYEe-HWORqlyIdiQ" alias="POST" dataset="_hbHg4LcYEe-HWORqlyIdiQ" ref="resource.md#_gzy70bcQEe-0Xc913hdzrA?fileId=_NSI6ELcQEe-0Xc913hdzrA$type=md?" subExpression="[A]">
    <field id="_hbFrsrcYEe-HWORqlyIdiQ" name="Keep-Alive" parent="_hbFErLcYEe-HWORqlyIdiQ" ref="resource.md#_QqKsTrcYEe-HWORqlyIdiQ?fileId=_NSI6ELcQEe-0Xc913hdzrA$type=md$name=Keep-Alive?">
      <expression id="_j4hXcLcYEe-HWORqlyIdiQ" setDescriptorRef="_j4gwYLcYEe-HWORqlyIdiQ">
        <expression></expression>
      </expression>
    </field>
    <field id="_hbFEorcYEe-HWORqlyIdiQ" enable="true" insert="true" name="API-Key" parent="_hbFEobcYEe-HWORqlyIdiQ" ref="resource.md#_F06BmLcSEe-0Xc913hdzrA?fileId=_NSI6ELcQEe-0Xc913hdzrA$type=md$name=API-Key?" update="true">
      <expression id="_j4hXcbcYEe-HWORqlyIdiQ" setDescriptorRef="_j4gwYLcYEe-HWORqlyIdiQ">
        <expression>param_api_key.api_key</expression>
      </expression>
    </field>
    <field id="_hbFrtbcYEe-HWORqlyIdiQ" name="Date" parent="_hbFErLcYEe-HWORqlyIdiQ" ref="resource.md#_QqKsUbcYEe-HWORqlyIdiQ?fileId=_NSI6ELcQEe-0Xc913hdzrA$type=md$name=Date?">
      <expression id="_j4hXcrcYEe-HWORqlyIdiQ" setDescriptorRef="_j4gwYLcYEe-HWORqlyIdiQ">
        <expression></expression>
      </expression>
    </field>
    <field id="_hbGSwrcYEe-HWORqlyIdiQ" name="workflowInstanceId" parent="_hbGSwbcYEe-HWORqlyIdiQ" ref="resource.md#_QqKsW7cYEe-HWORqlyIdiQ?fileId=_NSI6ELcQEe-0Xc913hdzrA$type=md$name=workflowInstanceId?">
      <expression id="_j4hXc7cYEe-HWORqlyIdiQ" setDescriptorRef="_j4gwYLcYEe-HWORqlyIdiQ">
        <expression></expression>
      </expression>
    </field>
    <field id="_hbFEpLcYEe-HWORqlyIdiQ" expand="true" name="JSON" parent="_hbFEo7cYEe-HWORqlyIdiQ" ref="resource.md#_F06BnLcSEe-0Xc913hdzrA?fileId=_NSI6ELcQEe-0Xc913hdzrA$type=md?">
      <expression id="_j4h-gLcYEe-HWORqlyIdiQ" setDescriptorRef="_j4gwYLcYEe-HWORqlyIdiQ">
        <expression></expression>
      </expression>
    </field>
    <field id="_hbFrsbcYEe-HWORqlyIdiQ" name="Transfer-Encoding" parent="_hbFErLcYEe-HWORqlyIdiQ" ref="resource.md#_QqKsTbcYEe-HWORqlyIdiQ?fileId=_NSI6ELcQEe-0Xc913hdzrA$type=md$name=Transfer-Encoding?">
      <expression id="_j4h-gbcYEe-HWORqlyIdiQ" setDescriptorRef="_j4gwYLcYEe-HWORqlyIdiQ">
        <expression></expression>
      </expression>
    </field>
    <field id="_hbGSwbcYEe-HWORqlyIdiQ" name="item" parent="_hbGSwLcYEe-HWORqlyIdiQ" ref="resource.md#_QqKsWrcYEe-HWORqlyIdiQ?fileId=_NSI6ELcQEe-0Xc913hdzrA$type=md$name=item?" updateKey="true">
      <expression id="_j4h-grcYEe-HWORqlyIdiQ" setDescriptorRef="_j4gwYLcYEe-HWORqlyIdiQ">
        <expression></expression>
      </expression>
    </field>
    <field id="_hbFrtLcYEe-HWORqlyIdiQ" name="Set-Cookie" parent="_hbFErLcYEe-HWORqlyIdiQ" ref="resource.md#_QqKsULcYEe-HWORqlyIdiQ?fileId=_NSI6ELcQEe-0Xc913hdzrA$type=md$name=Set-Cookie?">
      <expression id="_j4h-g7cYEe-HWORqlyIdiQ" setDescriptorRef="_j4gwYLcYEe-HWORqlyIdiQ">
        <expression></expression>
      </expression>
    </field>
    <field id="_hbFEqLcYEe-HWORqlyIdiQ" enable="true" insert="true" name="selectionFilter" parent="_hbFEpbcYEe-HWORqlyIdiQ" ref="resource.md#_F06BpLcSEe-0Xc913hdzrA?fileId=_NSI6ELcQEe-0Xc913hdzrA$type=md$name=selectionFilter?" update="true">
      <expression id="_j4h-hLcYEe-HWORqlyIdiQ" setDescriptorRef="_j4gwYLcYEe-HWORqlyIdiQ">
        <expression>'TiersID=${~/Tiers_ID}$'</expression>
      </expression>
    </field>
    <field id="_hbFrtrcYEe-HWORqlyIdiQ" name="Content-Type" parent="_hbFErLcYEe-HWORqlyIdiQ" ref="resource.md#_QqKsUrcYEe-HWORqlyIdiQ?fileId=_NSI6ELcQEe-0Xc913hdzrA$type=md$name=Content-Type?">
      <expression id="_j4h-hbcYEe-HWORqlyIdiQ" setDescriptorRef="_j4gwYLcYEe-HWORqlyIdiQ">
        <expression></expression>
      </expression>
    </field>
    <field id="_hbFEobcYEe-HWORqlyIdiQ" expand="true" name="Parameters" parent="_hbFEoLcYEe-HWORqlyIdiQ" ref="resource.md#_F06Bl7cSEe-0Xc913hdzrA?fileId=_NSI6ELcQEe-0Xc913hdzrA$type=md?">
      <expression id="_j4h-hrcYEe-HWORqlyIdiQ" setDescriptorRef="_j4gwYLcYEe-HWORqlyIdiQ">
        <expression></expression>
      </expression>
    </field>
    <field id="_hbFEoLcYEe-HWORqlyIdiQ" enable="true" expand="true" insert="true" name="POST" ref="resource.md#_gzy70bcQEe-0Xc913hdzrA?fileId=_NSI6ELcQEe-0Xc913hdzrA$type=md?" update="true" updateKey="true">
      <expression id="_j4h-h7cYEe-HWORqlyIdiQ" setDescriptorRef="_j4gwYLcYEe-HWORqlyIdiQ">
        <expression>param_api_key.api_key</expression>
      </expression>
    </field>
    <field id="_hbGSwLcYEe-HWORqlyIdiQ" name="workflowInstances" parent="_hbFruLcYEe-HWORqlyIdiQ" ref="resource.md#_QqKsWbcYEe-HWORqlyIdiQ?fileId=_NSI6ELcQEe-0Xc913hdzrA$type=md$name=workflowInstances?">
      <expression id="_j4ilkLcYEe-HWORqlyIdiQ" setDescriptorRef="_j4gwYLcYEe-HWORqlyIdiQ">
        <expression></expression>
      </expression>
    </field>
    <field id="_hbFEpbcYEe-HWORqlyIdiQ" expand="true" name="root" parent="_hbFEpLcYEe-HWORqlyIdiQ" ref="resource.md#_F06Bn7cSEe-0Xc913hdzrA?fileId=_NSI6ELcQEe-0Xc913hdzrA$type=md$name=root?" updateKey="true">
      <expression id="_j4ilkbcYEe-HWORqlyIdiQ" setDescriptorRef="_j4gwYLcYEe-HWORqlyIdiQ">
        <expression></expression>
      </expression>
    </field>
    <field id="_hbFEprcYEe-HWORqlyIdiQ" enable="true" insert="true" name="startupApplicationName" parent="_hbFEpbcYEe-HWORqlyIdiQ" ref="resource.md#_F06BoLcSEe-0Xc913hdzrA?fileId=_NSI6ELcQEe-0Xc913hdzrA$type=md$name=startupApplicationName?" update="true">
      <expression id="_j4ilkrcYEe-HWORqlyIdiQ" setDescriptorRef="_j4gwYLcYEe-HWORqlyIdiQ">
        <expression>'RefTiers'</expression>
      </expression>
    </field>
    <field id="_hbFEq7cYEe-HWORqlyIdiQ" name="200" parent="_hbFEqrcYEe-HWORqlyIdiQ" ref="resource.md#_QqKsSrcYEe-HWORqlyIdiQ?fileId=_NSI6ELcQEe-0Xc913hdzrA$type=md?">
      <expression id="_j4ilk7cYEe-HWORqlyIdiQ" setDescriptorRef="_j4gwYLcYEe-HWORqlyIdiQ">
        <expression></expression>
      </expression>
    </field>
    <field id="_hbFEp7cYEe-HWORqlyIdiQ" enable="true" insert="true" name="startEventName" parent="_hbFEpbcYEe-HWORqlyIdiQ" ref="resource.md#_F06BorcSEe-0Xc913hdzrA?fileId=_NSI6ELcQEe-0Xc913hdzrA$type=md$name=startEventName?" update="true">
      <expression id="_j4illLcYEe-HWORqlyIdiQ" setDescriptorRef="_j4gwYLcYEe-HWORqlyIdiQ">
        <expression>'DebutScreening'</expression>
      </expression>
    </field>
    <field id="_hbFrsLcYEe-HWORqlyIdiQ" name="_XSRF-TOKEN" parent="_hbFErLcYEe-HWORqlyIdiQ" ref="resource.md#_QqKsU7cYEe-HWORqlyIdiQ?fileId=_NSI6ELcQEe-0Xc913hdzrA$type=md$name=_XSRF-TOKEN?">
      <expression id="_j4illbcYEe-HWORqlyIdiQ" setDescriptorRef="_j4gwYLcYEe-HWORqlyIdiQ">
        <expression></expression>
      </expression>
    </field>
    <field id="_hbFEqbcYEe-HWORqlyIdiQ" enable="true" insert="true" name="priority" parent="_hbFEpbcYEe-HWORqlyIdiQ" ref="resource.md#_F06BprcSEe-0Xc913hdzrA?fileId=_NSI6ELcQEe-0Xc913hdzrA$type=md$name=priority?" update="true">
      <expression id="_j4illrcYEe-HWORqlyIdiQ" setDescriptorRef="_j4gwYLcYEe-HWORqlyIdiQ">
        <expression>'HIGH'</expression>
      </expression>
    </field>
    <field id="_hbFEo7cYEe-HWORqlyIdiQ" expand="true" name="Request Body" parent="_hbFEoLcYEe-HWORqlyIdiQ" ref="resource.md#_F06Bm7cSEe-0Xc913hdzrA?fileId=_NSI6ELcQEe-0Xc913hdzrA$type=md?">
      <expression id="_j4jMoLcYEe-HWORqlyIdiQ" setDescriptorRef="_j4gwYLcYEe-HWORqlyIdiQ">
        <expression></expression>
      </expression>
    </field>
    <field id="_hbFruLcYEe-HWORqlyIdiQ" name="root" parent="_hbFrt7cYEe-HWORqlyIdiQ" ref="resource.md#_QqKsWLcYEe-HWORqlyIdiQ?fileId=_NSI6ELcQEe-0Xc913hdzrA$type=md$name=root?" updateKey="true">
      <expression id="_j4jMobcYEe-HWORqlyIdiQ" setDescriptorRef="_j4gwYLcYEe-HWORqlyIdiQ">
        <expression></expression>
      </expression>
    </field>
    <field id="_hbFrs7cYEe-HWORqlyIdiQ" name="Connection" parent="_hbFErLcYEe-HWORqlyIdiQ" ref="resource.md#_QqKsT7cYEe-HWORqlyIdiQ?fileId=_NSI6ELcQEe-0Xc913hdzrA$type=md$name=Connection?">
      <expression id="_j4jMorcYEe-HWORqlyIdiQ" setDescriptorRef="_j4gwYLcYEe-HWORqlyIdiQ">
        <expression></expression>
      </expression>
    </field>
    <field id="_hbFEqrcYEe-HWORqlyIdiQ" name="Responses" parent="_hbFEoLcYEe-HWORqlyIdiQ" ref="resource.md#_F06BqLcSEe-0Xc913hdzrA?fileId=_NSI6ELcQEe-0Xc913hdzrA$type=md?">
      <expression id="_j4jMo7cYEe-HWORqlyIdiQ" setDescriptorRef="_j4gwYLcYEe-HWORqlyIdiQ">
        <expression></expression>
      </expression>
    </field>
    <field id="_hbFrt7cYEe-HWORqlyIdiQ" name="JSON" parent="_hbFEq7cYEe-HWORqlyIdiQ" ref="resource.md#_QqKsVbcYEe-HWORqlyIdiQ?fileId=_NSI6ELcQEe-0Xc913hdzrA$type=md?">
      <expression id="_j4jMpLcYEe-HWORqlyIdiQ" setDescriptorRef="_j4gwYLcYEe-HWORqlyIdiQ">
        <expression></expression>
      </expression>
    </field>
    <field id="_hbFErLcYEe-HWORqlyIdiQ" name="Headers" parent="_hbFEq7cYEe-HWORqlyIdiQ" ref="resource.md#_QqKsTLcYEe-HWORqlyIdiQ?fileId=_NSI6ELcQEe-0Xc913hdzrA$type=md?">
      <expression id="_j4jMpbcYEe-HWORqlyIdiQ" setDescriptorRef="_j4gwYLcYEe-HWORqlyIdiQ">
        <expression></expression>
      </expression>
    </field>
    <setDescriptor id="_j4gwYLcYEe-HWORqlyIdiQ" label="A"/>
  </datastore>
  <datastore id="_jbYIcLcYEe-HWORqlyIdiQ" alias="param_api_key" dataset="_jbh5cLcYEe-HWORqlyIdiQ" ref="resource.md#_jaqTkLcUEe-0Xc913hdzrA?fileId=_g_TEYLcUEe-0Xc913hdzrA$type=md$name=param_api_key?">
    <field id="_jbgrUbcYEe-HWORqlyIdiQ" fullAlias="api_key" name="api_key" ref="resource.md#_jbG_gLcUEe-0Xc913hdzrA?fileId=_g_TEYLcUEe-0Xc913hdzrA$type=md$name=api_key?"/>
    <field id="_jbhSYLcYEe-HWORqlyIdiQ" name="project" ref="resource.md#_jbRXkbcUEe-0Xc913hdzrA?fileId=_g_TEYLcUEe-0Xc913hdzrA$type=md$name=project?"/>
  </datastore>
  <template id="_j4lo4LcYEe-HWORqlyIdiQ" name="I_POST" process="resource.proc#_4fRz0MvFEeiRAvOrIMI3zg?fileId=_4fRz0MvFEeiRAvOrIMI3zg$type=proc$name=INTEGRATION%20Rdbms%20to%20Http.tp?" targetId="_hbAzMLcYEe-HWORqlyIdiQ"/>
  <dataSet id="_hbHg4LcYEe-HWORqlyIdiQ">
    <container>_hbAzMLcYEe-HWORqlyIdiQ</container>
  </dataSet>
  <dataSet id="_jbh5cLcYEe-HWORqlyIdiQ">
    <container>_jbYIcLcYEe-HWORqlyIdiQ</container>
  </dataSet>
  <hint>
    <usedField>#_jbgrUbcYEe-HWORqlyIdiQ</usedField>
  </hint>
  <diagram><![CDATA[<?xml version="1.0" encoding="UTF-8"?>
<notation:Diagram xmi:version="2.0" xmlns:xmi="http://www.omg.org/XMI" xmlns:xsi="http://www.w3.org/2001/XMLSchema-instance" xmlns:map="http://www.indy.com/v2/map" xmlns:notation="http://www.eclipse.org/gmf/runtime/1.0.1/notation" xsi:schemaLocation="http://www.eclipse.org/gmf/runtime/1.0.1/notation " xmi:id="_hEd7cLcYEe-HWORqlyIdiQ" type="Map" measurementUnit="Pixel">
  <children xmi:type="notation:Shape" xmi:id="_jbjuoLcYEe-HWORqlyIdiQ" type="2004" fontName="Segoe UI">
    <children xmi:type="notation:DecorationNode" xmi:id="_jbkVsLcYEe-HWORqlyIdiQ" type="5005"/>
    <children xmi:type="notation:DecorationNode" xmi:id="_jbkVsbcYEe-HWORqlyIdiQ" type="5007"/>
    <children xmi:type="notation:DecorationNode" xmi:id="_jbkVsrcYEe-HWORqlyIdiQ" type="7003"/>
    <children xmi:type="notation:DecorationNode" xmi:id="_jbkVs7cYEe-HWORqlyIdiQ" type="7009"/>
    <children xmi:type="notation:BasicCompartment" xmi:id="_jbkVtLcYEe-HWORqlyIdiQ" type="7004">
      <styles xmi:type="notation:SortingStyle" xmi:id="_jbkVtbcYEe-HWORqlyIdiQ"/>
      <styles xmi:type="notation:FilteringStyle" xmi:id="_jbkVtrcYEe-HWORqlyIdiQ"/>
    </children>
    <children xmi:type="notation:DecorationNode" xmi:id="_jbkVt7cYEe-HWORqlyIdiQ" type="5009">
      <styles xmi:type="notation:DrawerStyle" xmi:id="_jbkVuLcYEe-HWORqlyIdiQ"/>
    </children>
    <children xmi:type="notation:DecorationNode" xmi:id="_jbkVubcYEe-HWORqlyIdiQ" type="7005">
      <styles xmi:type="notation:SortingStyle" xmi:id="_jbkVurcYEe-HWORqlyIdiQ"/>
      <styles xmi:type="notation:FilteringStyle" xmi:id="_jbkVu7cYEe-HWORqlyIdiQ"/>
    </children>
    <children xmi:type="notation:BasicCompartment" xmi:id="_jbkVvLcYEe-HWORqlyIdiQ" type="7007"/>
    <element xmi:type="map:Datastore" href="resource.map#_jbYIcLcYEe-HWORqlyIdiQ?fileId=_g8cA0LcYEe-HWORqlyIdiQ$type=map?"/>
    <layoutConstraint xmi:type="notation:Bounds" xmi:id="_jbjuobcYEe-HWORqlyIdiQ" x="645" y="322"/>
  </children>
  <children xmi:type="notation:Shape" xmi:id="_hbJ9ILcYEe-HWORqlyIdiQ" type="2004" fontName="Segoe UI">
    <children xmi:type="notation:DecorationNode" xmi:id="_hbKkMLcYEe-HWORqlyIdiQ" type="5005"/>
    <children xmi:type="notation:DecorationNode" xmi:id="_hbKkMbcYEe-HWORqlyIdiQ" type="5007"/>
    <children xmi:type="notation:DecorationNode" xmi:id="_hbKkMrcYEe-HWORqlyIdiQ" type="7003"/>
    <children xmi:type="notation:DecorationNode" xmi:id="_hbKkM7cYEe-HWORqlyIdiQ" type="7009"/>
    <children xmi:type="notation:BasicCompartment" xmi:id="_hbKkNLcYEe-HWORqlyIdiQ" type="7004">
      <styles xmi:type="notation:SortingStyle" xmi:id="_hbKkNbcYEe-HWORqlyIdiQ"/>
      <styles xmi:type="notation:FilteringStyle" xmi:id="_hbKkNrcYEe-HWORqlyIdiQ"/>
    </children>
    <children xmi:type="notation:DecorationNode" xmi:id="_hbKkN7cYEe-HWORqlyIdiQ" type="5009">
      <styles xmi:type="notation:DrawerStyle" xmi:id="_hbKkOLcYEe-HWORqlyIdiQ"/>
    </children>
    <children xmi:type="notation:DecorationNode" xmi:id="_hbKkObcYEe-HWORqlyIdiQ" type="7005">
      <styles xmi:type="notation:SortingStyle" xmi:id="_hbKkOrcYEe-HWORqlyIdiQ"/>
      <styles xmi:type="notation:FilteringStyle" xmi:id="_hbKkO7cYEe-HWORqlyIdiQ"/>
    </children>
    <children xmi:type="notation:BasicCompartment" xmi:id="_hbKkPLcYEe-HWORqlyIdiQ" type="7007"/>
    <element xmi:type="map:Datastore" href="resource.map#_hbAzMLcYEe-HWORqlyIdiQ?fileId=_g8cA0LcYEe-HWORqlyIdiQ$type=map?"/>
    <layoutConstraint xmi:type="notation:Bounds" xmi:id="_hbJ9IbcYEe-HWORqlyIdiQ" x="198" y="269"/>
  </children>
  <styles xmi:type="notation:DiagramStyle" xmi:id="_hEd7cbcYEe-HWORqlyIdiQ"/>
  <element xmi:type="map:Map" href="resource.map#_g8cA0LcYEe-HWORqlyIdiQ?fileId=_g8cA0LcYEe-HWORqlyIdiQ$type=map$name=default?"/>
  <edges xmi:type="notation:Edge" xmi:id="_j4woALcYEe-HWORqlyIdiQ" type="targetLink" source="_hbJ9ILcYEe-HWORqlyIdiQ" target="_jbjuoLcYEe-HWORqlyIdiQ">
    <element xsi:nil="true"/>
    <bendpoints xmi:type="notation:RelativeBendpoints" xmi:id="_j4woAbcYEe-HWORqlyIdiQ" points="[96, 3, -322, -8]$[349, 9, -69, -2]"/>
  </edges>
  <edges xmi:type="notation:Edge" xmi:id="_j4x2ILcYEe-HWORqlyIdiQ" type="targetDataSetLink" source="_hbJ9ILcYEe-HWORqlyIdiQ" target="_hbJ9ILcYEe-HWORqlyIdiQ">
    <element xmi:type="map:DataSet" href="resource.map#_jbh5cLcYEe-HWORqlyIdiQ?fileId=_g8cA0LcYEe-HWORqlyIdiQ$type=map?"/>
    <bendpoints xmi:type="notation:RelativeBendpoints" xmi:id="_j4x2IbcYEe-HWORqlyIdiQ" points="[0, 0, 0, 0]$[0, 0, 0, 0]"/>
  </edges>
  <edges xmi:type="notation:Edge" xmi:id="_j4ydMLcYEe-HWORqlyIdiQ" type="targetSetLink" source="_hbJ9ILcYEe-HWORqlyIdiQ" target="_hbJ9ILcYEe-HWORqlyIdiQ">
    <element xmi:type="map:SetDescriptor" href="resource.map#_j4gwYLcYEe-HWORqlyIdiQ?fileId=_g8cA0LcYEe-HWORqlyIdiQ$type=map?"/>
    <bendpoints xmi:type="notation:RelativeBendpoints" xmi:id="_j4ydMbcYEe-HWORqlyIdiQ" points="[0, 0, 0, 0]$[0, 0, 0, 0]"/>
  </edges>
</notation:Diagram>
]]></diagram>
</map:map>